Normalization auto-check: sampled range [0, 1] -> normalize=False
Samples: train=7736, val=1934, test=0; spectrum_length=131072
Using device=cuda:1, num_workers=8, bin_sizes=[256, 512, 1024, 2048]
Model parameters: 2,802,624
/home/nmrbox/0012/shasharma/Desktop/NMR_Metabolomics/code/training/train_jigsaw_spectra.py:437: FutureWarning: `torch.cuda.amp.autocast(args...)` is deprecated. Please use `torch.amp.autocast('cuda', args...)` instead.
  autocast_context = torch.cuda.amp.autocast() if device.type == "cuda" else nullcontext()
Epoch 1: train_loss=4.5722, train_acc=0.116, val_loss=4.1907, best=4.1907, patience=0/50
Epoch 2: train_loss=4.1440, train_acc=0.186, val_loss=3.9598, best=3.9598, patience=0/50
Epoch 3: train_loss=3.9532, train_acc=0.221, val_loss=3.7804, best=3.7804, patience=0/50
Epoch 4: train_loss=3.7862, train_acc=0.251, val_loss=3.6134, best=3.6134, patience=0/50
Epoch 5: train_loss=3.6363, train_acc=0.273, val_loss=3.4511, best=3.4511, patience=0/50
Epoch 6: train_loss=3.5090, train_acc=0.290, val_loss=3.3192, best=3.3192, patience=0/50
Epoch 7: train_loss=3.4134, train_acc=0.303, val_loss=3.2339, best=3.2339, patience=0/50
Epoch 8: train_loss=3.3429, train_acc=0.313, val_loss=3.1825, best=3.1825, patience=0/50
Epoch 9: train_loss=3.2807, train_acc=0.322, val_loss=3.1247, best=3.1247, patience=0/50
Epoch 10: train_loss=3.2387, train_acc=0.329, val_loss=3.0791, best=3.0791, patience=0/50
Epoch 11: train_loss=3.1865, train_acc=0.336, val_loss=3.0200, best=3.0200, patience=0/50
Epoch 12: train_loss=3.1405, train_acc=0.343, val_loss=3.0018, best=3.0018, patience=0/50
Epoch 13: train_loss=3.1094, train_acc=0.348, val_loss=2.9783, best=2.9783, patience=0/50
Epoch 14: train_loss=3.0800, train_acc=0.352, val_loss=2.9271, best=2.9271, patience=0/50
Epoch 15: train_loss=3.0573, train_acc=0.356, val_loss=2.9199, best=2.9199, patience=0/50
Epoch 16: train_loss=3.0382, train_acc=0.359, val_loss=2.8851, best=2.8851, patience=0/50
Epoch 17: train_loss=3.0181, train_acc=0.362, val_loss=2.8795, best=2.8795, patience=0/50
Epoch 18: train_loss=3.0021, train_acc=0.364, val_loss=2.8648, best=2.8648, patience=0/50
Epoch 19: train_loss=2.9880, train_acc=0.366, val_loss=2.8630, best=2.8630, patience=0/50
Epoch 20: train_loss=2.9791, train_acc=0.368, val_loss=2.8398, best=2.8398, patience=0/50
Epoch 21: train_loss=2.9659, train_acc=0.370, val_loss=2.8296, best=2.8296, patience=0/50
Epoch 22: train_loss=2.9535, train_acc=0.372, val_loss=2.8043, best=2.8043, patience=0/50
Epoch 23: train_loss=2.9457, train_acc=0.374, val_loss=2.8097, best=2.8043, patience=1/50
Epoch 24: train_loss=2.9388, train_acc=0.375, val_loss=2.8129, best=2.8043, patience=2/50
Epoch 25: train_loss=2.9291, train_acc=0.376, val_loss=2.7874, best=2.7874, patience=0/50
Epoch 26: train_loss=2.9222, train_acc=0.377, val_loss=2.7806, best=2.7806, patience=0/50
Epoch 27: train_loss=2.9136, train_acc=0.379, val_loss=2.7757, best=2.7757, patience=0/50
Epoch 28: train_loss=2.9064, train_acc=0.380, val_loss=2.7882, best=2.7757, patience=1/50
Epoch 29: train_loss=2.9007, train_acc=0.381, val_loss=2.7708, best=2.7708, patience=0/50
Epoch 30: train_loss=2.8948, train_acc=0.382, val_loss=2.7607, best=2.7607, patience=0/50
Epoch 31: train_loss=2.8893, train_acc=0.383, val_loss=2.7602, best=2.7602, patience=0/50
Epoch 32: train_loss=2.8836, train_acc=0.384, val_loss=2.7470, best=2.7470, patience=0/50
Epoch 33: train_loss=2.8770, train_acc=0.385, val_loss=2.7795, best=2.7470, patience=1/50
Epoch 34: train_loss=2.8761, train_acc=0.385, val_loss=2.7455, best=2.7455, patience=0/50
Epoch 35: train_loss=2.8691, train_acc=0.386, val_loss=2.7395, best=2.7395, patience=0/50
Epoch 36: train_loss=2.8643, train_acc=0.387, val_loss=2.7432, best=2.7395, patience=1/50
Epoch 37: train_loss=2.8604, train_acc=0.388, val_loss=2.7408, best=2.7395, patience=2/50
Epoch 38: train_loss=2.8544, train_acc=0.389, val_loss=2.7340, best=2.7340, patience=0/50
Epoch 39: train_loss=2.8511, train_acc=0.389, val_loss=2.7296, best=2.7296, patience=0/50
Epoch 40: train_loss=2.8474, train_acc=0.390, val_loss=2.7274, best=2.7274, patience=0/50
Epoch 41: train_loss=2.8454, train_acc=0.390, val_loss=2.7191, best=2.7191, patience=0/50
Epoch 42: train_loss=2.8431, train_acc=0.391, val_loss=2.7108, best=2.7108, patience=0/50
Epoch 43: train_loss=2.8361, train_acc=0.392, val_loss=2.7170, best=2.7108, patience=1/50
Epoch 44: train_loss=2.8345, train_acc=0.392, val_loss=2.7096, best=2.7096, patience=0/50
Epoch 45: train_loss=2.8307, train_acc=0.393, val_loss=2.7171, best=2.7096, patience=1/50
Epoch 46: train_loss=2.8275, train_acc=0.393, val_loss=2.7121, best=2.7096, patience=2/50
Epoch 47: train_loss=2.8260, train_acc=0.394, val_loss=2.7186, best=2.7096, patience=3/50
Epoch 48: train_loss=2.8215, train_acc=0.394, val_loss=2.6979, best=2.6979, patience=0/50
Epoch 49: train_loss=2.8192, train_acc=0.395, val_loss=2.7071, best=2.6979, patience=1/50
Epoch 50: train_loss=2.8168, train_acc=0.395, val_loss=2.6992, best=2.6979, patience=2/50
Epoch 51: train_loss=2.8125, train_acc=0.396, val_loss=2.7075, best=2.6979, patience=3/50
Epoch 52: train_loss=2.8117, train_acc=0.396, val_loss=2.6946, best=2.6946, patience=0/50
Epoch 53: train_loss=2.8089, train_acc=0.396, val_loss=2.6909, best=2.6909, patience=0/50
Epoch 54: train_loss=2.8079, train_acc=0.397, val_loss=2.7053, best=2.6909, patience=1/50
Epoch 55: train_loss=2.8051, train_acc=0.397, val_loss=2.6858, best=2.6858, patience=0/50
Epoch 56: train_loss=2.8032, train_acc=0.397, val_loss=2.6895, best=2.6858, patience=1/50
Epoch 57: train_loss=2.7990, train_acc=0.398, val_loss=2.6987, best=2.6858, patience=2/50
Epoch 58: train_loss=2.7973, train_acc=0.398, val_loss=2.6844, best=2.6844, patience=0/50
Epoch 59: train_loss=2.7959, train_acc=0.399, val_loss=2.6738, best=2.6738, patience=0/50
Epoch 60: train_loss=2.7935, train_acc=0.399, val_loss=2.6714, best=2.6714, patience=0/50
Epoch 61: train_loss=2.7909, train_acc=0.399, val_loss=2.6836, best=2.6714, patience=1/50
Epoch 62: train_loss=2.7892, train_acc=0.400, val_loss=2.6950, best=2.6714, patience=2/50
Epoch 63: train_loss=2.7867, train_acc=0.400, val_loss=2.6674, best=2.6674, patience=0/50
Epoch 64: train_loss=2.7846, train_acc=0.400, val_loss=2.6578, best=2.6578, patience=0/50
Epoch 65: train_loss=2.7840, train_acc=0.400, val_loss=2.6606, best=2.6578, patience=1/50
Epoch 66: train_loss=2.7802, train_acc=0.401, val_loss=2.6734, best=2.6578, patience=2/50
Epoch 67: train_loss=2.7804, train_acc=0.401, val_loss=2.7091, best=2.6578, patience=3/50
Epoch 68: train_loss=2.7777, train_acc=0.401, val_loss=2.6660, best=2.6578, patience=4/50
Epoch 69: train_loss=2.7762, train_acc=0.401, val_loss=2.6654, best=2.6578, patience=5/50
Epoch 70: train_loss=2.7752, train_acc=0.402, val_loss=2.6667, best=2.6578, patience=6/50
Epoch 71: train_loss=2.7720, train_acc=0.402, val_loss=2.6640, best=2.6578, patience=7/50
Epoch 72: train_loss=2.7706, train_acc=0.403, val_loss=2.6571, best=2.6571, patience=0/50
Epoch 73: train_loss=2.7682, train_acc=0.403, val_loss=2.6500, best=2.6500, patience=0/50
Epoch 74: train_loss=2.7668, train_acc=0.403, val_loss=2.6548, best=2.6500, patience=1/50
Epoch 75: train_loss=2.7671, train_acc=0.403, val_loss=2.6566, best=2.6500, patience=2/50
Epoch 76: train_loss=2.7641, train_acc=0.404, val_loss=2.6619, best=2.6500, patience=3/50
Epoch 77: train_loss=2.7632, train_acc=0.404, val_loss=2.6543, best=2.6500, patience=4/50
Epoch 78: train_loss=2.7620, train_acc=0.404, val_loss=2.6808, best=2.6500, patience=5/50
Epoch 79: train_loss=2.7610, train_acc=0.404, val_loss=2.6520, best=2.6500, patience=6/50
Epoch 80: train_loss=2.7573, train_acc=0.404, val_loss=2.6422, best=2.6422, patience=0/50
Epoch 81: train_loss=2.7572, train_acc=0.404, val_loss=2.6479, best=2.6422, patience=1/50
Epoch 82: train_loss=2.7561, train_acc=0.405, val_loss=2.6559, best=2.6422, patience=2/50
Epoch 83: train_loss=2.7539, train_acc=0.405, val_loss=2.6740, best=2.6422, patience=3/50
Epoch 84: train_loss=2.7532, train_acc=0.405, val_loss=2.6649, best=2.6422, patience=4/50
Epoch 85: train_loss=2.7512, train_acc=0.405, val_loss=2.6415, best=2.6415, patience=0/50
Epoch 86: train_loss=2.7507, train_acc=0.406, val_loss=2.6564, best=2.6415, patience=1/50
Epoch 87: train_loss=2.7491, train_acc=0.406, val_loss=2.6637, best=2.6415, patience=2/50
Epoch 88: train_loss=2.7489, train_acc=0.406, val_loss=2.6421, best=2.6415, patience=3/50
Epoch 89: train_loss=2.7462, train_acc=0.406, val_loss=2.6456, best=2.6415, patience=4/50
Epoch 90: train_loss=2.7463, train_acc=0.406, val_loss=2.6400, best=2.6400, patience=0/50
Epoch 91: train_loss=2.7455, train_acc=0.406, val_loss=2.6420, best=2.6400, patience=1/50
Epoch 92: train_loss=2.7416, train_acc=0.407, val_loss=2.6358, best=2.6358, patience=0/50
Epoch 93: train_loss=2.7423, train_acc=0.407, val_loss=2.6367, best=2.6358, patience=1/50
Epoch 94: train_loss=2.7413, train_acc=0.407, val_loss=2.6319, best=2.6319, patience=0/50
Epoch 95: train_loss=2.7387, train_acc=0.407, val_loss=2.6423, best=2.6319, patience=1/50
Epoch 96: train_loss=2.7398, train_acc=0.407, val_loss=2.6442, best=2.6319, patience=2/50
Epoch 97: train_loss=2.7382, train_acc=0.407, val_loss=2.6431, best=2.6319, patience=3/50
Epoch 98: train_loss=2.7359, train_acc=0.408, val_loss=2.6282, best=2.6282, patience=0/50
Epoch 99: train_loss=2.7369, train_acc=0.408, val_loss=2.6334, best=2.6282, patience=1/50
Epoch 100: train_loss=2.7336, train_acc=0.408, val_loss=2.6266, best=2.6266, patience=0/50
Epoch 101: train_loss=2.7322, train_acc=0.408, val_loss=2.6331, best=2.6266, patience=1/50
Epoch 102: train_loss=2.7322, train_acc=0.408, val_loss=2.6437, best=2.6266, patience=2/50
Epoch 103: train_loss=2.7324, train_acc=0.409, val_loss=2.6343, best=2.6266, patience=3/50
Epoch 104: train_loss=2.7306, train_acc=0.409, val_loss=2.6290, best=2.6266, patience=4/50
Epoch 105: train_loss=2.7284, train_acc=0.409, val_loss=2.6275, best=2.6266, patience=5/50
Epoch 106: train_loss=2.7291, train_acc=0.409, val_loss=2.6347, best=2.6266, patience=6/50
Epoch 107: train_loss=2.7281, train_acc=0.409, val_loss=2.6263, best=2.6263, patience=0/50
Epoch 108: train_loss=2.7273, train_acc=0.409, val_loss=2.6407, best=2.6263, patience=1/50
Epoch 109: train_loss=2.7261, train_acc=0.409, val_loss=2.6299, best=2.6263, patience=2/50
Epoch 110: train_loss=2.7252, train_acc=0.409, val_loss=2.6211, best=2.6211, patience=0/50
Epoch 111: train_loss=2.7245, train_acc=0.410, val_loss=2.6327, best=2.6211, patience=1/50
Epoch 112: train_loss=2.7229, train_acc=0.410, val_loss=2.6292, best=2.6211, patience=2/50
Epoch 113: train_loss=2.7218, train_acc=0.410, val_loss=2.6270, best=2.6211, patience=3/50
Epoch 114: train_loss=2.7224, train_acc=0.410, val_loss=2.6281, best=2.6211, patience=4/50
Epoch 115: train_loss=2.7206, train_acc=0.410, val_loss=2.6215, best=2.6211, patience=5/50
Epoch 116: train_loss=2.7187, train_acc=0.410, val_loss=2.6359, best=2.6211, patience=6/50
Epoch 117: train_loss=2.7180, train_acc=0.411, val_loss=2.6259, best=2.6211, patience=7/50
Epoch 118: train_loss=2.7184, train_acc=0.411, val_loss=2.6274, best=2.6211, patience=8/50
Epoch 119: train_loss=2.7172, train_acc=0.411, val_loss=2.6265, best=2.6211, patience=9/50
Epoch 120: train_loss=2.7172, train_acc=0.411, val_loss=2.6236, best=2.6211, patience=10/50
Epoch 121: train_loss=2.7158, train_acc=0.411, val_loss=2.6397, best=2.6211, patience=11/50
Epoch 122: train_loss=2.7148, train_acc=0.411, val_loss=2.6343, best=2.6211, patience=12/50
Epoch 123: train_loss=2.7135, train_acc=0.411, val_loss=2.6249, best=2.6211, patience=13/50
Epoch 124: train_loss=2.7132, train_acc=0.411, val_loss=2.6313, best=2.6211, patience=14/50
Epoch 125: train_loss=2.7111, train_acc=0.411, val_loss=2.6220, best=2.6211, patience=15/50
Epoch 126: train_loss=2.7119, train_acc=0.412, val_loss=2.6240, best=2.6211, patience=16/50
Epoch 127: train_loss=2.7105, train_acc=0.412, val_loss=2.6229, best=2.6211, patience=17/50
Epoch 128: train_loss=2.7085, train_acc=0.412, val_loss=2.6202, best=2.6202, patience=0/50
Epoch 129: train_loss=2.7094, train_acc=0.412, val_loss=2.6173, best=2.6173, patience=0/50
Epoch 130: train_loss=2.7075, train_acc=0.413, val_loss=2.6204, best=2.6173, patience=1/50
Epoch 131: train_loss=2.7064, train_acc=0.413, val_loss=2.6264, best=2.6173, patience=2/50
Epoch 132: train_loss=2.7079, train_acc=0.412, val_loss=2.6271, best=2.6173, patience=3/50
Epoch 133: train_loss=2.7064, train_acc=0.413, val_loss=2.6079, best=2.6079, patience=0/50
Epoch 134: train_loss=2.7054, train_acc=0.413, val_loss=2.6132, best=2.6079, patience=1/50
Epoch 135: train_loss=2.7044, train_acc=0.413, val_loss=2.6097, best=2.6079, patience=2/50
Epoch 136: train_loss=2.7046, train_acc=0.413, val_loss=2.6141, best=2.6079, patience=3/50
Epoch 137: train_loss=2.7024, train_acc=0.413, val_loss=2.6112, best=2.6079, patience=4/50
Epoch 138: train_loss=2.7021, train_acc=0.413, val_loss=2.6117, best=2.6079, patience=5/50
Epoch 139: train_loss=2.7012, train_acc=0.413, val_loss=2.6103, best=2.6079, patience=6/50
Epoch 140: train_loss=2.7001, train_acc=0.414, val_loss=2.6053, best=2.6053, patience=0/50
Epoch 141: train_loss=2.7006, train_acc=0.414, val_loss=2.6271, best=2.6053, patience=1/50
Epoch 142: train_loss=2.7007, train_acc=0.414, val_loss=2.6102, best=2.6053, patience=2/50
Epoch 143: train_loss=2.7000, train_acc=0.414, val_loss=2.6060, best=2.6053, patience=3/50
Epoch 144: train_loss=2.6987, train_acc=0.414, val_loss=2.6103, best=2.6053, patience=4/50
Epoch 145: train_loss=2.6987, train_acc=0.414, val_loss=2.6173, best=2.6053, patience=5/50
Epoch 146: train_loss=2.6981, train_acc=0.414, val_loss=2.6110, best=2.6053, patience=6/50
Epoch 147: train_loss=2.6967, train_acc=0.414, val_loss=2.6102, best=2.6053, patience=7/50
Epoch 148: train_loss=2.6942, train_acc=0.414, val_loss=2.6163, best=2.6053, patience=8/50
Epoch 149: train_loss=2.6947, train_acc=0.415, val_loss=2.6104, best=2.6053, patience=9/50
Epoch 150: train_loss=2.6955, train_acc=0.414, val_loss=2.6043, best=2.6043, patience=0/50
Epoch 151: train_loss=2.6934, train_acc=0.414, val_loss=2.6104, best=2.6043, patience=1/50
Epoch 152: train_loss=2.6927, train_acc=0.415, val_loss=2.6066, best=2.6043, patience=2/50
Epoch 153: train_loss=2.6917, train_acc=0.415, val_loss=2.6204, best=2.6043, patience=3/50
Epoch 154: train_loss=2.6919, train_acc=0.415, val_loss=2.6017, best=2.6017, patience=0/50
Epoch 155: train_loss=2.6899, train_acc=0.415, val_loss=2.6031, best=2.6017, patience=1/50
Epoch 156: train_loss=2.6900, train_acc=0.415, val_loss=2.6109, best=2.6017, patience=2/50
Epoch 157: train_loss=2.6899, train_acc=0.415, val_loss=2.6079, best=2.6017, patience=3/50
Epoch 158: train_loss=2.6893, train_acc=0.415, val_loss=2.6271, best=2.6017, patience=4/50
Epoch 159: train_loss=2.6873, train_acc=0.415, val_loss=2.6017, best=2.6017, patience=0/50
Epoch 160: train_loss=2.6879, train_acc=0.416, val_loss=2.6079, best=2.6017, patience=1/50
Epoch 161: train_loss=2.6866, train_acc=0.416, val_loss=2.6033, best=2.6017, patience=2/50
Epoch 162: train_loss=2.6864, train_acc=0.415, val_loss=2.5998, best=2.5998, patience=0/50
Epoch 163: train_loss=2.6850, train_acc=0.416, val_loss=2.6159, best=2.5998, patience=1/50
Epoch 164: train_loss=2.6854, train_acc=0.416, val_loss=2.6004, best=2.5998, patience=2/50
Epoch 165: train_loss=2.6839, train_acc=0.416, val_loss=2.5966, best=2.5966, patience=0/50
Epoch 166: train_loss=2.6834, train_acc=0.416, val_loss=2.6049, best=2.5966, patience=1/50
Epoch 167: train_loss=2.6830, train_acc=0.416, val_loss=2.6070, best=2.5966, patience=2/50
Epoch 168: train_loss=2.6825, train_acc=0.416, val_loss=2.6022, best=2.5966, patience=3/50
Epoch 169: train_loss=2.6808, train_acc=0.417, val_loss=2.6114, best=2.5966, patience=4/50
Epoch 170: train_loss=2.6814, train_acc=0.417, val_loss=2.5997, best=2.5966, patience=5/50
Epoch 171: train_loss=2.6819, train_acc=0.417, val_loss=2.6001, best=2.5966, patience=6/50
Epoch 172: train_loss=2.6794, train_acc=0.417, val_loss=2.6029, best=2.5966, patience=7/50
Epoch 173: train_loss=2.6787, train_acc=0.417, val_loss=2.5988, best=2.5966, patience=8/50
Epoch 174: train_loss=2.6782, train_acc=0.417, val_loss=2.5932, best=2.5932, patience=0/50
Epoch 175: train_loss=2.6780, train_acc=0.417, val_loss=2.5926, best=2.5926, patience=0/50
Epoch 176: train_loss=2.6777, train_acc=0.417, val_loss=2.6056, best=2.5926, patience=1/50
Epoch 177: train_loss=2.6763, train_acc=0.417, val_loss=2.5924, best=2.5924, patience=0/50
Epoch 178: train_loss=2.6756, train_acc=0.417, val_loss=2.6014, best=2.5924, patience=1/50
Epoch 179: train_loss=2.6762, train_acc=0.417, val_loss=2.5999, best=2.5924, patience=2/50
Epoch 180: train_loss=2.6752, train_acc=0.418, val_loss=2.5998, best=2.5924, patience=3/50
Epoch 181: train_loss=2.6745, train_acc=0.417, val_loss=2.5954, best=2.5924, patience=4/50
Epoch 182: train_loss=2.6757, train_acc=0.417, val_loss=2.5934, best=2.5924, patience=5/50
Epoch 183: train_loss=2.6720, train_acc=0.418, val_loss=2.6012, best=2.5924, patience=6/50
Epoch 184: train_loss=2.6725, train_acc=0.418, val_loss=2.5933, best=2.5924, patience=7/50
Epoch 185: train_loss=2.6716, train_acc=0.418, val_loss=2.5897, best=2.5897, patience=0/50
Epoch 186: train_loss=2.6716, train_acc=0.418, val_loss=2.5983, best=2.5897, patience=1/50
Epoch 187: train_loss=2.6700, train_acc=0.418, val_loss=2.5975, best=2.5897, patience=2/50
Epoch 188: train_loss=2.6699, train_acc=0.418, val_loss=2.5977, best=2.5897, patience=3/50
Epoch 189: train_loss=2.6691, train_acc=0.418, val_loss=2.5909, best=2.5897, patience=4/50
Epoch 190: train_loss=2.6692, train_acc=0.419, val_loss=2.5919, best=2.5897, patience=5/50
Epoch 191: train_loss=2.6684, train_acc=0.419, val_loss=2.5958, best=2.5897, patience=6/50
Epoch 192: train_loss=2.6669, train_acc=0.419, val_loss=2.6056, best=2.5897, patience=7/50
Epoch 193: train_loss=2.6661, train_acc=0.419, val_loss=2.5896, best=2.5896, patience=0/50
Epoch 194: train_loss=2.6666, train_acc=0.419, val_loss=2.5970, best=2.5896, patience=1/50
Epoch 195: train_loss=2.6651, train_acc=0.419, val_loss=2.5911, best=2.5896, patience=2/50
Epoch 196: train_loss=2.6648, train_acc=0.419, val_loss=2.5929, best=2.5896, patience=3/50
Epoch 197: train_loss=2.6643, train_acc=0.419, val_loss=2.5927, best=2.5896, patience=4/50
Epoch 198: train_loss=2.6650, train_acc=0.419, val_loss=2.5839, best=2.5839, patience=0/50
Epoch 199: train_loss=2.6636, train_acc=0.419, val_loss=2.5859, best=2.5839, patience=1/50
Epoch 200: train_loss=2.6625, train_acc=0.419, val_loss=2.5884, best=2.5839, patience=2/50
Epoch 201: train_loss=2.6618, train_acc=0.420, val_loss=2.5827, best=2.5827, patience=0/50
Epoch 202: train_loss=2.6619, train_acc=0.419, val_loss=2.5897, best=2.5827, patience=1/50
Epoch 203: train_loss=2.6606, train_acc=0.420, val_loss=2.5868, best=2.5827, patience=2/50
Epoch 204: train_loss=2.6602, train_acc=0.420, val_loss=2.5846, best=2.5827, patience=3/50
Epoch 205: train_loss=2.6589, train_acc=0.420, val_loss=2.5861, best=2.5827, patience=4/50
Epoch 206: train_loss=2.6591, train_acc=0.420, val_loss=2.5896, best=2.5827, patience=5/50
Epoch 207: train_loss=2.6586, train_acc=0.420, val_loss=2.5931, best=2.5827, patience=6/50
Epoch 208: train_loss=2.6588, train_acc=0.420, val_loss=2.5939, best=2.5827, patience=7/50
Epoch 209: train_loss=2.6569, train_acc=0.420, val_loss=2.5918, best=2.5827, patience=8/50
Epoch 210: train_loss=2.6571, train_acc=0.420, val_loss=2.5899, best=2.5827, patience=9/50
Epoch 211: train_loss=2.6564, train_acc=0.421, val_loss=2.5841, best=2.5827, patience=10/50
Epoch 212: train_loss=2.6560, train_acc=0.421, val_loss=2.5807, best=2.5807, patience=0/50
Epoch 213: train_loss=2.6552, train_acc=0.421, val_loss=2.5933, best=2.5807, patience=1/50
Epoch 214: train_loss=2.6550, train_acc=0.421, val_loss=2.5891, best=2.5807, patience=2/50
Epoch 215: train_loss=2.6540, train_acc=0.421, val_loss=2.5901, best=2.5807, patience=3/50
Epoch 216: train_loss=2.6537, train_acc=0.421, val_loss=2.5724, best=2.5724, patience=0/50
Epoch 217: train_loss=2.6534, train_acc=0.421, val_loss=2.5999, best=2.5724, patience=1/50
Epoch 218: train_loss=2.6527, train_acc=0.421, val_loss=2.5776, best=2.5724, patience=2/50
Epoch 219: train_loss=2.6519, train_acc=0.421, val_loss=2.5726, best=2.5724, patience=3/50
Epoch 220: train_loss=2.6511, train_acc=0.421, val_loss=2.5798, best=2.5724, patience=4/50
Epoch 221: train_loss=2.6514, train_acc=0.421, val_loss=2.5844, best=2.5724, patience=5/50
Epoch 222: train_loss=2.6508, train_acc=0.421, val_loss=2.5895, best=2.5724, patience=6/50
Epoch 223: train_loss=2.6501, train_acc=0.422, val_loss=2.5832, best=2.5724, patience=7/50
Epoch 224: train_loss=2.6494, train_acc=0.421, val_loss=2.5748, best=2.5724, patience=8/50
Epoch 225: train_loss=2.6483, train_acc=0.422, val_loss=2.5854, best=2.5724, patience=9/50
Epoch 226: train_loss=2.6482, train_acc=0.422, val_loss=2.5772, best=2.5724, patience=10/50
Epoch 227: train_loss=2.6479, train_acc=0.422, val_loss=2.5797, best=2.5724, patience=11/50
Epoch 228: train_loss=2.6470, train_acc=0.422, val_loss=2.5834, best=2.5724, patience=12/50
Epoch 229: train_loss=2.6464, train_acc=0.422, val_loss=2.5808, best=2.5724, patience=13/50
Epoch 230: train_loss=2.6462, train_acc=0.422, val_loss=2.5805, best=2.5724, patience=14/50
Epoch 231: train_loss=2.6450, train_acc=0.422, val_loss=2.5745, best=2.5724, patience=15/50
Epoch 232: train_loss=2.6456, train_acc=0.422, val_loss=2.5771, best=2.5724, patience=16/50
Epoch 233: train_loss=2.6445, train_acc=0.422, val_loss=2.5744, best=2.5724, patience=17/50
Epoch 234: train_loss=2.6439, train_acc=0.422, val_loss=2.5762, best=2.5724, patience=18/50
Epoch 235: train_loss=2.6435, train_acc=0.423, val_loss=2.5752, best=2.5724, patience=19/50
Epoch 236: train_loss=2.6430, train_acc=0.423, val_loss=2.5828, best=2.5724, patience=20/50
Epoch 237: train_loss=2.6426, train_acc=0.423, val_loss=2.5746, best=2.5724, patience=21/50
Epoch 238: train_loss=2.6419, train_acc=0.423, val_loss=2.5773, best=2.5724, patience=22/50
Epoch 239: train_loss=2.6409, train_acc=0.423, val_loss=2.5739, best=2.5724, patience=23/50
Epoch 240: train_loss=2.6403, train_acc=0.423, val_loss=2.5829, best=2.5724, patience=24/50
Epoch 241: train_loss=2.6403, train_acc=0.423, val_loss=2.5723, best=2.5723, patience=0/50
Epoch 242: train_loss=2.6391, train_acc=0.423, val_loss=2.5798, best=2.5723, patience=1/50
Epoch 243: train_loss=2.6390, train_acc=0.423, val_loss=2.5728, best=2.5723, patience=2/50
Epoch 244: train_loss=2.6386, train_acc=0.423, val_loss=2.5768, best=2.5723, patience=3/50
Epoch 245: train_loss=2.6378, train_acc=0.423, val_loss=2.5833, best=2.5723, patience=4/50
Epoch 246: train_loss=2.6381, train_acc=0.423, val_loss=2.5711, best=2.5711, patience=0/50
Epoch 247: train_loss=2.6368, train_acc=0.424, val_loss=2.5834, best=2.5711, patience=1/50
Epoch 248: train_loss=2.6359, train_acc=0.424, val_loss=2.5794, best=2.5711, patience=2/50
Epoch 249: train_loss=2.6349, train_acc=0.424, val_loss=2.5758, best=2.5711, patience=3/50
Epoch 250: train_loss=2.6354, train_acc=0.424, val_loss=2.5726, best=2.5711, patience=4/50
Epoch 251: train_loss=2.6354, train_acc=0.424, val_loss=2.5701, best=2.5701, patience=0/50
Epoch 252: train_loss=2.6348, train_acc=0.424, val_loss=2.5742, best=2.5701, patience=1/50
Epoch 253: train_loss=2.6337, train_acc=0.424, val_loss=2.5674, best=2.5674, patience=0/50
Epoch 254: train_loss=2.6334, train_acc=0.424, val_loss=2.5788, best=2.5674, patience=1/50
Epoch 255: train_loss=2.6325, train_acc=0.424, val_loss=2.5746, best=2.5674, patience=2/50
Epoch 256: train_loss=2.6326, train_acc=0.425, val_loss=2.5771, best=2.5674, patience=3/50
Epoch 257: train_loss=2.6321, train_acc=0.424, val_loss=2.5738, best=2.5674, patience=4/50
Epoch 258: train_loss=2.6314, train_acc=0.424, val_loss=2.5693, best=2.5674, patience=5/50
Epoch 259: train_loss=2.6311, train_acc=0.425, val_loss=2.5660, best=2.5660, patience=0/50
Epoch 260: train_loss=2.6304, train_acc=0.425, val_loss=2.5731, best=2.5660, patience=1/50
Epoch 261: train_loss=2.6302, train_acc=0.425, val_loss=2.5691, best=2.5660, patience=2/50
Epoch 262: train_loss=2.6296, train_acc=0.425, val_loss=2.5689, best=2.5660, patience=3/50
Epoch 263: train_loss=2.6291, train_acc=0.425, val_loss=2.5758, best=2.5660, patience=4/50
Epoch 264: train_loss=2.6287, train_acc=0.425, val_loss=2.5688, best=2.5660, patience=5/50
Epoch 265: train_loss=2.6280, train_acc=0.425, val_loss=2.5687, best=2.5660, patience=6/50
Epoch 266: train_loss=2.6281, train_acc=0.425, val_loss=2.5712, best=2.5660, patience=7/50
Epoch 267: train_loss=2.6271, train_acc=0.425, val_loss=2.5804, best=2.5660, patience=8/50
Epoch 268: train_loss=2.6273, train_acc=0.425, val_loss=2.5720, best=2.5660, patience=9/50
Epoch 269: train_loss=2.6262, train_acc=0.425, val_loss=2.5703, best=2.5660, patience=10/50
Epoch 270: train_loss=2.6260, train_acc=0.425, val_loss=2.5695, best=2.5660, patience=11/50
Epoch 271: train_loss=2.6256, train_acc=0.425, val_loss=2.5692, best=2.5660, patience=12/50
Epoch 272: train_loss=2.6250, train_acc=0.426, val_loss=2.5717, best=2.5660, patience=13/50
Epoch 273: train_loss=2.6247, train_acc=0.426, val_loss=2.5683, best=2.5660, patience=14/50
Epoch 274: train_loss=2.6239, train_acc=0.426, val_loss=2.5699, best=2.5660, patience=15/50
Epoch 275: train_loss=2.6241, train_acc=0.426, val_loss=2.5657, best=2.5657, patience=0/50
Epoch 276: train_loss=2.6231, train_acc=0.426, val_loss=2.5638, best=2.5638, patience=0/50
Epoch 277: train_loss=2.6226, train_acc=0.426, val_loss=2.5657, best=2.5638, patience=1/50
Epoch 278: train_loss=2.6222, train_acc=0.426, val_loss=2.5663, best=2.5638, patience=2/50
Epoch 279: train_loss=2.6224, train_acc=0.426, val_loss=2.5689, best=2.5638, patience=3/50
Epoch 280: train_loss=2.6216, train_acc=0.426, val_loss=2.5699, best=2.5638, patience=4/50
Epoch 281: train_loss=2.6212, train_acc=0.426, val_loss=2.5696, best=2.5638, patience=5/50
Epoch 282: train_loss=2.6209, train_acc=0.426, val_loss=2.5689, best=2.5638, patience=6/50
Epoch 283: train_loss=2.6202, train_acc=0.426, val_loss=2.5737, best=2.5638, patience=7/50
Epoch 284: train_loss=2.6202, train_acc=0.427, val_loss=2.5615, best=2.5615, patience=0/50
Epoch 285: train_loss=2.6195, train_acc=0.426, val_loss=2.5641, best=2.5615, patience=1/50
Epoch 286: train_loss=2.6191, train_acc=0.427, val_loss=2.5671, best=2.5615, patience=2/50
Epoch 287: train_loss=2.6188, train_acc=0.427, val_loss=2.5608, best=2.5608, patience=0/50
Epoch 288: train_loss=2.6185, train_acc=0.427, val_loss=2.5691, best=2.5608, patience=1/50
Epoch 289: train_loss=2.6178, train_acc=0.427, val_loss=2.5729, best=2.5608, patience=2/50
Epoch 290: train_loss=2.6177, train_acc=0.427, val_loss=2.5644, best=2.5608, patience=3/50
Epoch 291: train_loss=2.6173, train_acc=0.427, val_loss=2.5626, best=2.5608, patience=4/50
Epoch 292: train_loss=2.6167, train_acc=0.427, val_loss=2.5657, best=2.5608, patience=5/50
Epoch 293: train_loss=2.6163, train_acc=0.427, val_loss=2.5635, best=2.5608, patience=6/50
Epoch 294: train_loss=2.6153, train_acc=0.427, val_loss=2.5632, best=2.5608, patience=7/50
Epoch 295: train_loss=2.6157, train_acc=0.427, val_loss=2.5723, best=2.5608, patience=8/50
Epoch 296: train_loss=2.6152, train_acc=0.427, val_loss=2.5604, best=2.5604, patience=0/50
Epoch 297: train_loss=2.6148, train_acc=0.427, val_loss=2.5632, best=2.5604, patience=1/50
Epoch 298: train_loss=2.6148, train_acc=0.427, val_loss=2.5672, best=2.5604, patience=2/50
Epoch 299: train_loss=2.6137, train_acc=0.428, val_loss=2.5622, best=2.5604, patience=3/50
Epoch 300: train_loss=2.6133, train_acc=0.427, val_loss=2.5616, best=2.5604, patience=4/50
Epoch 301: train_loss=2.6130, train_acc=0.427, val_loss=2.5617, best=2.5604, patience=5/50
Epoch 302: train_loss=2.6126, train_acc=0.428, val_loss=2.5590, best=2.5590, patience=0/50
Epoch 303: train_loss=2.6125, train_acc=0.428, val_loss=2.5580, best=2.5580, patience=0/50
Epoch 304: train_loss=2.6119, train_acc=0.428, val_loss=2.5607, best=2.5580, patience=1/50
Epoch 305: train_loss=2.6115, train_acc=0.428, val_loss=2.5663, best=2.5580, patience=2/50
Epoch 306: train_loss=2.6111, train_acc=0.428, val_loss=2.5624, best=2.5580, patience=3/50
Epoch 307: train_loss=2.6106, train_acc=0.428, val_loss=2.5599, best=2.5580, patience=4/50
Epoch 308: train_loss=2.6110, train_acc=0.428, val_loss=2.5639, best=2.5580, patience=5/50
Epoch 309: train_loss=2.6101, train_acc=0.428, val_loss=2.5649, best=2.5580, patience=6/50
Epoch 310: train_loss=2.6098, train_acc=0.428, val_loss=2.5641, best=2.5580, patience=7/50
Epoch 311: train_loss=2.6095, train_acc=0.428, val_loss=2.5594, best=2.5580, patience=8/50
Epoch 312: train_loss=2.6088, train_acc=0.428, val_loss=2.5595, best=2.5580, patience=9/50
Epoch 313: train_loss=2.6086, train_acc=0.428, val_loss=2.5567, best=2.5567, patience=0/50
Epoch 314: train_loss=2.6084, train_acc=0.428, val_loss=2.5560, best=2.5560, patience=0/50
Epoch 315: train_loss=2.6081, train_acc=0.428, val_loss=2.5585, best=2.5560, patience=1/50
Epoch 316: train_loss=2.6082, train_acc=0.428, val_loss=2.5587, best=2.5560, patience=2/50
Epoch 317: train_loss=2.6076, train_acc=0.428, val_loss=2.5586, best=2.5560, patience=3/50
Epoch 318: train_loss=2.6069, train_acc=0.429, val_loss=2.5621, best=2.5560, patience=4/50
Epoch 319: train_loss=2.6066, train_acc=0.429, val_loss=2.5557, best=2.5557, patience=0/50
Epoch 320: train_loss=2.6065, train_acc=0.429, val_loss=2.5542, best=2.5542, patience=0/50
Epoch 321: train_loss=2.6063, train_acc=0.429, val_loss=2.5614, best=2.5542, patience=1/50
Epoch 322: train_loss=2.6057, train_acc=0.429, val_loss=2.5604, best=2.5542, patience=2/50
Epoch 323: train_loss=2.6055, train_acc=0.429, val_loss=2.5577, best=2.5542, patience=3/50
Epoch 324: train_loss=2.6053, train_acc=0.429, val_loss=2.5578, best=2.5542, patience=4/50
Epoch 325: train_loss=2.6049, train_acc=0.429, val_loss=2.5622, best=2.5542, patience=5/50
Epoch 326: train_loss=2.6045, train_acc=0.429, val_loss=2.5599, best=2.5542, patience=6/50
Epoch 327: train_loss=2.6042, train_acc=0.429, val_loss=2.5571, best=2.5542, patience=7/50
Epoch 328: train_loss=2.6039, train_acc=0.429, val_loss=2.5583, best=2.5542, patience=8/50
Epoch 329: train_loss=2.6039, train_acc=0.429, val_loss=2.5548, best=2.5542, patience=9/50
Epoch 330: train_loss=2.6036, train_acc=0.429, val_loss=2.5628, best=2.5542, patience=10/50
Epoch 331: train_loss=2.6035, train_acc=0.429, val_loss=2.5583, best=2.5542, patience=11/50
Epoch 332: train_loss=2.6030, train_acc=0.429, val_loss=2.5560, best=2.5542, patience=12/50
Epoch 333: train_loss=2.6024, train_acc=0.429, val_loss=2.5571, best=2.5542, patience=13/50
Epoch 334: train_loss=2.6029, train_acc=0.429, val_loss=2.5616, best=2.5542, patience=14/50
Epoch 335: train_loss=2.6022, train_acc=0.429, val_loss=2.5507, best=2.5507, patience=0/50
Epoch 336: train_loss=2.6021, train_acc=0.429, val_loss=2.5592, best=2.5507, patience=1/50
Epoch 337: train_loss=2.6018, train_acc=0.429, val_loss=2.5573, best=2.5507, patience=2/50
Epoch 338: train_loss=2.6016, train_acc=0.429, val_loss=2.5576, best=2.5507, patience=3/50
Epoch 339: train_loss=2.6009, train_acc=0.429, val_loss=2.5559, best=2.5507, patience=4/50
Epoch 340: train_loss=2.6011, train_acc=0.429, val_loss=2.5538, best=2.5507, patience=5/50
Epoch 341: train_loss=2.6007, train_acc=0.429, val_loss=2.5600, best=2.5507, patience=6/50
Epoch 342: train_loss=2.6002, train_acc=0.430, val_loss=2.5525, best=2.5507, patience=7/50
Epoch 343: train_loss=2.5999, train_acc=0.430, val_loss=2.5571, best=2.5507, patience=8/50
Epoch 344: train_loss=2.5998, train_acc=0.430, val_loss=2.5505, best=2.5505, patience=0/50
Epoch 345: train_loss=2.5993, train_acc=0.430, val_loss=2.5525, best=2.5505, patience=1/50
Epoch 346: train_loss=2.5995, train_acc=0.430, val_loss=2.5540, best=2.5505, patience=2/50
Epoch 347: train_loss=2.5996, train_acc=0.430, val_loss=2.5521, best=2.5505, patience=3/50
Epoch 348: train_loss=2.5988, train_acc=0.430, val_loss=2.5583, best=2.5505, patience=4/50
Epoch 349: train_loss=2.5985, train_acc=0.430, val_loss=2.5514, best=2.5505, patience=5/50
Epoch 350: train_loss=2.5988, train_acc=0.430, val_loss=2.5549, best=2.5505, patience=6/50
Epoch 351: train_loss=2.5984, train_acc=0.430, val_loss=2.5582, best=2.5505, patience=7/50
Epoch 352: train_loss=2.5984, train_acc=0.430, val_loss=2.5529, best=2.5505, patience=8/50
Epoch 353: train_loss=2.5982, train_acc=0.430, val_loss=2.5528, best=2.5505, patience=9/50
Epoch 354: train_loss=2.5979, train_acc=0.430, val_loss=2.5525, best=2.5505, patience=10/50
Epoch 355: train_loss=2.5974, train_acc=0.430, val_loss=2.5544, best=2.5505, patience=11/50
Epoch 356: train_loss=2.5976, train_acc=0.430, val_loss=2.5575, best=2.5505, patience=12/50
Epoch 357: train_loss=2.5974, train_acc=0.430, val_loss=2.5522, best=2.5505, patience=13/50
Epoch 358: train_loss=2.5971, train_acc=0.430, val_loss=2.5524, best=2.5505, patience=14/50
Epoch 359: train_loss=2.5967, train_acc=0.430, val_loss=2.5550, best=2.5505, patience=15/50
Epoch 360: train_loss=2.5968, train_acc=0.430, val_loss=2.5522, best=2.5505, patience=16/50
Epoch 361: train_loss=2.5965, train_acc=0.430, val_loss=2.5521, best=2.5505, patience=17/50
Epoch 362: train_loss=2.5964, train_acc=0.430, val_loss=2.5542, best=2.5505, patience=18/50
Epoch 363: train_loss=2.5966, train_acc=0.430, val_loss=2.5528, best=2.5505, patience=19/50
Epoch 364: train_loss=2.5962, train_acc=0.430, val_loss=2.5502, best=2.5502, patience=0/50
Epoch 365: train_loss=2.5960, train_acc=0.430, val_loss=2.5555, best=2.5502, patience=1/50
Epoch 366: train_loss=2.5957, train_acc=0.430, val_loss=2.5549, best=2.5502, patience=2/50
Epoch 367: train_loss=2.5959, train_acc=0.430, val_loss=2.5547, best=2.5502, patience=3/50
Epoch 368: train_loss=2.5955, train_acc=0.431, val_loss=2.5519, best=2.5502, patience=4/50
Epoch 369: train_loss=2.5952, train_acc=0.431, val_loss=2.5532, best=2.5502, patience=5/50
Epoch 370: train_loss=2.5953, train_acc=0.430, val_loss=2.5549, best=2.5502, patience=6/50
Epoch 371: train_loss=2.5954, train_acc=0.430, val_loss=2.5553, best=2.5502, patience=7/50
Epoch 372: train_loss=2.5950, train_acc=0.430, val_loss=2.5532, best=2.5502, patience=8/50
Epoch 373: train_loss=2.5951, train_acc=0.431, val_loss=2.5527, best=2.5502, patience=9/50
Epoch 374: train_loss=2.5950, train_acc=0.430, val_loss=2.5533, best=2.5502, patience=10/50
Epoch 375: train_loss=2.5948, train_acc=0.431, val_loss=2.5541, best=2.5502, patience=11/50
Epoch 376: train_loss=2.5946, train_acc=0.431, val_loss=2.5525, best=2.5502, patience=12/50
Epoch 377: train_loss=2.5945, train_acc=0.431, val_loss=2.5519, best=2.5502, patience=13/50
Epoch 378: train_loss=2.5944, train_acc=0.431, val_loss=2.5533, best=2.5502, patience=14/50
Epoch 379: train_loss=2.5945, train_acc=0.431, val_loss=2.5517, best=2.5502, patience=15/50
Epoch 380: train_loss=2.5941, train_acc=0.431, val_loss=2.5531, best=2.5502, patience=16/50
Epoch 381: train_loss=2.5941, train_acc=0.431, val_loss=2.5523, best=2.5502, patience=17/50
Epoch 382: train_loss=2.5940, train_acc=0.431, val_loss=2.5537, best=2.5502, patience=18/50
Epoch 383: train_loss=2.5939, train_acc=0.431, val_loss=2.5512, best=2.5502, patience=19/50
Epoch 384: train_loss=2.5937, train_acc=0.431, val_loss=2.5518, best=2.5502, patience=20/50
Epoch 385: train_loss=2.5936, train_acc=0.431, val_loss=2.5526, best=2.5502, patience=21/50
Epoch 386: train_loss=2.5937, train_acc=0.431, val_loss=2.5529, best=2.5502, patience=22/50
Epoch 387: train_loss=2.5941, train_acc=0.431, val_loss=2.5516, best=2.5502, patience=23/50
Epoch 388: train_loss=2.5935, train_acc=0.431, val_loss=2.5525, best=2.5502, patience=24/50
Epoch 389: train_loss=2.5936, train_acc=0.431, val_loss=2.5522, best=2.5502, patience=25/50
Epoch 390: train_loss=2.5935, train_acc=0.431, val_loss=2.5525, best=2.5502, patience=26/50
Epoch 391: train_loss=2.5936, train_acc=0.431, val_loss=2.5524, best=2.5502, patience=27/50
Epoch 392: train_loss=2.5932, train_acc=0.431, val_loss=2.5503, best=2.5502, patience=28/50
Epoch 393: train_loss=2.5935, train_acc=0.431, val_loss=2.5523, best=2.5502, patience=29/50
Epoch 394: train_loss=2.5934, train_acc=0.431, val_loss=2.5528, best=2.5502, patience=30/50
Epoch 395: train_loss=2.5936, train_acc=0.431, val_loss=2.5519, best=2.5502, patience=31/50
Epoch 396: train_loss=2.5934, train_acc=0.431, val_loss=2.5517, best=2.5502, patience=32/50
Epoch 397: train_loss=2.5932, train_acc=0.431, val_loss=2.5530, best=2.5502, patience=33/50
Epoch 398: train_loss=2.5936, train_acc=0.431, val_loss=2.5520, best=2.5502, patience=34/50
Epoch 399: train_loss=2.5934, train_acc=0.431, val_loss=2.5525, best=2.5502, patience=35/50
Epoch 400: train_loss=2.5936, train_acc=0.431, val_loss=2.5521, best=2.5502, patience=36/50
{
  "run_name": "multibin/20260725_085608",
  "best_val_loss": 2.5502202227467397,
  "best_checkpoint": "models/jigsaw/multibin/20260725_085608/multibin_20260725_085608_best.pth",
  "epochs_completed": 400,
  "bin_sizes": [
    256,
    512,
    1024,
    2048
  ],
  "results_dir": "results/jigsaw/multibin/20260725_085608"
}
