Normalization auto-check: sampled range [0, 1] -> normalize=False
Samples: train=7736, val=1934, test=0; spectrum_length=131072
Using device=cuda:2, num_workers=8
Model parameters: 4,155,448
/home/nmrbox/0012/shasharma/Desktop/NMR_Metabolomics/code/training/train_joint_ssl.py:839: FutureWarning: `torch.cuda.amp.autocast(args...)` is deprecated. Please use `torch.amp.autocast('cuda', args...)` instead.
  autocast_context = torch.cuda.amp.autocast() if device.type == "cuda" else nullcontext()
Epoch 1: train_balanced=1.4955, train_raw=5.2121, masked=0.0296, jigsaw_acc=0.025, val_balanced=1.4393, val_raw=5.0094, monitor=raw_loss, best=5.0094, patience=0/50
Epoch 2: train_balanced=1.9556, train_raw=4.9527, masked=0.0071, jigsaw_acc=0.046, val_balanced=1.6664, val_raw=4.8746, monitor=raw_loss, best=4.8746, patience=0/50
Epoch 3: train_balanced=2.0484, train_raw=4.8661, masked=0.0056, jigsaw_acc=0.057, val_balanced=1.7070, val_raw=4.8050, monitor=raw_loss, best=4.8050, patience=0/50
Epoch 4: train_balanced=2.0110, train_raw=4.8100, masked=0.0045, jigsaw_acc=0.061, val_balanced=1.9268, val_raw=4.7481, monitor=raw_loss, best=4.7481, patience=0/50
Epoch 5: train_balanced=2.0404, train_raw=4.7567, masked=0.0036, jigsaw_acc=0.065, val_balanced=2.0278, val_raw=4.7115, monitor=raw_loss, best=4.7115, patience=0/50
Epoch 6: train_balanced=2.0780, train_raw=4.7248, masked=0.0033, jigsaw_acc=0.069, val_balanced=1.9593, val_raw=4.6926, monitor=raw_loss, best=4.6926, patience=0/50
Epoch 7: train_balanced=2.0277, train_raw=4.7040, masked=0.0030, jigsaw_acc=0.072, val_balanced=2.2158, val_raw=4.6645, monitor=raw_loss, best=4.6645, patience=0/50
Epoch 8: train_balanced=2.0774, train_raw=4.6816, masked=0.0029, jigsaw_acc=0.076, val_balanced=2.1737, val_raw=4.6500, monitor=raw_loss, best=4.6500, patience=0/50
Epoch 9: train_balanced=2.1179, train_raw=4.6629, masked=0.0027, jigsaw_acc=0.080, val_balanced=2.0340, val_raw=4.6254, monitor=raw_loss, best=4.6254, patience=0/50
Epoch 10: train_balanced=2.0563, train_raw=4.6428, masked=0.0026, jigsaw_acc=0.084, val_balanced=1.9884, val_raw=4.6041, monitor=raw_loss, best=4.6041, patience=0/50
Epoch 11: train_balanced=2.0651, train_raw=4.6205, masked=0.0024, jigsaw_acc=0.088, val_balanced=2.1009, val_raw=4.5692, monitor=raw_loss, best=4.5692, patience=0/50
Epoch 12: train_balanced=2.1372, train_raw=4.5947, masked=0.0025, jigsaw_acc=0.092, val_balanced=1.9027, val_raw=4.5427, monitor=raw_loss, best=4.5427, patience=0/50
Epoch 13: train_balanced=2.0500, train_raw=4.5737, masked=0.0023, jigsaw_acc=0.096, val_balanced=1.9430, val_raw=4.5192, monitor=raw_loss, best=4.5192, patience=0/50
Epoch 14: train_balanced=2.0437, train_raw=4.5528, masked=0.0022, jigsaw_acc=0.099, val_balanced=2.1282, val_raw=4.4859, monitor=raw_loss, best=4.4859, patience=0/50
Epoch 15: train_balanced=2.0912, train_raw=4.5347, masked=0.0021, jigsaw_acc=0.102, val_balanced=2.0389, val_raw=4.4759, monitor=raw_loss, best=4.4759, patience=0/50
Epoch 16: train_balanced=2.0787, train_raw=4.5196, masked=0.0021, jigsaw_acc=0.105, val_balanced=2.1317, val_raw=4.4554, monitor=raw_loss, best=4.4554, patience=0/50
Epoch 17: train_balanced=2.1102, train_raw=4.5016, masked=0.0020, jigsaw_acc=0.109, val_balanced=2.0362, val_raw=4.4443, monitor=raw_loss, best=4.4443, patience=0/50
Epoch 18: train_balanced=2.1116, train_raw=4.4867, masked=0.0020, jigsaw_acc=0.112, val_balanced=2.0100, val_raw=4.4179, monitor=raw_loss, best=4.4179, patience=0/50
Epoch 19: train_balanced=2.1106, train_raw=4.4715, masked=0.0020, jigsaw_acc=0.115, val_balanced=2.0735, val_raw=4.4102, monitor=raw_loss, best=4.4102, patience=0/50
Epoch 20: train_balanced=2.0269, train_raw=4.4590, masked=0.0019, jigsaw_acc=0.118, val_balanced=2.8165, val_raw=4.4056, monitor=raw_loss, best=4.4056, patience=0/50
Epoch 21: train_balanced=2.0681, train_raw=4.4453, masked=0.0018, jigsaw_acc=0.122, val_balanced=2.0508, val_raw=4.3817, monitor=raw_loss, best=4.3817, patience=0/50
Epoch 22: train_balanced=2.1476, train_raw=4.4324, masked=0.0017, jigsaw_acc=0.125, val_balanced=1.9484, val_raw=4.3625, monitor=raw_loss, best=4.3625, patience=0/50
Epoch 23: train_balanced=2.0653, train_raw=4.4239, masked=0.0017, jigsaw_acc=0.126, val_balanced=2.0126, val_raw=4.3535, monitor=raw_loss, best=4.3535, patience=0/50
Epoch 24: train_balanced=2.0834, train_raw=4.4079, masked=0.0017, jigsaw_acc=0.130, val_balanced=1.9791, val_raw=4.3343, monitor=raw_loss, best=4.3343, patience=0/50
Epoch 25: train_balanced=2.0914, train_raw=4.3861, masked=0.0018, jigsaw_acc=0.134, val_balanced=2.1478, val_raw=4.2987, monitor=raw_loss, best=4.2987, patience=0/50
Epoch 26: train_balanced=2.0945, train_raw=4.3784, masked=0.0018, jigsaw_acc=0.135, val_balanced=1.9624, val_raw=4.2901, monitor=raw_loss, best=4.2901, patience=0/50
Epoch 27: train_balanced=2.0831, train_raw=4.3514, masked=0.0016, jigsaw_acc=0.139, val_balanced=2.5198, val_raw=4.2531, monitor=raw_loss, best=4.2531, patience=0/50
Epoch 28: train_balanced=2.0964, train_raw=4.3390, masked=0.0017, jigsaw_acc=0.142, val_balanced=1.8751, val_raw=4.2449, monitor=raw_loss, best=4.2449, patience=0/50
Epoch 29: train_balanced=2.0857, train_raw=4.3222, masked=0.0016, jigsaw_acc=0.144, val_balanced=1.9794, val_raw=4.2184, monitor=raw_loss, best=4.2184, patience=0/50
Epoch 30: train_balanced=2.1036, train_raw=4.3080, masked=0.0016, jigsaw_acc=0.147, val_balanced=1.9952, val_raw=4.2095, monitor=raw_loss, best=4.2095, patience=0/50
Epoch 31: train_balanced=2.0902, train_raw=4.2874, masked=0.0015, jigsaw_acc=0.151, val_balanced=2.2133, val_raw=4.1788, monitor=raw_loss, best=4.1788, patience=0/50
Epoch 32: train_balanced=2.0907, train_raw=4.2597, masked=0.0016, jigsaw_acc=0.156, val_balanced=2.0707, val_raw=4.1556, monitor=raw_loss, best=4.1556, patience=0/50
Epoch 33: train_balanced=2.0481, train_raw=4.2459, masked=0.0015, jigsaw_acc=0.157, val_balanced=1.9742, val_raw=4.1379, monitor=raw_loss, best=4.1379, patience=0/50
Epoch 34: train_balanced=2.1425, train_raw=4.2373, masked=0.0015, jigsaw_acc=0.159, val_balanced=2.0407, val_raw=4.1389, monitor=raw_loss, best=4.1379, patience=1/50
Epoch 35: train_balanced=2.0876, train_raw=4.2316, masked=0.0015, jigsaw_acc=0.162, val_balanced=2.1864, val_raw=4.1327, monitor=raw_loss, best=4.1327, patience=0/50
Epoch 36: train_balanced=2.0384, train_raw=4.2011, masked=0.0014, jigsaw_acc=0.168, val_balanced=1.9831, val_raw=4.0892, monitor=raw_loss, best=4.0892, patience=0/50
Epoch 37: train_balanced=2.1103, train_raw=4.1697, masked=0.0014, jigsaw_acc=0.172, val_balanced=1.9144, val_raw=4.0572, monitor=raw_loss, best=4.0572, patience=0/50
Epoch 38: train_balanced=2.0830, train_raw=4.1741, masked=0.0013, jigsaw_acc=0.172, val_balanced=1.9702, val_raw=4.0732, monitor=raw_loss, best=4.0572, patience=1/50
Epoch 39: train_balanced=2.0931, train_raw=4.1677, masked=0.0014, jigsaw_acc=0.174, val_balanced=2.6640, val_raw=4.0566, monitor=raw_loss, best=4.0566, patience=0/50
Epoch 40: train_balanced=2.1116, train_raw=4.1817, masked=0.0014, jigsaw_acc=0.172, val_balanced=1.9302, val_raw=4.0416, monitor=raw_loss, best=4.0416, patience=0/50
Epoch 41: train_balanced=2.0699, train_raw=4.1285, masked=0.0013, jigsaw_acc=0.181, val_balanced=1.9408, val_raw=4.0439, monitor=raw_loss, best=4.0416, patience=1/50
Epoch 42: train_balanced=2.0640, train_raw=4.1257, masked=0.0012, jigsaw_acc=0.182, val_balanced=2.0238, val_raw=4.0147, monitor=raw_loss, best=4.0147, patience=0/50
Epoch 43: train_balanced=2.1530, train_raw=4.1210, masked=0.0012, jigsaw_acc=0.184, val_balanced=2.0066, val_raw=4.0503, monitor=raw_loss, best=4.0147, patience=1/50
Epoch 44: train_balanced=2.0658, train_raw=4.1232, masked=0.0012, jigsaw_acc=0.184, val_balanced=2.0401, val_raw=3.9973, monitor=raw_loss, best=3.9973, patience=0/50
Epoch 45: train_balanced=2.0556, train_raw=4.0852, masked=0.0011, jigsaw_acc=0.190, val_balanced=2.0199, val_raw=3.9782, monitor=raw_loss, best=3.9782, patience=0/50
Epoch 46: train_balanced=2.1232, train_raw=4.0900, masked=0.0011, jigsaw_acc=0.189, val_balanced=2.0859, val_raw=4.0369, monitor=raw_loss, best=3.9782, patience=1/50
Epoch 47: train_balanced=2.0853, train_raw=4.0794, masked=0.0012, jigsaw_acc=0.192, val_balanced=1.9186, val_raw=3.9480, monitor=raw_loss, best=3.9480, patience=0/50
Epoch 48: train_balanced=2.0859, train_raw=4.0636, masked=0.0011, jigsaw_acc=0.196, val_balanced=1.9220, val_raw=3.9433, monitor=raw_loss, best=3.9433, patience=0/50
Epoch 49: train_balanced=2.0674, train_raw=4.0649, masked=0.0011, jigsaw_acc=0.196, val_balanced=1.9963, val_raw=3.9404, monitor=raw_loss, best=3.9404, patience=0/50
Epoch 50: train_balanced=2.1062, train_raw=4.0582, masked=0.0011, jigsaw_acc=0.197, val_balanced=2.0133, val_raw=3.9330, monitor=raw_loss, best=3.9330, patience=0/50
Epoch 51: train_balanced=2.1406, train_raw=4.0423, masked=0.0011, jigsaw_acc=0.201, val_balanced=1.8792, val_raw=3.9459, monitor=raw_loss, best=3.9330, patience=1/50
Epoch 52: train_balanced=2.0920, train_raw=4.0572, masked=0.0010, jigsaw_acc=0.199, val_balanced=2.5323, val_raw=3.9149, monitor=raw_loss, best=3.9149, patience=0/50
Epoch 53: train_balanced=2.0541, train_raw=4.0428, masked=0.0011, jigsaw_acc=0.201, val_balanced=2.1877, val_raw=3.9032, monitor=raw_loss, best=3.9032, patience=0/50
Epoch 54: train_balanced=2.1155, train_raw=4.0312, masked=0.0011, jigsaw_acc=0.204, val_balanced=1.8381, val_raw=3.8854, monitor=raw_loss, best=3.8854, patience=0/50
Epoch 55: train_balanced=2.0447, train_raw=4.0211, masked=0.0010, jigsaw_acc=0.206, val_balanced=1.9180, val_raw=3.8909, monitor=raw_loss, best=3.8854, patience=1/50
Epoch 56: train_balanced=2.1139, train_raw=4.0073, masked=0.0010, jigsaw_acc=0.210, val_balanced=1.9028, val_raw=3.8858, monitor=raw_loss, best=3.8854, patience=2/50
Epoch 57: train_balanced=2.0766, train_raw=4.0052, masked=0.0010, jigsaw_acc=0.210, val_balanced=1.9029, val_raw=3.8795, monitor=raw_loss, best=3.8795, patience=0/50
Epoch 58: train_balanced=2.1407, train_raw=4.0135, masked=0.0010, jigsaw_acc=0.209, val_balanced=1.8013, val_raw=3.8882, monitor=raw_loss, best=3.8795, patience=1/50
Epoch 59: train_balanced=2.0699, train_raw=3.9932, masked=0.0009, jigsaw_acc=0.212, val_balanced=1.8322, val_raw=3.8724, monitor=raw_loss, best=3.8724, patience=0/50
Epoch 60: train_balanced=2.0627, train_raw=3.9974, masked=0.0009, jigsaw_acc=0.212, val_balanced=2.0556, val_raw=3.8721, monitor=raw_loss, best=3.8721, patience=0/50
Epoch 61: train_balanced=2.0976, train_raw=3.9977, masked=0.0009, jigsaw_acc=0.212, val_balanced=1.9839, val_raw=3.8826, monitor=raw_loss, best=3.8721, patience=1/50
Epoch 62: train_balanced=2.0944, train_raw=3.9866, masked=0.0009, jigsaw_acc=0.213, val_balanced=1.8429, val_raw=3.8689, monitor=raw_loss, best=3.8689, patience=0/50
Epoch 63: train_balanced=2.1161, train_raw=3.9756, masked=0.0009, jigsaw_acc=0.216, val_balanced=1.9112, val_raw=3.8578, monitor=raw_loss, best=3.8578, patience=0/50
Epoch 64: train_balanced=2.0711, train_raw=3.9758, masked=0.0009, jigsaw_acc=0.216, val_balanced=1.9258, val_raw=3.8349, monitor=raw_loss, best=3.8349, patience=0/50
Epoch 65: train_balanced=2.0815, train_raw=3.9733, masked=0.0009, jigsaw_acc=0.217, val_balanced=1.9501, val_raw=3.8377, monitor=raw_loss, best=3.8349, patience=1/50
Epoch 66: train_balanced=2.1046, train_raw=3.9671, masked=0.0009, jigsaw_acc=0.218, val_balanced=1.9375, val_raw=3.8417, monitor=raw_loss, best=3.8349, patience=2/50
Epoch 67: train_balanced=2.1195, train_raw=3.9804, masked=0.0009, jigsaw_acc=0.216, val_balanced=2.0148, val_raw=3.8717, monitor=raw_loss, best=3.8349, patience=3/50
Epoch 68: train_balanced=2.0380, train_raw=3.9574, masked=0.0008, jigsaw_acc=0.221, val_balanced=1.9808, val_raw=3.8145, monitor=raw_loss, best=3.8145, patience=0/50
Epoch 69: train_balanced=2.1457, train_raw=3.9583, masked=0.0008, jigsaw_acc=0.220, val_balanced=1.9816, val_raw=3.8421, monitor=raw_loss, best=3.8145, patience=1/50
Epoch 70: train_balanced=2.0584, train_raw=3.9645, masked=0.0009, jigsaw_acc=0.219, val_balanced=2.0042, val_raw=3.8325, monitor=raw_loss, best=3.8145, patience=2/50
Epoch 71: train_balanced=2.0591, train_raw=3.9483, masked=0.0008, jigsaw_acc=0.223, val_balanced=1.9830, val_raw=3.8170, monitor=raw_loss, best=3.8145, patience=3/50
Epoch 72: train_balanced=2.1132, train_raw=3.9344, masked=0.0008, jigsaw_acc=0.225, val_balanced=1.9694, val_raw=3.8297, monitor=raw_loss, best=3.8145, patience=4/50
Epoch 73: train_balanced=2.0880, train_raw=3.9435, masked=0.0008, jigsaw_acc=0.224, val_balanced=1.9419, val_raw=3.7948, monitor=raw_loss, best=3.7948, patience=0/50
Epoch 74: train_balanced=2.1098, train_raw=3.9312, masked=0.0008, jigsaw_acc=0.226, val_balanced=2.0154, val_raw=3.8269, monitor=raw_loss, best=3.7948, patience=1/50
Epoch 75: train_balanced=2.0822, train_raw=3.9323, masked=0.0008, jigsaw_acc=0.225, val_balanced=1.9721, val_raw=3.8003, monitor=raw_loss, best=3.7948, patience=2/50
Epoch 76: train_balanced=2.0870, train_raw=3.9321, masked=0.0008, jigsaw_acc=0.226, val_balanced=2.0103, val_raw=3.7920, monitor=raw_loss, best=3.7920, patience=0/50
Epoch 77: train_balanced=2.1003, train_raw=3.9202, masked=0.0008, jigsaw_acc=0.228, val_balanced=1.9246, val_raw=3.8040, monitor=raw_loss, best=3.7920, patience=1/50
Epoch 78: train_balanced=2.0881, train_raw=3.9245, masked=0.0008, jigsaw_acc=0.227, val_balanced=1.9066, val_raw=3.7839, monitor=raw_loss, best=3.7839, patience=0/50
Epoch 79: train_balanced=2.0956, train_raw=3.9254, masked=0.0007, jigsaw_acc=0.227, val_balanced=1.9922, val_raw=3.8008, monitor=raw_loss, best=3.7839, patience=1/50
Epoch 80: train_balanced=2.1007, train_raw=3.9189, masked=0.0007, jigsaw_acc=0.228, val_balanced=2.1630, val_raw=3.7809, monitor=raw_loss, best=3.7809, patience=0/50
Epoch 81: train_balanced=2.0861, train_raw=3.9151, masked=0.0007, jigsaw_acc=0.229, val_balanced=1.9240, val_raw=3.7856, monitor=raw_loss, best=3.7809, patience=1/50
Epoch 82: train_balanced=2.0747, train_raw=3.9148, masked=0.0008, jigsaw_acc=0.229, val_balanced=1.9612, val_raw=3.7842, monitor=raw_loss, best=3.7809, patience=2/50
Epoch 83: train_balanced=2.1041, train_raw=3.9051, masked=0.0007, jigsaw_acc=0.231, val_balanced=2.4865, val_raw=3.7879, monitor=raw_loss, best=3.7809, patience=3/50
Epoch 84: train_balanced=2.1024, train_raw=3.9072, masked=0.0007, jigsaw_acc=0.231, val_balanced=2.7099, val_raw=3.8040, monitor=raw_loss, best=3.7809, patience=4/50
Epoch 85: train_balanced=2.0841, train_raw=3.9099, masked=0.0007, jigsaw_acc=0.230, val_balanced=1.9754, val_raw=3.7843, monitor=raw_loss, best=3.7809, patience=5/50
Epoch 86: train_balanced=2.0863, train_raw=3.9016, masked=0.0007, jigsaw_acc=0.232, val_balanced=1.9447, val_raw=3.7692, monitor=raw_loss, best=3.7692, patience=0/50
Epoch 87: train_balanced=2.0935, train_raw=3.9012, masked=0.0007, jigsaw_acc=0.232, val_balanced=1.9722, val_raw=3.7719, monitor=raw_loss, best=3.7692, patience=1/50
Epoch 88: train_balanced=2.0883, train_raw=3.9059, masked=0.0007, jigsaw_acc=0.231, val_balanced=2.0410, val_raw=3.7869, monitor=raw_loss, best=3.7692, patience=2/50
Epoch 89: train_balanced=2.1225, train_raw=3.8969, masked=0.0007, jigsaw_acc=0.232, val_balanced=1.8641, val_raw=3.7546, monitor=raw_loss, best=3.7546, patience=0/50
Epoch 90: train_balanced=2.0848, train_raw=3.8911, masked=0.0007, jigsaw_acc=0.233, val_balanced=1.9995, val_raw=3.7688, monitor=raw_loss, best=3.7546, patience=1/50
Epoch 91: train_balanced=2.0758, train_raw=3.8962, masked=0.0007, jigsaw_acc=0.233, val_balanced=1.9578, val_raw=3.7679, monitor=raw_loss, best=3.7546, patience=2/50
Epoch 92: train_balanced=2.1116, train_raw=3.8905, masked=0.0007, jigsaw_acc=0.234, val_balanced=2.0665, val_raw=3.7577, monitor=raw_loss, best=3.7546, patience=3/50
Epoch 93: train_balanced=2.0840, train_raw=3.8902, masked=0.0007, jigsaw_acc=0.234, val_balanced=2.0228, val_raw=3.7538, monitor=raw_loss, best=3.7538, patience=0/50
Epoch 94: train_balanced=2.0703, train_raw=3.8881, masked=0.0006, jigsaw_acc=0.235, val_balanced=2.0865, val_raw=3.7524, monitor=raw_loss, best=3.7524, patience=0/50
Epoch 95: train_balanced=2.1299, train_raw=3.8788, masked=0.0007, jigsaw_acc=0.235, val_balanced=1.9234, val_raw=3.7410, monitor=raw_loss, best=3.7410, patience=0/50
Epoch 96: train_balanced=2.0677, train_raw=3.8809, masked=0.0006, jigsaw_acc=0.236, val_balanced=2.0441, val_raw=3.7541, monitor=raw_loss, best=3.7410, patience=1/50
Epoch 97: train_balanced=2.0736, train_raw=3.8919, masked=0.0007, jigsaw_acc=0.233, val_balanced=1.9255, val_raw=3.7575, monitor=raw_loss, best=3.7410, patience=2/50
Epoch 98: train_balanced=2.0927, train_raw=3.8730, masked=0.0006, jigsaw_acc=0.237, val_balanced=1.9726, val_raw=3.7391, monitor=raw_loss, best=3.7391, patience=0/50
Epoch 99: train_balanced=2.0777, train_raw=3.8710, masked=0.0006, jigsaw_acc=0.237, val_balanced=1.9887, val_raw=3.7423, monitor=raw_loss, best=3.7391, patience=1/50
Epoch 100: train_balanced=2.0918, train_raw=3.8730, masked=0.0006, jigsaw_acc=0.238, val_balanced=2.0936, val_raw=3.7346, monitor=raw_loss, best=3.7346, patience=0/50
Epoch 101: train_balanced=2.1017, train_raw=3.8726, masked=0.0006, jigsaw_acc=0.237, val_balanced=1.9886, val_raw=3.7314, monitor=raw_loss, best=3.7314, patience=0/50
Epoch 102: train_balanced=2.0889, train_raw=3.8683, masked=0.0006, jigsaw_acc=0.238, val_balanced=2.0735, val_raw=3.7556, monitor=raw_loss, best=3.7314, patience=1/50
Epoch 103: train_balanced=2.0926, train_raw=3.8664, masked=0.0006, jigsaw_acc=0.239, val_balanced=2.0066, val_raw=3.7255, monitor=raw_loss, best=3.7255, patience=0/50
Epoch 104: train_balanced=2.1058, train_raw=3.8663, masked=0.0006, jigsaw_acc=0.239, val_balanced=2.1035, val_raw=3.7414, monitor=raw_loss, best=3.7255, patience=1/50
Epoch 105: train_balanced=2.0976, train_raw=3.8668, masked=0.0006, jigsaw_acc=0.239, val_balanced=2.0872, val_raw=3.7441, monitor=raw_loss, best=3.7255, patience=2/50
Epoch 106: train_balanced=2.0952, train_raw=3.8617, masked=0.0006, jigsaw_acc=0.239, val_balanced=1.9299, val_raw=3.7333, monitor=raw_loss, best=3.7255, patience=3/50
Epoch 107: train_balanced=2.0748, train_raw=3.8627, masked=0.0006, jigsaw_acc=0.239, val_balanced=2.0653, val_raw=3.7309, monitor=raw_loss, best=3.7255, patience=4/50
Epoch 108: train_balanced=2.1012, train_raw=3.8580, masked=0.0006, jigsaw_acc=0.239, val_balanced=2.0288, val_raw=3.7265, monitor=raw_loss, best=3.7255, patience=5/50
Epoch 109: train_balanced=2.1134, train_raw=3.8595, masked=0.0006, jigsaw_acc=0.240, val_balanced=1.9160, val_raw=3.7251, monitor=raw_loss, best=3.7251, patience=0/50
Epoch 110: train_balanced=2.0733, train_raw=3.8588, masked=0.0006, jigsaw_acc=0.241, val_balanced=1.9764, val_raw=3.7402, monitor=raw_loss, best=3.7251, patience=1/50
Epoch 111: train_balanced=2.1226, train_raw=3.8604, masked=0.0006, jigsaw_acc=0.241, val_balanced=1.8622, val_raw=3.7202, monitor=raw_loss, best=3.7202, patience=0/50
Epoch 112: train_balanced=2.0827, train_raw=3.8551, masked=0.0006, jigsaw_acc=0.241, val_balanced=1.9418, val_raw=3.7220, monitor=raw_loss, best=3.7202, patience=1/50
Epoch 113: train_balanced=2.0810, train_raw=3.8526, masked=0.0006, jigsaw_acc=0.242, val_balanced=2.0329, val_raw=3.7163, monitor=raw_loss, best=3.7163, patience=0/50
Epoch 114: train_balanced=2.0918, train_raw=3.8558, masked=0.0006, jigsaw_acc=0.241, val_balanced=2.0260, val_raw=3.7328, monitor=raw_loss, best=3.7163, patience=1/50
Epoch 115: train_balanced=2.0946, train_raw=3.8509, masked=0.0006, jigsaw_acc=0.241, val_balanced=2.0123, val_raw=3.7194, monitor=raw_loss, best=3.7163, patience=2/50
Epoch 116: train_balanced=2.0825, train_raw=3.8531, masked=0.0006, jigsaw_acc=0.242, val_balanced=2.0500, val_raw=3.7230, monitor=raw_loss, best=3.7163, patience=3/50
Epoch 117: train_balanced=2.0989, train_raw=3.8515, masked=0.0006, jigsaw_acc=0.242, val_balanced=2.1880, val_raw=3.7199, monitor=raw_loss, best=3.7163, patience=4/50
Epoch 118: train_balanced=2.0917, train_raw=3.8473, masked=0.0006, jigsaw_acc=0.243, val_balanced=2.0551, val_raw=3.7248, monitor=raw_loss, best=3.7163, patience=5/50
Epoch 119: train_balanced=2.0867, train_raw=3.8464, masked=0.0006, jigsaw_acc=0.243, val_balanced=2.1325, val_raw=3.7172, monitor=raw_loss, best=3.7163, patience=6/50
Epoch 120: train_balanced=2.0935, train_raw=3.8436, masked=0.0006, jigsaw_acc=0.243, val_balanced=2.0941, val_raw=3.7155, monitor=raw_loss, best=3.7155, patience=0/50
Epoch 121: train_balanced=2.1144, train_raw=3.8440, masked=0.0006, jigsaw_acc=0.243, val_balanced=1.9438, val_raw=3.7086, monitor=raw_loss, best=3.7086, patience=0/50
Epoch 122: train_balanced=2.0753, train_raw=3.8450, masked=0.0006, jigsaw_acc=0.242, val_balanced=2.0093, val_raw=3.7086, monitor=raw_loss, best=3.7086, patience=1/50
Epoch 123: train_balanced=2.1080, train_raw=3.8430, masked=0.0006, jigsaw_acc=0.244, val_balanced=2.0167, val_raw=3.7123, monitor=raw_loss, best=3.7086, patience=2/50
Epoch 124: train_balanced=2.0799, train_raw=3.8408, masked=0.0006, jigsaw_acc=0.244, val_balanced=2.0328, val_raw=3.7135, monitor=raw_loss, best=3.7086, patience=3/50
Epoch 125: train_balanced=2.0981, train_raw=3.8377, masked=0.0006, jigsaw_acc=0.245, val_balanced=1.9991, val_raw=3.7063, monitor=raw_loss, best=3.7063, patience=0/50
Epoch 126: train_balanced=2.0912, train_raw=3.8381, masked=0.0005, jigsaw_acc=0.244, val_balanced=2.0012, val_raw=3.6973, monitor=raw_loss, best=3.6973, patience=0/50
Epoch 127: train_balanced=2.1012, train_raw=3.8374, masked=0.0005, jigsaw_acc=0.245, val_balanced=2.0171, val_raw=3.7151, monitor=raw_loss, best=3.6973, patience=1/50
Epoch 128: train_balanced=2.0975, train_raw=3.8349, masked=0.0005, jigsaw_acc=0.244, val_balanced=2.0298, val_raw=3.7072, monitor=raw_loss, best=3.6973, patience=2/50
Epoch 129: train_balanced=2.1054, train_raw=3.8397, masked=0.0005, jigsaw_acc=0.245, val_balanced=1.9339, val_raw=3.6941, monitor=raw_loss, best=3.6941, patience=0/50
Epoch 130: train_balanced=2.0783, train_raw=3.8326, masked=0.0005, jigsaw_acc=0.246, val_balanced=2.1482, val_raw=3.6849, monitor=raw_loss, best=3.6849, patience=0/50
Epoch 131: train_balanced=2.0926, train_raw=3.8328, masked=0.0005, jigsaw_acc=0.245, val_balanced=1.9952, val_raw=3.7001, monitor=raw_loss, best=3.6849, patience=1/50
Epoch 132: train_balanced=2.1004, train_raw=3.8331, masked=0.0005, jigsaw_acc=0.246, val_balanced=2.0447, val_raw=3.6899, monitor=raw_loss, best=3.6849, patience=2/50
Epoch 133: train_balanced=2.0943, train_raw=3.8320, masked=0.0005, jigsaw_acc=0.246, val_balanced=2.0241, val_raw=3.6952, monitor=raw_loss, best=3.6849, patience=3/50
Epoch 134: train_balanced=2.0940, train_raw=3.8295, masked=0.0005, jigsaw_acc=0.246, val_balanced=1.9988, val_raw=3.6945, monitor=raw_loss, best=3.6849, patience=4/50
Epoch 135: train_balanced=2.1017, train_raw=3.8319, masked=0.0005, jigsaw_acc=0.246, val_balanced=2.0653, val_raw=3.7067, monitor=raw_loss, best=3.6849, patience=5/50
Epoch 136: train_balanced=2.0841, train_raw=3.8279, masked=0.0005, jigsaw_acc=0.246, val_balanced=2.0135, val_raw=3.7009, monitor=raw_loss, best=3.6849, patience=6/50
Epoch 137: train_balanced=2.0917, train_raw=3.8332, masked=0.0005, jigsaw_acc=0.246, val_balanced=1.9707, val_raw=3.6902, monitor=raw_loss, best=3.6849, patience=7/50
Epoch 138: train_balanced=2.0861, train_raw=3.8249, masked=0.0005, jigsaw_acc=0.247, val_balanced=2.0144, val_raw=3.6890, monitor=raw_loss, best=3.6849, patience=8/50
Epoch 139: train_balanced=2.1067, train_raw=3.8255, masked=0.0005, jigsaw_acc=0.247, val_balanced=2.0362, val_raw=3.7005, monitor=raw_loss, best=3.6849, patience=9/50
Epoch 140: train_balanced=2.0795, train_raw=3.8241, masked=0.0005, jigsaw_acc=0.248, val_balanced=2.0306, val_raw=3.6925, monitor=raw_loss, best=3.6849, patience=10/50
Epoch 141: train_balanced=2.1057, train_raw=3.8230, masked=0.0005, jigsaw_acc=0.247, val_balanced=2.0457, val_raw=3.6989, monitor=raw_loss, best=3.6849, patience=11/50
Epoch 142: train_balanced=2.0798, train_raw=3.8225, masked=0.0005, jigsaw_acc=0.248, val_balanced=2.0091, val_raw=3.6912, monitor=raw_loss, best=3.6849, patience=12/50
Epoch 143: train_balanced=2.1109, train_raw=3.8213, masked=0.0005, jigsaw_acc=0.248, val_balanced=1.9737, val_raw=3.6889, monitor=raw_loss, best=3.6849, patience=13/50
Epoch 144: train_balanced=2.0897, train_raw=3.8214, masked=0.0005, jigsaw_acc=0.248, val_balanced=1.9516, val_raw=3.6753, monitor=raw_loss, best=3.6753, patience=0/50
Epoch 145: train_balanced=2.1102, train_raw=3.8216, masked=0.0005, jigsaw_acc=0.248, val_balanced=1.9073, val_raw=3.6833, monitor=raw_loss, best=3.6753, patience=1/50
Epoch 146: train_balanced=2.0657, train_raw=3.8179, masked=0.0005, jigsaw_acc=0.248, val_balanced=2.0954, val_raw=3.6809, monitor=raw_loss, best=3.6753, patience=2/50
Epoch 147: train_balanced=2.1235, train_raw=3.8179, masked=0.0005, jigsaw_acc=0.248, val_balanced=1.9491, val_raw=3.6771, monitor=raw_loss, best=3.6753, patience=3/50
Epoch 148: train_balanced=2.0815, train_raw=3.8158, masked=0.0005, jigsaw_acc=0.248, val_balanced=1.9939, val_raw=3.6795, monitor=raw_loss, best=3.6753, patience=4/50
Epoch 149: train_balanced=2.0510, train_raw=3.8236, masked=0.0005, jigsaw_acc=0.248, val_balanced=1.9007, val_raw=3.6800, monitor=raw_loss, best=3.6753, patience=5/50
Epoch 150: train_balanced=2.0858, train_raw=3.8162, masked=0.0005, jigsaw_acc=0.249, val_balanced=2.0014, val_raw=3.6736, monitor=raw_loss, best=3.6736, patience=0/50
Epoch 151: train_balanced=2.0859, train_raw=3.8138, masked=0.0005, jigsaw_acc=0.250, val_balanced=2.0554, val_raw=3.6791, monitor=raw_loss, best=3.6736, patience=1/50
Epoch 152: train_balanced=2.1045, train_raw=3.8139, masked=0.0005, jigsaw_acc=0.249, val_balanced=1.9511, val_raw=3.6710, monitor=raw_loss, best=3.6710, patience=0/50
Epoch 153: train_balanced=2.0728, train_raw=3.8119, masked=0.0005, jigsaw_acc=0.249, val_balanced=2.0576, val_raw=3.6680, monitor=raw_loss, best=3.6680, patience=0/50
Epoch 154: train_balanced=2.0957, train_raw=3.8109, masked=0.0005, jigsaw_acc=0.250, val_balanced=2.0753, val_raw=3.6771, monitor=raw_loss, best=3.6680, patience=1/50
Epoch 155: train_balanced=2.1152, train_raw=3.8142, masked=0.0005, jigsaw_acc=0.249, val_balanced=1.9509, val_raw=3.6729, monitor=raw_loss, best=3.6680, patience=2/50
Epoch 156: train_balanced=2.0833, train_raw=3.8114, masked=0.0005, jigsaw_acc=0.250, val_balanced=2.0129, val_raw=3.6822, monitor=raw_loss, best=3.6680, patience=3/50
Epoch 157: train_balanced=2.0924, train_raw=3.8095, masked=0.0005, jigsaw_acc=0.250, val_balanced=2.0217, val_raw=3.6723, monitor=raw_loss, best=3.6680, patience=4/50
Epoch 158: train_balanced=2.1024, train_raw=3.8103, masked=0.0005, jigsaw_acc=0.250, val_balanced=1.9872, val_raw=3.6698, monitor=raw_loss, best=3.6680, patience=5/50
Epoch 159: train_balanced=2.0790, train_raw=3.8078, masked=0.0005, jigsaw_acc=0.250, val_balanced=2.0465, val_raw=3.6726, monitor=raw_loss, best=3.6680, patience=6/50
Epoch 160: train_balanced=2.1073, train_raw=3.8056, masked=0.0005, jigsaw_acc=0.251, val_balanced=2.0335, val_raw=3.6752, monitor=raw_loss, best=3.6680, patience=7/50
Epoch 161: train_balanced=2.0904, train_raw=3.8063, masked=0.0005, jigsaw_acc=0.251, val_balanced=2.0135, val_raw=3.6707, monitor=raw_loss, best=3.6680, patience=8/50
Epoch 162: train_balanced=2.1042, train_raw=3.8032, masked=0.0004, jigsaw_acc=0.251, val_balanced=1.9385, val_raw=3.6797, monitor=raw_loss, best=3.6680, patience=9/50
Epoch 163: train_balanced=2.0104, train_raw=3.8110, masked=0.0005, jigsaw_acc=0.250, val_balanced=2.0620, val_raw=3.6712, monitor=raw_loss, best=3.6680, patience=10/50
Epoch 164: train_balanced=2.0828, train_raw=3.8069, masked=0.0005, jigsaw_acc=0.250, val_balanced=2.0579, val_raw=3.6584, monitor=raw_loss, best=3.6584, patience=0/50
Epoch 165: train_balanced=2.1231, train_raw=3.8020, masked=0.0005, jigsaw_acc=0.251, val_balanced=2.2111, val_raw=3.6695, monitor=raw_loss, best=3.6584, patience=1/50
Epoch 166: train_balanced=2.0859, train_raw=3.8023, masked=0.0005, jigsaw_acc=0.251, val_balanced=1.9515, val_raw=3.6667, monitor=raw_loss, best=3.6584, patience=2/50
Epoch 167: train_balanced=2.0713, train_raw=3.8020, masked=0.0004, jigsaw_acc=0.252, val_balanced=2.0550, val_raw=3.6489, monitor=raw_loss, best=3.6489, patience=0/50
Epoch 168: train_balanced=2.0991, train_raw=3.8012, masked=0.0005, jigsaw_acc=0.252, val_balanced=1.9995, val_raw=3.6744, monitor=raw_loss, best=3.6489, patience=1/50
Epoch 169: train_balanced=2.1029, train_raw=3.7968, masked=0.0005, jigsaw_acc=0.252, val_balanced=1.9819, val_raw=3.6556, monitor=raw_loss, best=3.6489, patience=2/50
Epoch 170: train_balanced=2.0638, train_raw=3.7987, masked=0.0004, jigsaw_acc=0.252, val_balanced=2.1025, val_raw=3.6610, monitor=raw_loss, best=3.6489, patience=3/50
Epoch 171: train_balanced=2.1363, train_raw=3.7989, masked=0.0005, jigsaw_acc=0.252, val_balanced=1.9485, val_raw=3.6685, monitor=raw_loss, best=3.6489, patience=4/50
Epoch 172: train_balanced=2.0649, train_raw=3.7980, masked=0.0005, jigsaw_acc=0.253, val_balanced=2.0394, val_raw=3.6640, monitor=raw_loss, best=3.6489, patience=5/50
Epoch 173: train_balanced=2.1083, train_raw=3.7974, masked=0.0004, jigsaw_acc=0.252, val_balanced=1.9549, val_raw=3.6590, monitor=raw_loss, best=3.6489, patience=6/50
Epoch 174: train_balanced=2.0719, train_raw=3.7972, masked=0.0004, jigsaw_acc=0.253, val_balanced=2.0777, val_raw=3.6684, monitor=raw_loss, best=3.6489, patience=7/50
Epoch 175: train_balanced=2.0999, train_raw=3.7980, masked=0.0004, jigsaw_acc=0.253, val_balanced=2.0500, val_raw=3.6585, monitor=raw_loss, best=3.6489, patience=8/50
Epoch 176: train_balanced=2.1126, train_raw=3.8000, masked=0.0004, jigsaw_acc=0.252, val_balanced=1.9790, val_raw=3.6688, monitor=raw_loss, best=3.6489, patience=9/50
Epoch 177: train_balanced=2.0846, train_raw=3.7972, masked=0.0004, jigsaw_acc=0.252, val_balanced=2.0601, val_raw=3.6575, monitor=raw_loss, best=3.6489, patience=10/50
Epoch 178: train_balanced=2.0893, train_raw=3.7921, masked=0.0004, jigsaw_acc=0.253, val_balanced=2.0495, val_raw=3.6546, monitor=raw_loss, best=3.6489, patience=11/50
Epoch 179: train_balanced=2.0934, train_raw=3.7943, masked=0.0004, jigsaw_acc=0.253, val_balanced=2.0498, val_raw=3.6582, monitor=raw_loss, best=3.6489, patience=12/50
Epoch 180: train_balanced=2.0706, train_raw=3.7962, masked=0.0004, jigsaw_acc=0.252, val_balanced=1.9460, val_raw=3.6688, monitor=raw_loss, best=3.6489, patience=13/50
Epoch 181: train_balanced=2.0665, train_raw=3.7933, masked=0.0004, jigsaw_acc=0.253, val_balanced=2.0308, val_raw=3.6609, monitor=raw_loss, best=3.6489, patience=14/50
Epoch 182: train_balanced=2.0897, train_raw=3.7941, masked=0.0004, jigsaw_acc=0.254, val_balanced=2.0405, val_raw=3.6564, monitor=raw_loss, best=3.6489, patience=15/50
Epoch 183: train_balanced=2.0984, train_raw=3.7918, masked=0.0004, jigsaw_acc=0.254, val_balanced=2.0079, val_raw=3.6593, monitor=raw_loss, best=3.6489, patience=16/50
Epoch 184: train_balanced=2.0948, train_raw=3.7899, masked=0.0004, jigsaw_acc=0.253, val_balanced=2.0236, val_raw=3.6602, monitor=raw_loss, best=3.6489, patience=17/50
Epoch 185: train_balanced=2.0825, train_raw=3.7905, masked=0.0004, jigsaw_acc=0.254, val_balanced=2.0986, val_raw=3.6593, monitor=raw_loss, best=3.6489, patience=18/50
Epoch 186: train_balanced=2.0973, train_raw=3.7862, masked=0.0004, jigsaw_acc=0.255, val_balanced=2.1410, val_raw=3.6553, monitor=raw_loss, best=3.6489, patience=19/50
Epoch 187: train_balanced=2.1050, train_raw=3.7867, masked=0.0004, jigsaw_acc=0.254, val_balanced=2.0356, val_raw=3.6600, monitor=raw_loss, best=3.6489, patience=20/50
Epoch 188: train_balanced=2.1068, train_raw=3.7906, masked=0.0004, jigsaw_acc=0.254, val_balanced=1.9729, val_raw=3.6490, monitor=raw_loss, best=3.6489, patience=21/50
Epoch 189: train_balanced=2.0670, train_raw=3.7889, masked=0.0004, jigsaw_acc=0.254, val_balanced=2.1542, val_raw=3.6543, monitor=raw_loss, best=3.6489, patience=22/50
Epoch 190: train_balanced=2.1091, train_raw=3.7869, masked=0.0004, jigsaw_acc=0.254, val_balanced=2.0282, val_raw=3.6551, monitor=raw_loss, best=3.6489, patience=23/50
Epoch 191: train_balanced=2.0881, train_raw=3.7843, masked=0.0004, jigsaw_acc=0.255, val_balanced=2.0836, val_raw=3.6436, monitor=raw_loss, best=3.6436, patience=0/50
Epoch 192: train_balanced=2.1015, train_raw=3.7887, masked=0.0004, jigsaw_acc=0.253, val_balanced=2.1288, val_raw=3.6450, monitor=raw_loss, best=3.6436, patience=1/50
Epoch 193: train_balanced=2.1026, train_raw=3.7893, masked=0.0004, jigsaw_acc=0.254, val_balanced=2.2772, val_raw=3.6530, monitor=raw_loss, best=3.6436, patience=2/50
Epoch 194: train_balanced=2.0815, train_raw=3.7854, masked=0.0004, jigsaw_acc=0.254, val_balanced=2.0804, val_raw=3.6517, monitor=raw_loss, best=3.6436, patience=3/50
Epoch 195: train_balanced=2.1173, train_raw=3.7857, masked=0.0004, jigsaw_acc=0.254, val_balanced=2.0038, val_raw=3.6478, monitor=raw_loss, best=3.6436, patience=4/50
Epoch 196: train_balanced=2.0336, train_raw=3.7883, masked=0.0004, jigsaw_acc=0.253, val_balanced=2.0612, val_raw=3.6591, monitor=raw_loss, best=3.6436, patience=5/50
Epoch 197: train_balanced=2.0719, train_raw=3.7861, masked=0.0004, jigsaw_acc=0.255, val_balanced=2.0187, val_raw=3.6527, monitor=raw_loss, best=3.6436, patience=6/50
Epoch 198: train_balanced=2.0827, train_raw=3.7841, masked=0.0004, jigsaw_acc=0.255, val_balanced=2.1952, val_raw=3.6426, monitor=raw_loss, best=3.6426, patience=0/50
Epoch 199: train_balanced=2.1024, train_raw=3.7815, masked=0.0004, jigsaw_acc=0.255, val_balanced=2.0755, val_raw=3.6494, monitor=raw_loss, best=3.6426, patience=1/50
Epoch 200: train_balanced=2.0904, train_raw=3.7820, masked=0.0004, jigsaw_acc=0.255, val_balanced=2.0272, val_raw=3.6483, monitor=raw_loss, best=3.6426, patience=2/50
Epoch 201: train_balanced=2.1047, train_raw=3.7817, masked=0.0004, jigsaw_acc=0.255, val_balanced=2.1448, val_raw=3.6479, monitor=raw_loss, best=3.6426, patience=3/50
Epoch 202: train_balanced=2.0787, train_raw=3.7807, masked=0.0004, jigsaw_acc=0.255, val_balanced=2.0717, val_raw=3.6425, monitor=raw_loss, best=3.6425, patience=0/50
Epoch 203: train_balanced=2.0937, train_raw=3.7792, masked=0.0004, jigsaw_acc=0.256, val_balanced=2.0550, val_raw=3.6409, monitor=raw_loss, best=3.6409, patience=0/50
Epoch 204: train_balanced=2.1007, train_raw=3.7791, masked=0.0004, jigsaw_acc=0.255, val_balanced=2.0660, val_raw=3.6368, monitor=raw_loss, best=3.6368, patience=0/50
Epoch 205: train_balanced=2.0974, train_raw=3.7782, masked=0.0004, jigsaw_acc=0.255, val_balanced=2.0436, val_raw=3.6428, monitor=raw_loss, best=3.6368, patience=1/50
Epoch 206: train_balanced=2.0734, train_raw=3.7795, masked=0.0004, jigsaw_acc=0.255, val_balanced=2.1228, val_raw=3.6411, monitor=raw_loss, best=3.6368, patience=2/50
Epoch 207: train_balanced=2.1144, train_raw=3.7811, masked=0.0004, jigsaw_acc=0.255, val_balanced=2.0298, val_raw=3.6362, monitor=raw_loss, best=3.6362, patience=0/50
Epoch 208: train_balanced=2.0819, train_raw=3.7780, masked=0.0004, jigsaw_acc=0.255, val_balanced=2.0831, val_raw=3.6443, monitor=raw_loss, best=3.6362, patience=1/50
Epoch 209: train_balanced=2.1036, train_raw=3.7789, masked=0.0004, jigsaw_acc=0.255, val_balanced=2.0852, val_raw=3.6434, monitor=raw_loss, best=3.6362, patience=2/50
Epoch 210: train_balanced=2.0931, train_raw=3.7795, masked=0.0004, jigsaw_acc=0.256, val_balanced=2.0750, val_raw=3.6388, monitor=raw_loss, best=3.6362, patience=3/50
Epoch 211: train_balanced=2.1048, train_raw=3.7750, masked=0.0004, jigsaw_acc=0.256, val_balanced=2.0097, val_raw=3.6438, monitor=raw_loss, best=3.6362, patience=4/50
Epoch 212: train_balanced=2.0931, train_raw=3.7779, masked=0.0004, jigsaw_acc=0.257, val_balanced=2.0320, val_raw=3.6462, monitor=raw_loss, best=3.6362, patience=5/50
Epoch 213: train_balanced=2.0861, train_raw=3.7805, masked=0.0004, jigsaw_acc=0.256, val_balanced=2.0327, val_raw=3.6469, monitor=raw_loss, best=3.6362, patience=6/50
Epoch 214: train_balanced=2.0882, train_raw=3.7767, masked=0.0004, jigsaw_acc=0.256, val_balanced=2.1399, val_raw=3.6336, monitor=raw_loss, best=3.6336, patience=0/50
Epoch 215: train_balanced=2.1044, train_raw=3.7766, masked=0.0004, jigsaw_acc=0.256, val_balanced=2.0308, val_raw=3.6324, monitor=raw_loss, best=3.6324, patience=0/50
Epoch 216: train_balanced=2.0812, train_raw=3.7703, masked=0.0004, jigsaw_acc=0.257, val_balanced=2.0605, val_raw=3.6273, monitor=raw_loss, best=3.6273, patience=0/50
Epoch 217: train_balanced=2.0878, train_raw=3.7761, masked=0.0004, jigsaw_acc=0.256, val_balanced=2.1064, val_raw=3.6359, monitor=raw_loss, best=3.6273, patience=1/50
Epoch 218: train_balanced=2.1062, train_raw=3.7733, masked=0.0004, jigsaw_acc=0.257, val_balanced=2.0325, val_raw=3.6538, monitor=raw_loss, best=3.6273, patience=2/50
Epoch 219: train_balanced=2.1056, train_raw=3.7746, masked=0.0004, jigsaw_acc=0.257, val_balanced=2.0534, val_raw=3.6393, monitor=raw_loss, best=3.6273, patience=3/50
Epoch 220: train_balanced=2.0936, train_raw=3.7693, masked=0.0004, jigsaw_acc=0.257, val_balanced=1.9920, val_raw=3.6368, monitor=raw_loss, best=3.6273, patience=4/50
Epoch 221: train_balanced=2.0705, train_raw=3.7764, masked=0.0004, jigsaw_acc=0.256, val_balanced=2.1142, val_raw=3.6369, monitor=raw_loss, best=3.6273, patience=5/50
Epoch 222: train_balanced=2.0971, train_raw=3.7696, masked=0.0004, jigsaw_acc=0.257, val_balanced=2.0849, val_raw=3.6351, monitor=raw_loss, best=3.6273, patience=6/50
Epoch 223: train_balanced=2.1065, train_raw=3.7740, masked=0.0004, jigsaw_acc=0.256, val_balanced=2.0474, val_raw=3.6332, monitor=raw_loss, best=3.6273, patience=7/50
Epoch 224: train_balanced=2.1065, train_raw=3.7710, masked=0.0004, jigsaw_acc=0.257, val_balanced=1.9544, val_raw=3.6319, monitor=raw_loss, best=3.6273, patience=8/50
Epoch 225: train_balanced=2.0914, train_raw=3.7727, masked=0.0004, jigsaw_acc=0.256, val_balanced=1.9530, val_raw=3.6346, monitor=raw_loss, best=3.6273, patience=9/50
Epoch 226: train_balanced=2.0746, train_raw=3.7711, masked=0.0004, jigsaw_acc=0.257, val_balanced=2.0734, val_raw=3.6296, monitor=raw_loss, best=3.6273, patience=10/50
Epoch 227: train_balanced=2.0992, train_raw=3.7692, masked=0.0004, jigsaw_acc=0.257, val_balanced=2.0329, val_raw=3.6362, monitor=raw_loss, best=3.6273, patience=11/50
Epoch 228: train_balanced=2.0953, train_raw=3.7713, masked=0.0004, jigsaw_acc=0.257, val_balanced=2.0420, val_raw=3.6268, monitor=raw_loss, best=3.6268, patience=0/50
Epoch 229: train_balanced=2.0941, train_raw=3.7698, masked=0.0004, jigsaw_acc=0.257, val_balanced=2.0838, val_raw=3.6298, monitor=raw_loss, best=3.6268, patience=1/50
Epoch 230: train_balanced=2.0870, train_raw=3.7695, masked=0.0004, jigsaw_acc=0.258, val_balanced=2.0764, val_raw=3.6328, monitor=raw_loss, best=3.6268, patience=2/50
Epoch 231: train_balanced=2.1037, train_raw=3.7687, masked=0.0004, jigsaw_acc=0.258, val_balanced=2.0479, val_raw=3.6309, monitor=raw_loss, best=3.6268, patience=3/50
Epoch 232: train_balanced=2.0961, train_raw=3.7669, masked=0.0004, jigsaw_acc=0.258, val_balanced=2.0201, val_raw=3.6374, monitor=raw_loss, best=3.6268, patience=4/50
Epoch 233: train_balanced=2.0899, train_raw=3.7655, masked=0.0004, jigsaw_acc=0.257, val_balanced=2.0577, val_raw=3.6320, monitor=raw_loss, best=3.6268, patience=5/50
Epoch 234: train_balanced=2.0794, train_raw=3.7642, masked=0.0004, jigsaw_acc=0.257, val_balanced=2.0692, val_raw=3.6289, monitor=raw_loss, best=3.6268, patience=6/50
Epoch 235: train_balanced=2.0966, train_raw=3.7658, masked=0.0004, jigsaw_acc=0.258, val_balanced=2.0988, val_raw=3.6401, monitor=raw_loss, best=3.6268, patience=7/50
Epoch 236: train_balanced=2.1033, train_raw=3.7645, masked=0.0004, jigsaw_acc=0.258, val_balanced=2.0246, val_raw=3.6265, monitor=raw_loss, best=3.6265, patience=0/50
Epoch 237: train_balanced=2.0870, train_raw=3.7683, masked=0.0004, jigsaw_acc=0.258, val_balanced=2.0805, val_raw=3.6267, monitor=raw_loss, best=3.6265, patience=1/50
Epoch 238: train_balanced=2.0934, train_raw=3.7652, masked=0.0004, jigsaw_acc=0.258, val_balanced=2.1331, val_raw=3.6270, monitor=raw_loss, best=3.6265, patience=2/50
Epoch 239: train_balanced=2.1022, train_raw=3.7653, masked=0.0004, jigsaw_acc=0.258, val_balanced=2.0798, val_raw=3.6280, monitor=raw_loss, best=3.6265, patience=3/50
Epoch 240: train_balanced=2.0898, train_raw=3.7633, masked=0.0004, jigsaw_acc=0.258, val_balanced=2.0831, val_raw=3.6264, monitor=raw_loss, best=3.6264, patience=0/50
Epoch 241: train_balanced=2.0900, train_raw=3.7614, masked=0.0004, jigsaw_acc=0.259, val_balanced=2.1340, val_raw=3.6358, monitor=raw_loss, best=3.6264, patience=1/50
Epoch 242: train_balanced=2.1081, train_raw=3.7634, masked=0.0004, jigsaw_acc=0.258, val_balanced=2.0403, val_raw=3.6250, monitor=raw_loss, best=3.6250, patience=0/50
Epoch 243: train_balanced=2.0969, train_raw=3.7594, masked=0.0004, jigsaw_acc=0.259, val_balanced=2.0355, val_raw=3.6286, monitor=raw_loss, best=3.6250, patience=1/50
Epoch 244: train_balanced=2.0779, train_raw=3.7674, masked=0.0004, jigsaw_acc=0.258, val_balanced=2.1598, val_raw=3.6357, monitor=raw_loss, best=3.6250, patience=2/50
Epoch 245: train_balanced=2.1072, train_raw=3.7635, masked=0.0003, jigsaw_acc=0.259, val_balanced=2.0435, val_raw=3.6276, monitor=raw_loss, best=3.6250, patience=3/50
Epoch 246: train_balanced=2.0643, train_raw=3.7650, masked=0.0004, jigsaw_acc=0.258, val_balanced=2.1345, val_raw=3.6296, monitor=raw_loss, best=3.6250, patience=4/50
Epoch 247: train_balanced=2.0944, train_raw=3.7629, masked=0.0003, jigsaw_acc=0.258, val_balanced=2.1044, val_raw=3.6313, monitor=raw_loss, best=3.6250, patience=5/50
Epoch 248: train_balanced=2.0899, train_raw=3.7626, masked=0.0004, jigsaw_acc=0.259, val_balanced=2.1072, val_raw=3.6277, monitor=raw_loss, best=3.6250, patience=6/50
Epoch 249: train_balanced=2.0951, train_raw=3.7612, masked=0.0004, jigsaw_acc=0.258, val_balanced=2.1345, val_raw=3.6219, monitor=raw_loss, best=3.6219, patience=0/50
Epoch 250: train_balanced=2.1093, train_raw=3.7640, masked=0.0004, jigsaw_acc=0.258, val_balanced=2.0254, val_raw=3.6195, monitor=raw_loss, best=3.6195, patience=0/50
Epoch 251: train_balanced=2.0886, train_raw=3.7576, masked=0.0004, jigsaw_acc=0.259, val_balanced=2.0484, val_raw=3.6240, monitor=raw_loss, best=3.6195, patience=1/50
Epoch 252: train_balanced=2.0833, train_raw=3.7576, masked=0.0004, jigsaw_acc=0.260, val_balanced=2.1141, val_raw=3.6257, monitor=raw_loss, best=3.6195, patience=2/50
Epoch 253: train_balanced=2.0904, train_raw=3.7590, masked=0.0003, jigsaw_acc=0.259, val_balanced=2.1494, val_raw=3.6216, monitor=raw_loss, best=3.6195, patience=3/50
Epoch 254: train_balanced=2.0958, train_raw=3.7576, masked=0.0003, jigsaw_acc=0.260, val_balanced=2.1090, val_raw=3.6272, monitor=raw_loss, best=3.6195, patience=4/50
Epoch 255: train_balanced=2.1031, train_raw=3.7622, masked=0.0003, jigsaw_acc=0.259, val_balanced=2.0815, val_raw=3.6301, monitor=raw_loss, best=3.6195, patience=5/50
Epoch 256: train_balanced=2.0867, train_raw=3.7607, masked=0.0003, jigsaw_acc=0.259, val_balanced=2.1066, val_raw=3.6287, monitor=raw_loss, best=3.6195, patience=6/50
Epoch 257: train_balanced=2.0967, train_raw=3.7589, masked=0.0003, jigsaw_acc=0.259, val_balanced=2.0967, val_raw=3.6233, monitor=raw_loss, best=3.6195, patience=7/50
Epoch 258: train_balanced=2.1109, train_raw=3.7585, masked=0.0004, jigsaw_acc=0.259, val_balanced=2.0215, val_raw=3.6284, monitor=raw_loss, best=3.6195, patience=8/50
Epoch 259: train_balanced=2.0749, train_raw=3.7608, masked=0.0004, jigsaw_acc=0.259, val_balanced=2.1046, val_raw=3.6261, monitor=raw_loss, best=3.6195, patience=9/50
Epoch 260: train_balanced=2.0853, train_raw=3.7589, masked=0.0003, jigsaw_acc=0.259, val_balanced=2.1309, val_raw=3.6230, monitor=raw_loss, best=3.6195, patience=10/50
Epoch 261: train_balanced=2.0950, train_raw=3.7559, masked=0.0003, jigsaw_acc=0.260, val_balanced=2.0932, val_raw=3.6185, monitor=raw_loss, best=3.6185, patience=0/50
Epoch 262: train_balanced=2.0991, train_raw=3.7585, masked=0.0003, jigsaw_acc=0.260, val_balanced=2.1431, val_raw=3.6276, monitor=raw_loss, best=3.6185, patience=1/50
Epoch 263: train_balanced=2.1044, train_raw=3.7580, masked=0.0003, jigsaw_acc=0.259, val_balanced=2.0300, val_raw=3.6252, monitor=raw_loss, best=3.6185, patience=2/50
Epoch 264: train_balanced=2.0963, train_raw=3.7584, masked=0.0003, jigsaw_acc=0.259, val_balanced=2.0216, val_raw=3.6261, monitor=raw_loss, best=3.6185, patience=3/50
Epoch 265: train_balanced=2.0881, train_raw=3.7560, masked=0.0003, jigsaw_acc=0.260, val_balanced=2.0878, val_raw=3.6166, monitor=raw_loss, best=3.6166, patience=0/50
Epoch 266: train_balanced=2.0919, train_raw=3.7566, masked=0.0003, jigsaw_acc=0.259, val_balanced=2.0456, val_raw=3.6225, monitor=raw_loss, best=3.6166, patience=1/50
Epoch 267: train_balanced=2.0975, train_raw=3.7573, masked=0.0003, jigsaw_acc=0.259, val_balanced=2.0678, val_raw=3.6170, monitor=raw_loss, best=3.6166, patience=2/50
Epoch 268: train_balanced=2.0878, train_raw=3.7549, masked=0.0003, jigsaw_acc=0.260, val_balanced=2.0979, val_raw=3.6224, monitor=raw_loss, best=3.6166, patience=3/50
Epoch 269: train_balanced=2.0845, train_raw=3.7565, masked=0.0004, jigsaw_acc=0.260, val_balanced=2.1152, val_raw=3.6207, monitor=raw_loss, best=3.6166, patience=4/50
Epoch 270: train_balanced=2.0869, train_raw=3.7548, masked=0.0003, jigsaw_acc=0.260, val_balanced=2.1269, val_raw=3.6268, monitor=raw_loss, best=3.6166, patience=5/50
Epoch 271: train_balanced=2.0929, train_raw=3.7543, masked=0.0003, jigsaw_acc=0.260, val_balanced=2.1607, val_raw=3.6221, monitor=raw_loss, best=3.6166, patience=6/50
Epoch 272: train_balanced=2.1051, train_raw=3.7533, masked=0.0003, jigsaw_acc=0.260, val_balanced=2.0888, val_raw=3.6170, monitor=raw_loss, best=3.6166, patience=7/50
Epoch 273: train_balanced=2.0879, train_raw=3.7521, masked=0.0003, jigsaw_acc=0.260, val_balanced=2.1117, val_raw=3.6189, monitor=raw_loss, best=3.6166, patience=8/50
Epoch 274: train_balanced=2.1327, train_raw=3.7546, masked=0.0003, jigsaw_acc=0.259, val_balanced=1.9651, val_raw=3.6226, monitor=raw_loss, best=3.6166, patience=9/50
Epoch 275: train_balanced=2.0592, train_raw=3.7556, masked=0.0003, jigsaw_acc=0.260, val_balanced=2.0821, val_raw=3.6170, monitor=raw_loss, best=3.6166, patience=10/50
Epoch 276: train_balanced=2.1053, train_raw=3.7560, masked=0.0003, jigsaw_acc=0.260, val_balanced=2.0585, val_raw=3.6176, monitor=raw_loss, best=3.6166, patience=11/50
Epoch 277: train_balanced=2.0895, train_raw=3.7541, masked=0.0003, jigsaw_acc=0.260, val_balanced=2.0867, val_raw=3.6144, monitor=raw_loss, best=3.6144, patience=0/50
Epoch 278: train_balanced=2.0744, train_raw=3.7546, masked=0.0003, jigsaw_acc=0.260, val_balanced=2.1635, val_raw=3.6144, monitor=raw_loss, best=3.6144, patience=1/50
Epoch 279: train_balanced=2.0994, train_raw=3.7516, masked=0.0003, jigsaw_acc=0.261, val_balanced=2.1373, val_raw=3.6160, monitor=raw_loss, best=3.6144, patience=2/50
Epoch 280: train_balanced=2.0943, train_raw=3.7532, masked=0.0003, jigsaw_acc=0.260, val_balanced=2.1342, val_raw=3.6172, monitor=raw_loss, best=3.6144, patience=3/50
Epoch 281: train_balanced=2.1135, train_raw=3.7506, masked=0.0003, jigsaw_acc=0.261, val_balanced=2.0419, val_raw=3.6115, monitor=raw_loss, best=3.6115, patience=0/50
Epoch 282: train_balanced=2.0620, train_raw=3.7495, masked=0.0003, jigsaw_acc=0.261, val_balanced=2.1629, val_raw=3.6156, monitor=raw_loss, best=3.6115, patience=1/50
Epoch 283: train_balanced=2.1154, train_raw=3.7516, masked=0.0003, jigsaw_acc=0.261, val_balanced=2.0573, val_raw=3.6182, monitor=raw_loss, best=3.6115, patience=2/50
Epoch 284: train_balanced=2.0780, train_raw=3.7502, masked=0.0003, jigsaw_acc=0.261, val_balanced=2.1403, val_raw=3.6204, monitor=raw_loss, best=3.6115, patience=3/50
Epoch 285: train_balanced=2.1166, train_raw=3.7513, masked=0.0003, jigsaw_acc=0.260, val_balanced=2.0102, val_raw=3.6136, monitor=raw_loss, best=3.6115, patience=4/50
Epoch 286: train_balanced=2.1047, train_raw=3.7501, masked=0.0003, jigsaw_acc=0.261, val_balanced=1.9555, val_raw=3.6173, monitor=raw_loss, best=3.6115, patience=5/50
Epoch 287: train_balanced=2.0768, train_raw=3.7519, masked=0.0003, jigsaw_acc=0.260, val_balanced=2.0335, val_raw=3.6213, monitor=raw_loss, best=3.6115, patience=6/50
Epoch 288: train_balanced=2.0958, train_raw=3.7532, masked=0.0003, jigsaw_acc=0.260, val_balanced=2.0550, val_raw=3.6159, monitor=raw_loss, best=3.6115, patience=7/50
Epoch 289: train_balanced=2.0862, train_raw=3.7519, masked=0.0003, jigsaw_acc=0.260, val_balanced=2.0933, val_raw=3.6165, monitor=raw_loss, best=3.6115, patience=8/50
Epoch 290: train_balanced=2.1007, train_raw=3.7482, masked=0.0003, jigsaw_acc=0.261, val_balanced=2.0543, val_raw=3.6136, monitor=raw_loss, best=3.6115, patience=9/50
Epoch 291: train_balanced=2.0772, train_raw=3.7510, masked=0.0003, jigsaw_acc=0.260, val_balanced=2.1721, val_raw=3.6197, monitor=raw_loss, best=3.6115, patience=10/50
Epoch 292: train_balanced=2.1177, train_raw=3.7506, masked=0.0003, jigsaw_acc=0.260, val_balanced=2.0485, val_raw=3.6158, monitor=raw_loss, best=3.6115, patience=11/50
Epoch 293: train_balanced=2.0924, train_raw=3.7476, masked=0.0003, jigsaw_acc=0.261, val_balanced=2.0364, val_raw=3.6164, monitor=raw_loss, best=3.6115, patience=12/50
Epoch 294: train_balanced=2.0921, train_raw=3.7497, masked=0.0003, jigsaw_acc=0.261, val_balanced=2.0765, val_raw=3.6173, monitor=raw_loss, best=3.6115, patience=13/50
Epoch 295: train_balanced=2.0829, train_raw=3.7495, masked=0.0003, jigsaw_acc=0.261, val_balanced=2.1099, val_raw=3.6139, monitor=raw_loss, best=3.6115, patience=14/50
Epoch 296: train_balanced=2.1093, train_raw=3.7471, masked=0.0003, jigsaw_acc=0.262, val_balanced=2.0348, val_raw=3.6171, monitor=raw_loss, best=3.6115, patience=15/50
Epoch 297: train_balanced=2.0729, train_raw=3.7492, masked=0.0003, jigsaw_acc=0.261, val_balanced=2.1771, val_raw=3.6132, monitor=raw_loss, best=3.6115, patience=16/50
Epoch 298: train_balanced=2.0885, train_raw=3.7476, masked=0.0003, jigsaw_acc=0.262, val_balanced=2.1590, val_raw=3.6169, monitor=raw_loss, best=3.6115, patience=17/50
Epoch 299: train_balanced=2.1099, train_raw=3.7474, masked=0.0003, jigsaw_acc=0.261, val_balanced=2.0971, val_raw=3.6108, monitor=raw_loss, best=3.6108, patience=0/50
Epoch 300: train_balanced=2.1027, train_raw=3.7460, masked=0.0003, jigsaw_acc=0.262, val_balanced=2.0085, val_raw=3.6126, monitor=raw_loss, best=3.6108, patience=1/50
Epoch 301: train_balanced=2.0890, train_raw=3.7468, masked=0.0003, jigsaw_acc=0.262, val_balanced=2.0653, val_raw=3.6106, monitor=raw_loss, best=3.6106, patience=0/50
Epoch 302: train_balanced=2.0871, train_raw=3.7465, masked=0.0003, jigsaw_acc=0.262, val_balanced=2.1018, val_raw=3.6101, monitor=raw_loss, best=3.6101, patience=0/50
Epoch 303: train_balanced=2.0958, train_raw=3.7473, masked=0.0003, jigsaw_acc=0.261, val_balanced=2.0879, val_raw=3.6159, monitor=raw_loss, best=3.6101, patience=1/50
Epoch 304: train_balanced=2.0904, train_raw=3.7439, masked=0.0003, jigsaw_acc=0.261, val_balanced=2.1383, val_raw=3.6121, monitor=raw_loss, best=3.6101, patience=2/50
Epoch 305: train_balanced=2.1049, train_raw=3.7494, masked=0.0003, jigsaw_acc=0.261, val_balanced=2.0573, val_raw=3.6143, monitor=raw_loss, best=3.6101, patience=3/50
Epoch 306: train_balanced=2.1018, train_raw=3.7476, masked=0.0003, jigsaw_acc=0.261, val_balanced=2.0280, val_raw=3.6128, monitor=raw_loss, best=3.6101, patience=4/50
Epoch 307: train_balanced=2.0802, train_raw=3.7449, masked=0.0003, jigsaw_acc=0.262, val_balanced=2.0937, val_raw=3.6111, monitor=raw_loss, best=3.6101, patience=5/50
Epoch 308: train_balanced=2.0736, train_raw=3.7462, masked=0.0003, jigsaw_acc=0.262, val_balanced=2.1975, val_raw=3.6150, monitor=raw_loss, best=3.6101, patience=6/50
Epoch 309: train_balanced=2.1077, train_raw=3.7453, masked=0.0003, jigsaw_acc=0.261, val_balanced=2.1027, val_raw=3.6161, monitor=raw_loss, best=3.6101, patience=7/50
Epoch 310: train_balanced=2.0803, train_raw=3.7450, masked=0.0003, jigsaw_acc=0.261, val_balanced=2.1251, val_raw=3.6149, monitor=raw_loss, best=3.6101, patience=8/50
Epoch 311: train_balanced=2.1073, train_raw=3.7469, masked=0.0003, jigsaw_acc=0.262, val_balanced=2.1010, val_raw=3.6127, monitor=raw_loss, best=3.6101, patience=9/50
Epoch 312: train_balanced=2.0845, train_raw=3.7459, masked=0.0003, jigsaw_acc=0.262, val_balanced=2.1259, val_raw=3.6105, monitor=raw_loss, best=3.6101, patience=10/50
Epoch 313: train_balanced=2.0964, train_raw=3.7473, masked=0.0003, jigsaw_acc=0.261, val_balanced=2.0983, val_raw=3.6067, monitor=raw_loss, best=3.6067, patience=0/50
Epoch 314: train_balanced=2.1175, train_raw=3.7447, masked=0.0003, jigsaw_acc=0.262, val_balanced=1.9761, val_raw=3.6075, monitor=raw_loss, best=3.6067, patience=1/50
Epoch 315: train_balanced=2.0810, train_raw=3.7457, masked=0.0003, jigsaw_acc=0.262, val_balanced=2.0916, val_raw=3.6089, monitor=raw_loss, best=3.6067, patience=2/50
Epoch 316: train_balanced=2.0810, train_raw=3.7431, masked=0.0003, jigsaw_acc=0.261, val_balanced=2.1294, val_raw=3.6111, monitor=raw_loss, best=3.6067, patience=3/50
Epoch 317: train_balanced=2.0973, train_raw=3.7448, masked=0.0003, jigsaw_acc=0.262, val_balanced=2.0891, val_raw=3.6109, monitor=raw_loss, best=3.6067, patience=4/50
Epoch 318: train_balanced=2.0874, train_raw=3.7445, masked=0.0003, jigsaw_acc=0.262, val_balanced=2.1466, val_raw=3.6097, monitor=raw_loss, best=3.6067, patience=5/50
Epoch 319: train_balanced=2.1011, train_raw=3.7478, masked=0.0003, jigsaw_acc=0.261, val_balanced=2.1316, val_raw=3.6102, monitor=raw_loss, best=3.6067, patience=6/50
Epoch 320: train_balanced=2.1010, train_raw=3.7445, masked=0.0003, jigsaw_acc=0.262, val_balanced=2.0610, val_raw=3.6069, monitor=raw_loss, best=3.6067, patience=7/50
Epoch 321: train_balanced=2.0930, train_raw=3.7455, masked=0.0003, jigsaw_acc=0.261, val_balanced=2.0547, val_raw=3.6127, monitor=raw_loss, best=3.6067, patience=8/50
Epoch 322: train_balanced=2.0846, train_raw=3.7443, masked=0.0003, jigsaw_acc=0.262, val_balanced=2.0761, val_raw=3.6145, monitor=raw_loss, best=3.6067, patience=9/50
Epoch 323: train_balanced=2.0922, train_raw=3.7449, masked=0.0003, jigsaw_acc=0.261, val_balanced=2.1142, val_raw=3.6107, monitor=raw_loss, best=3.6067, patience=10/50
Epoch 324: train_balanced=2.0912, train_raw=3.7443, masked=0.0003, jigsaw_acc=0.262, val_balanced=2.1422, val_raw=3.6112, monitor=raw_loss, best=3.6067, patience=11/50
Epoch 325: train_balanced=2.1040, train_raw=3.7413, masked=0.0003, jigsaw_acc=0.262, val_balanced=2.0703, val_raw=3.6097, monitor=raw_loss, best=3.6067, patience=12/50
Epoch 326: train_balanced=2.0938, train_raw=3.7457, masked=0.0003, jigsaw_acc=0.262, val_balanced=2.0707, val_raw=3.6122, monitor=raw_loss, best=3.6067, patience=13/50
Epoch 327: train_balanced=2.0891, train_raw=3.7427, masked=0.0003, jigsaw_acc=0.262, val_balanced=2.0707, val_raw=3.6135, monitor=raw_loss, best=3.6067, patience=14/50
Epoch 328: train_balanced=2.0971, train_raw=3.7449, masked=0.0003, jigsaw_acc=0.263, val_balanced=2.0565, val_raw=3.6108, monitor=raw_loss, best=3.6067, patience=15/50
Epoch 329: train_balanced=2.0864, train_raw=3.7442, masked=0.0003, jigsaw_acc=0.261, val_balanced=2.1222, val_raw=3.6051, monitor=raw_loss, best=3.6051, patience=0/50
Epoch 330: train_balanced=2.1005, train_raw=3.7452, masked=0.0003, jigsaw_acc=0.262, val_balanced=2.0720, val_raw=3.6089, monitor=raw_loss, best=3.6051, patience=1/50
Epoch 331: train_balanced=2.0928, train_raw=3.7416, masked=0.0003, jigsaw_acc=0.261, val_balanced=2.0731, val_raw=3.6100, monitor=raw_loss, best=3.6051, patience=2/50
Epoch 332: train_balanced=2.0849, train_raw=3.7415, masked=0.0003, jigsaw_acc=0.262, val_balanced=2.1834, val_raw=3.6057, monitor=raw_loss, best=3.6051, patience=3/50
Epoch 333: train_balanced=2.0982, train_raw=3.7426, masked=0.0003, jigsaw_acc=0.262, val_balanced=2.1114, val_raw=3.6109, monitor=raw_loss, best=3.6051, patience=4/50
Epoch 334: train_balanced=2.0895, train_raw=3.7439, masked=0.0003, jigsaw_acc=0.262, val_balanced=2.1382, val_raw=3.6079, monitor=raw_loss, best=3.6051, patience=5/50
Epoch 335: train_balanced=2.1087, train_raw=3.7417, masked=0.0003, jigsaw_acc=0.262, val_balanced=2.0617, val_raw=3.6071, monitor=raw_loss, best=3.6051, patience=6/50
Epoch 336: train_balanced=2.0802, train_raw=3.7430, masked=0.0003, jigsaw_acc=0.262, val_balanced=2.1447, val_raw=3.6060, monitor=raw_loss, best=3.6051, patience=7/50
Epoch 337: train_balanced=2.1042, train_raw=3.7400, masked=0.0003, jigsaw_acc=0.263, val_balanced=2.0965, val_raw=3.6114, monitor=raw_loss, best=3.6051, patience=8/50
Epoch 338: train_balanced=2.0916, train_raw=3.7419, masked=0.0003, jigsaw_acc=0.262, val_balanced=2.1061, val_raw=3.6121, monitor=raw_loss, best=3.6051, patience=9/50
Epoch 339: train_balanced=2.0870, train_raw=3.7409, masked=0.0003, jigsaw_acc=0.262, val_balanced=2.1185, val_raw=3.6108, monitor=raw_loss, best=3.6051, patience=10/50
Epoch 340: train_balanced=2.1070, train_raw=3.7426, masked=0.0003, jigsaw_acc=0.262, val_balanced=2.0697, val_raw=3.6099, monitor=raw_loss, best=3.6051, patience=11/50
Epoch 341: train_balanced=2.1086, train_raw=3.7411, masked=0.0003, jigsaw_acc=0.262, val_balanced=2.0097, val_raw=3.6091, monitor=raw_loss, best=3.6051, patience=12/50
Epoch 342: train_balanced=2.0717, train_raw=3.7408, masked=0.0003, jigsaw_acc=0.262, val_balanced=2.0835, val_raw=3.6097, monitor=raw_loss, best=3.6051, patience=13/50
Epoch 343: train_balanced=2.0898, train_raw=3.7409, masked=0.0003, jigsaw_acc=0.262, val_balanced=2.1377, val_raw=3.6067, monitor=raw_loss, best=3.6051, patience=14/50
Epoch 344: train_balanced=2.0938, train_raw=3.7401, masked=0.0003, jigsaw_acc=0.263, val_balanced=2.1409, val_raw=3.6102, monitor=raw_loss, best=3.6051, patience=15/50
Epoch 345: train_balanced=2.0562, train_raw=3.7409, masked=0.0003, jigsaw_acc=0.262, val_balanced=1.9847, val_raw=3.6095, monitor=raw_loss, best=3.6051, patience=16/50
Epoch 346: train_balanced=2.0484, train_raw=3.7422, masked=0.0003, jigsaw_acc=0.262, val_balanced=2.1582, val_raw=3.6124, monitor=raw_loss, best=3.6051, patience=17/50
Epoch 347: train_balanced=2.1085, train_raw=3.7411, masked=0.0003, jigsaw_acc=0.263, val_balanced=2.0939, val_raw=3.6110, monitor=raw_loss, best=3.6051, patience=18/50
Epoch 348: train_balanced=2.0996, train_raw=3.7390, masked=0.0003, jigsaw_acc=0.262, val_balanced=2.0631, val_raw=3.6110, monitor=raw_loss, best=3.6051, patience=19/50
Epoch 349: train_balanced=2.0952, train_raw=3.7405, masked=0.0003, jigsaw_acc=0.262, val_balanced=2.0603, val_raw=3.6096, monitor=raw_loss, best=3.6051, patience=20/50
Epoch 350: train_balanced=2.0874, train_raw=3.7406, masked=0.0003, jigsaw_acc=0.263, val_balanced=2.0876, val_raw=3.6069, monitor=raw_loss, best=3.6051, patience=21/50
Epoch 351: train_balanced=2.1016, train_raw=3.7418, masked=0.0003, jigsaw_acc=0.262, val_balanced=2.0459, val_raw=3.6090, monitor=raw_loss, best=3.6051, patience=22/50
Epoch 352: train_balanced=2.0832, train_raw=3.7422, masked=0.0003, jigsaw_acc=0.262, val_balanced=2.1064, val_raw=3.6114, monitor=raw_loss, best=3.6051, patience=23/50
Epoch 353: train_balanced=2.1027, train_raw=3.7400, masked=0.0003, jigsaw_acc=0.262, val_balanced=2.0910, val_raw=3.6114, monitor=raw_loss, best=3.6051, patience=24/50
Epoch 354: train_balanced=2.0856, train_raw=3.7402, masked=0.0003, jigsaw_acc=0.262, val_balanced=2.1375, val_raw=3.6110, monitor=raw_loss, best=3.6051, patience=25/50
Epoch 355: train_balanced=2.0919, train_raw=3.7400, masked=0.0003, jigsaw_acc=0.262, val_balanced=2.1488, val_raw=3.6068, monitor=raw_loss, best=3.6051, patience=26/50
Epoch 356: train_balanced=2.1092, train_raw=3.7405, masked=0.0003, jigsaw_acc=0.263, val_balanced=2.0403, val_raw=3.6096, monitor=raw_loss, best=3.6051, patience=27/50
Epoch 357: train_balanced=2.0700, train_raw=3.7394, masked=0.0003, jigsaw_acc=0.262, val_balanced=2.1922, val_raw=3.6062, monitor=raw_loss, best=3.6051, patience=28/50
Epoch 358: train_balanced=2.1003, train_raw=3.7381, masked=0.0003, jigsaw_acc=0.262, val_balanced=2.1553, val_raw=3.6072, monitor=raw_loss, best=3.6051, patience=29/50
Epoch 359: train_balanced=2.1099, train_raw=3.7381, masked=0.0003, jigsaw_acc=0.263, val_balanced=2.0808, val_raw=3.6094, monitor=raw_loss, best=3.6051, patience=30/50
Epoch 360: train_balanced=2.0915, train_raw=3.7392, masked=0.0003, jigsaw_acc=0.263, val_balanced=2.1005, val_raw=3.6091, monitor=raw_loss, best=3.6051, patience=31/50
Epoch 361: train_balanced=2.0880, train_raw=3.7388, masked=0.0003, jigsaw_acc=0.262, val_balanced=2.1369, val_raw=3.6093, monitor=raw_loss, best=3.6051, patience=32/50
Epoch 362: train_balanced=2.1098, train_raw=3.7391, masked=0.0003, jigsaw_acc=0.262, val_balanced=2.0248, val_raw=3.6089, monitor=raw_loss, best=3.6051, patience=33/50
Epoch 363: train_balanced=2.0811, train_raw=3.7390, masked=0.0003, jigsaw_acc=0.262, val_balanced=2.0967, val_raw=3.6067, monitor=raw_loss, best=3.6051, patience=34/50
Epoch 364: train_balanced=2.0957, train_raw=3.7409, masked=0.0003, jigsaw_acc=0.263, val_balanced=2.0786, val_raw=3.6101, monitor=raw_loss, best=3.6051, patience=35/50
Epoch 365: train_balanced=2.1123, train_raw=3.7388, masked=0.0003, jigsaw_acc=0.262, val_balanced=1.9950, val_raw=3.6069, monitor=raw_loss, best=3.6051, patience=36/50
Epoch 366: train_balanced=2.0722, train_raw=3.7385, masked=0.0003, jigsaw_acc=0.262, val_balanced=2.1203, val_raw=3.6078, monitor=raw_loss, best=3.6051, patience=37/50
Epoch 367: train_balanced=2.0918, train_raw=3.7396, masked=0.0003, jigsaw_acc=0.263, val_balanced=2.1111, val_raw=3.6064, monitor=raw_loss, best=3.6051, patience=38/50
Epoch 368: train_balanced=2.0922, train_raw=3.7375, masked=0.0003, jigsaw_acc=0.262, val_balanced=2.1248, val_raw=3.6075, monitor=raw_loss, best=3.6051, patience=39/50
Epoch 369: train_balanced=2.0980, train_raw=3.7392, masked=0.0003, jigsaw_acc=0.263, val_balanced=2.1098, val_raw=3.6086, monitor=raw_loss, best=3.6051, patience=40/50
Epoch 370: train_balanced=2.0995, train_raw=3.7375, masked=0.0003, jigsaw_acc=0.263, val_balanced=2.0863, val_raw=3.6091, monitor=raw_loss, best=3.6051, patience=41/50
Epoch 371: train_balanced=2.0968, train_raw=3.7386, masked=0.0003, jigsaw_acc=0.263, val_balanced=2.0712, val_raw=3.6087, monitor=raw_loss, best=3.6051, patience=42/50
Epoch 372: train_balanced=2.0848, train_raw=3.7387, masked=0.0003, jigsaw_acc=0.263, val_balanced=2.1362, val_raw=3.6064, monitor=raw_loss, best=3.6051, patience=43/50
Epoch 373: train_balanced=2.0992, train_raw=3.7361, masked=0.0003, jigsaw_acc=0.263, val_balanced=2.1010, val_raw=3.6083, monitor=raw_loss, best=3.6051, patience=44/50
Epoch 374: train_balanced=2.0944, train_raw=3.7381, masked=0.0003, jigsaw_acc=0.262, val_balanced=2.1101, val_raw=3.6060, monitor=raw_loss, best=3.6051, patience=45/50
Epoch 375: train_balanced=2.0952, train_raw=3.7387, masked=0.0003, jigsaw_acc=0.263, val_balanced=2.0952, val_raw=3.6069, monitor=raw_loss, best=3.6051, patience=46/50
Epoch 376: train_balanced=2.0876, train_raw=3.7368, masked=0.0003, jigsaw_acc=0.263, val_balanced=2.1348, val_raw=3.6069, monitor=raw_loss, best=3.6051, patience=47/50
Epoch 377: train_balanced=2.0970, train_raw=3.7383, masked=0.0003, jigsaw_acc=0.263, val_balanced=2.1227, val_raw=3.6068, monitor=raw_loss, best=3.6051, patience=48/50
Epoch 378: train_balanced=2.0826, train_raw=3.7376, masked=0.0003, jigsaw_acc=0.263, val_balanced=2.1838, val_raw=3.6071, monitor=raw_loss, best=3.6051, patience=49/50
Epoch 379: train_balanced=2.1102, train_raw=3.7404, masked=0.0003, jigsaw_acc=0.262, val_balanced=2.0794, val_raw=3.6067, monitor=raw_loss, best=3.6051, patience=50/50
Early stopping after 50 epochs without improvement.
{
  "run_name": "joint_ssl_20260725_085627",
  "best_val_loss": 3.6050506888842975,
  "monitor_metric": "raw_loss",
  "best_checkpoint": "models/joint_ssl/joint_ssl_20260725_085627/joint_ssl_20260725_085627_best.pth",
  "epochs_completed": 379,
  "mask_bin_size": 1024,
  "jigsaw_bin_sizes": [
    256,
    512,
    1024,
    2048
  ],
  "mask_ratio_range": [
    0.2,
    0.6
  ],
  "results_dir": "results/joint_ssl/joint_ssl_20260725_085627"
}
