Using device: cuda:0
Loading NMR spectra...
Loading data/combined/combine_unique_MetaboLights_Workbench_Water_EDTA_Suppressed_rowMinMax_v3.npy with shape (9670, 131072)
Loaded combined spectra shape: (9670, 131072)
Validating data...
Removed 0 duplicate spectra
Final clean spectra shape: (9670, 131072)
Data range: [0.000, 1.000]
Training set: (7736, 131072)
Validation set: (1934, 131072)
Test set: (0, 131072)
Normalized data range: [0.000, 1.000]
Mask strategy: sparse_random with per-sample ratio in [0.20, 0.60]
Mask fill strategy: zero
Post-mask baseline correction: enabled [62500:68000]
Data augmentation disabled
Normalized data range: [0.000, 1.000]
Mask strategy: sparse_random with per-sample ratio in [0.20, 0.60]
Mask fill strategy: zero
Post-mask baseline correction: enabled [62500:68000]
Data augmentation disabled
Patches per spectrum: 128
Patches to mask: 25-76 (random per sample)
Model parameters: 1,874,816

============================================================
Starting training with OPTIMIZED configuration for small dataset:
  - Dataset size: 7736 train, 1934 val
  - Max normalization (no clipping)
  - Sparse random masking (20%-60% per sample, randomized) - keeps context
  - Small patches (1024) for fine detail
  - Small model (3 layers, d=128) to prevent overfitting
  - Larger batches (32) for stable gradients
  - Standard MSE loss
============================================================

/home/nmrbox/0012/shasharma/Desktop/NMR_Metabolomics/code/training/trainer_revised.py:540: FutureWarning: `torch.cuda.amp.GradScaler(args...)` is deprecated. Please use `torch.amp.GradScaler('cuda', args...)` instead.
  scaler = torch.cuda.amp.GradScaler()
Training with warmup (20 epochs) + cosine annealing
Initial LR: 0.0001, Min LR: 1e-06
Early stopping patience: 200 epochs
✓ New best model saved: ./models/masked_ssl/combine_unique_MetaboLights_Workbench_Water_EDTA_Suppressed_rowMinMax_v3_20260725_085527_bs32_mr0.20-0.60_ps1024_best.pth
Epoch 1: Train Loss = 0.0094, Val Loss = 0.0073, LR = 0.000005, No improvement: 0/200 ✓ IMPROVED
✓ New best model saved: ./models/masked_ssl/combine_unique_MetaboLights_Workbench_Water_EDTA_Suppressed_rowMinMax_v3_20260725_085527_bs32_mr0.20-0.60_ps1024_best.pth
Epoch 2: Train Loss = 0.0054, Val Loss = 0.0032, LR = 0.000010, No improvement: 0/200 ✓ IMPROVED
✓ New best model saved: ./models/masked_ssl/combine_unique_MetaboLights_Workbench_Water_EDTA_Suppressed_rowMinMax_v3_20260725_085527_bs32_mr0.20-0.60_ps1024_best.pth
Epoch 3: Train Loss = 0.0031, Val Loss = 0.0024, LR = 0.000015, No improvement: 0/200 ✓ IMPROVED
✓ New best model saved: ./models/masked_ssl/combine_unique_MetaboLights_Workbench_Water_EDTA_Suppressed_rowMinMax_v3_20260725_085527_bs32_mr0.20-0.60_ps1024_best.pth
Epoch 4: Train Loss = 0.0025, Val Loss = 0.0021, LR = 0.000020, No improvement: 0/200 ✓ IMPROVED
✓ New best model saved: ./models/masked_ssl/combine_unique_MetaboLights_Workbench_Water_EDTA_Suppressed_rowMinMax_v3_20260725_085527_bs32_mr0.20-0.60_ps1024_best.pth
Epoch 5: Train Loss = 0.0021, Val Loss = 0.0019, LR = 0.000025, No improvement: 0/200 ✓ IMPROVED
✓ New best model saved: ./models/masked_ssl/combine_unique_MetaboLights_Workbench_Water_EDTA_Suppressed_rowMinMax_v3_20260725_085527_bs32_mr0.20-0.60_ps1024_best.pth
Epoch 6: Train Loss = 0.0019, Val Loss = 0.0017, LR = 0.000030, No improvement: 0/200 ✓ IMPROVED
✓ New best model saved: ./models/masked_ssl/combine_unique_MetaboLights_Workbench_Water_EDTA_Suppressed_rowMinMax_v3_20260725_085527_bs32_mr0.20-0.60_ps1024_best.pth
Epoch 7: Train Loss = 0.0017, Val Loss = 0.0016, LR = 0.000035, No improvement: 0/200 ✓ IMPROVED
✓ New best model saved: ./models/masked_ssl/combine_unique_MetaboLights_Workbench_Water_EDTA_Suppressed_rowMinMax_v3_20260725_085527_bs32_mr0.20-0.60_ps1024_best.pth
Epoch 8: Train Loss = 0.0016, Val Loss = 0.0014, LR = 0.000040, No improvement: 0/200 ✓ IMPROVED
Epoch 9: Train Loss = 0.0015, Val Loss = 0.0014, LR = 0.000045, No improvement: 1/200
Epoch 10: Train Loss = 0.0015, Val Loss = 0.0015, LR = 0.000050, No improvement: 2/200
Epoch 11: Train Loss = 0.0014, Val Loss = 0.0015, LR = 0.000055, No improvement: 3/200
✓ New best model saved: ./models/masked_ssl/combine_unique_MetaboLights_Workbench_Water_EDTA_Suppressed_rowMinMax_v3_20260725_085527_bs32_mr0.20-0.60_ps1024_best.pth
Epoch 12: Train Loss = 0.0013, Val Loss = 0.0012, LR = 0.000060, No improvement: 0/200 ✓ IMPROVED
✓ New best model saved: ./models/masked_ssl/combine_unique_MetaboLights_Workbench_Water_EDTA_Suppressed_rowMinMax_v3_20260725_085527_bs32_mr0.20-0.60_ps1024_best.pth
Epoch 13: Train Loss = 0.0011, Val Loss = 0.0009, LR = 0.000065, No improvement: 0/200 ✓ IMPROVED
Epoch 14: Train Loss = 0.0010, Val Loss = 0.0015, LR = 0.000070, No improvement: 1/200
Epoch 15: Train Loss = 0.0010, Val Loss = 0.0015, LR = 0.000075, No improvement: 2/200
Epoch 16: Train Loss = 0.0011, Val Loss = 0.0010, LR = 0.000080, No improvement: 3/200
Epoch 17: Train Loss = 0.0008, Val Loss = 0.0014, LR = 0.000085, No improvement: 4/200
Epoch 18: Train Loss = 0.0009, Val Loss = 0.0012, LR = 0.000090, No improvement: 5/200
Epoch 19: Train Loss = 0.0008, Val Loss = 0.0012, LR = 0.000095, No improvement: 6/200
✓ New best model saved: ./models/masked_ssl/combine_unique_MetaboLights_Workbench_Water_EDTA_Suppressed_rowMinMax_v3_20260725_085527_bs32_mr0.20-0.60_ps1024_best.pth
Epoch 20: Train Loss = 0.0007, Val Loss = 0.0007, LR = 0.000100, No improvement: 0/200 ✓ IMPROVED
Epoch 21: Train Loss = 0.0007, Val Loss = 0.0007, LR = 0.000100, No improvement: 1/200
Epoch 22: Train Loss = 0.0007, Val Loss = 0.0008, LR = 0.000100, No improvement: 2/200
✓ New best model saved: ./models/masked_ssl/combine_unique_MetaboLights_Workbench_Water_EDTA_Suppressed_rowMinMax_v3_20260725_085527_bs32_mr0.20-0.60_ps1024_best.pth
Epoch 23: Train Loss = 0.0006, Val Loss = 0.0006, LR = 0.000100, No improvement: 0/200 ✓ IMPROVED
Epoch 24: Train Loss = 0.0006, Val Loss = 0.0010, LR = 0.000100, No improvement: 1/200
Epoch 25: Train Loss = 0.0006, Val Loss = 0.0006, LR = 0.000100, No improvement: 2/200
Epoch 26: Train Loss = 0.0007, Val Loss = 0.0011, LR = 0.000100, No improvement: 3/200
✓ New best model saved: ./models/masked_ssl/combine_unique_MetaboLights_Workbench_Water_EDTA_Suppressed_rowMinMax_v3_20260725_085527_bs32_mr0.20-0.60_ps1024_best.pth
Epoch 27: Train Loss = 0.0006, Val Loss = 0.0006, LR = 0.000100, No improvement: 0/200 ✓ IMPROVED
Epoch 28: Train Loss = 0.0007, Val Loss = 0.0012, LR = 0.000100, No improvement: 1/200
Epoch 29: Train Loss = 0.0006, Val Loss = 0.0007, LR = 0.000100, No improvement: 2/200
Epoch 30: Train Loss = 0.0006, Val Loss = 0.0006, LR = 0.000100, No improvement: 3/200
✓ New best model saved: ./models/masked_ssl/combine_unique_MetaboLights_Workbench_Water_EDTA_Suppressed_rowMinMax_v3_20260725_085527_bs32_mr0.20-0.60_ps1024_best.pth
Epoch 31: Train Loss = 0.0005, Val Loss = 0.0005, LR = 0.000100, No improvement: 0/200 ✓ IMPROVED
✓ New best model saved: ./models/masked_ssl/combine_unique_MetaboLights_Workbench_Water_EDTA_Suppressed_rowMinMax_v3_20260725_085527_bs32_mr0.20-0.60_ps1024_best.pth
Epoch 32: Train Loss = 0.0006, Val Loss = 0.0005, LR = 0.000100, No improvement: 0/200 ✓ IMPROVED
Epoch 33: Train Loss = 0.0008, Val Loss = 0.0007, LR = 0.000100, No improvement: 1/200
Epoch 34: Train Loss = 0.0006, Val Loss = 0.0006, LR = 0.000100, No improvement: 2/200
Epoch 35: Train Loss = 0.0006, Val Loss = 0.0006, LR = 0.000100, No improvement: 3/200
Epoch 36: Train Loss = 0.0005, Val Loss = 0.0009, LR = 0.000100, No improvement: 4/200
Epoch 37: Train Loss = 0.0006, Val Loss = 0.0005, LR = 0.000100, No improvement: 5/200
Epoch 38: Train Loss = 0.0004, Val Loss = 0.0010, LR = 0.000100, No improvement: 6/200
✓ New best model saved: ./models/masked_ssl/combine_unique_MetaboLights_Workbench_Water_EDTA_Suppressed_rowMinMax_v3_20260725_085527_bs32_mr0.20-0.60_ps1024_best.pth
Epoch 39: Train Loss = 0.0004, Val Loss = 0.0005, LR = 0.000100, No improvement: 0/200 ✓ IMPROVED
Epoch 40: Train Loss = 0.0005, Val Loss = 0.0010, LR = 0.000100, No improvement: 1/200
✓ New best model saved: ./models/masked_ssl/combine_unique_MetaboLights_Workbench_Water_EDTA_Suppressed_rowMinMax_v3_20260725_085527_bs32_mr0.20-0.60_ps1024_best.pth
Epoch 41: Train Loss = 0.0005, Val Loss = 0.0004, LR = 0.000100, No improvement: 0/200 ✓ IMPROVED
Epoch 42: Train Loss = 0.0005, Val Loss = 0.0008, LR = 0.000100, No improvement: 1/200
✓ New best model saved: ./models/masked_ssl/combine_unique_MetaboLights_Workbench_Water_EDTA_Suppressed_rowMinMax_v3_20260725_085527_bs32_mr0.20-0.60_ps1024_best.pth
Epoch 43: Train Loss = 0.0004, Val Loss = 0.0004, LR = 0.000100, No improvement: 0/200 ✓ IMPROVED
✓ New best model saved: ./models/masked_ssl/combine_unique_MetaboLights_Workbench_Water_EDTA_Suppressed_rowMinMax_v3_20260725_085527_bs32_mr0.20-0.60_ps1024_best.pth
Epoch 44: Train Loss = 0.0004, Val Loss = 0.0004, LR = 0.000100, No improvement: 0/200 ✓ IMPROVED
Epoch 45: Train Loss = 0.0004, Val Loss = 0.0004, LR = 0.000100, No improvement: 1/200
Epoch 46: Train Loss = 0.0004, Val Loss = 0.0004, LR = 0.000100, No improvement: 2/200
Epoch 47: Train Loss = 0.0004, Val Loss = 0.0005, LR = 0.000100, No improvement: 3/200
Epoch 48: Train Loss = 0.0004, Val Loss = 0.0005, LR = 0.000100, No improvement: 4/200
✓ New best model saved: ./models/masked_ssl/combine_unique_MetaboLights_Workbench_Water_EDTA_Suppressed_rowMinMax_v3_20260725_085527_bs32_mr0.20-0.60_ps1024_best.pth
Epoch 49: Train Loss = 0.0004, Val Loss = 0.0004, LR = 0.000100, No improvement: 0/200 ✓ IMPROVED
Epoch 50: Train Loss = 0.0004, Val Loss = 0.0004, LR = 0.000100, No improvement: 1/200
Epoch 51: Train Loss = 0.0004, Val Loss = 0.0006, LR = 0.000100, No improvement: 2/200
Epoch 52: Train Loss = 0.0005, Val Loss = 0.0004, LR = 0.000100, No improvement: 3/200
Epoch 53: Train Loss = 0.0005, Val Loss = 0.0009, LR = 0.000100, No improvement: 4/200
Epoch 54: Train Loss = 0.0005, Val Loss = 0.0007, LR = 0.000100, No improvement: 5/200
Epoch 55: Train Loss = 0.0004, Val Loss = 0.0005, LR = 0.000100, No improvement: 6/200
Epoch 56: Train Loss = 0.0004, Val Loss = 0.0005, LR = 0.000100, No improvement: 7/200
Epoch 57: Train Loss = 0.0004, Val Loss = 0.0008, LR = 0.000100, No improvement: 8/200
✓ New best model saved: ./models/masked_ssl/combine_unique_MetaboLights_Workbench_Water_EDTA_Suppressed_rowMinMax_v3_20260725_085527_bs32_mr0.20-0.60_ps1024_best.pth
Epoch 58: Train Loss = 0.0004, Val Loss = 0.0003, LR = 0.000100, No improvement: 0/200 ✓ IMPROVED
Epoch 59: Train Loss = 0.0003, Val Loss = 0.0004, LR = 0.000100, No improvement: 1/200
Epoch 60: Train Loss = 0.0004, Val Loss = 0.0005, LR = 0.000100, No improvement: 2/200
Epoch 61: Train Loss = 0.0004, Val Loss = 0.0004, LR = 0.000100, No improvement: 3/200
Epoch 62: Train Loss = 0.0003, Val Loss = 0.0004, LR = 0.000100, No improvement: 4/200
Epoch 63: Train Loss = 0.0004, Val Loss = 0.0004, LR = 0.000100, No improvement: 5/200
Epoch 64: Train Loss = 0.0004, Val Loss = 0.0004, LR = 0.000100, No improvement: 6/200
Epoch 65: Train Loss = 0.0004, Val Loss = 0.0004, LR = 0.000100, No improvement: 7/200
Epoch 66: Train Loss = 0.0003, Val Loss = 0.0006, LR = 0.000100, No improvement: 8/200
Epoch 67: Train Loss = 0.0003, Val Loss = 0.0004, LR = 0.000100, No improvement: 9/200
✓ New best model saved: ./models/masked_ssl/combine_unique_MetaboLights_Workbench_Water_EDTA_Suppressed_rowMinMax_v3_20260725_085527_bs32_mr0.20-0.60_ps1024_best.pth
Epoch 68: Train Loss = 0.0004, Val Loss = 0.0003, LR = 0.000100, No improvement: 0/200 ✓ IMPROVED
✓ New best model saved: ./models/masked_ssl/combine_unique_MetaboLights_Workbench_Water_EDTA_Suppressed_rowMinMax_v3_20260725_085527_bs32_mr0.20-0.60_ps1024_best.pth
Epoch 69: Train Loss = 0.0003, Val Loss = 0.0003, LR = 0.000100, No improvement: 0/200 ✓ IMPROVED
Epoch 70: Train Loss = 0.0004, Val Loss = 0.0003, LR = 0.000100, No improvement: 1/200
✓ New best model saved: ./models/masked_ssl/combine_unique_MetaboLights_Workbench_Water_EDTA_Suppressed_rowMinMax_v3_20260725_085527_bs32_mr0.20-0.60_ps1024_best.pth
Epoch 71: Train Loss = 0.0003, Val Loss = 0.0003, LR = 0.000100, No improvement: 0/200 ✓ IMPROVED
Epoch 72: Train Loss = 0.0003, Val Loss = 0.0003, LR = 0.000100, No improvement: 1/200
Epoch 73: Train Loss = 0.0003, Val Loss = 0.0003, LR = 0.000100, No improvement: 2/200
✓ New best model saved: ./models/masked_ssl/combine_unique_MetaboLights_Workbench_Water_EDTA_Suppressed_rowMinMax_v3_20260725_085527_bs32_mr0.20-0.60_ps1024_best.pth
Epoch 74: Train Loss = 0.0003, Val Loss = 0.0003, LR = 0.000100, No improvement: 0/200 ✓ IMPROVED
Epoch 75: Train Loss = 0.0003, Val Loss = 0.0003, LR = 0.000100, No improvement: 1/200
Epoch 76: Train Loss = 0.0003, Val Loss = 0.0003, LR = 0.000100, No improvement: 2/200
Epoch 77: Train Loss = 0.0004, Val Loss = 0.0003, LR = 0.000100, No improvement: 3/200
Epoch 78: Train Loss = 0.0004, Val Loss = 0.0003, LR = 0.000100, No improvement: 4/200
Epoch 79: Train Loss = 0.0004, Val Loss = 0.0003, LR = 0.000100, No improvement: 5/200
Epoch 80: Train Loss = 0.0004, Val Loss = 0.0006, LR = 0.000100, No improvement: 6/200
Epoch 81: Train Loss = 0.0004, Val Loss = 0.0005, LR = 0.000100, No improvement: 7/200
Epoch 82: Train Loss = 0.0003, Val Loss = 0.0003, LR = 0.000100, No improvement: 8/200
Epoch 83: Train Loss = 0.0003, Val Loss = 0.0007, LR = 0.000100, No improvement: 9/200
Epoch 84: Train Loss = 0.0003, Val Loss = 0.0003, LR = 0.000100, No improvement: 10/200
Epoch 85: Train Loss = 0.0003, Val Loss = 0.0006, LR = 0.000100, No improvement: 11/200
Epoch 86: Train Loss = 0.0003, Val Loss = 0.0003, LR = 0.000100, No improvement: 12/200
Epoch 87: Train Loss = 0.0003, Val Loss = 0.0003, LR = 0.000100, No improvement: 13/200
Epoch 88: Train Loss = 0.0003, Val Loss = 0.0003, LR = 0.000100, No improvement: 14/200
Epoch 89: Train Loss = 0.0003, Val Loss = 0.0003, LR = 0.000100, No improvement: 15/200
Epoch 90: Train Loss = 0.0003, Val Loss = 0.0003, LR = 0.000100, No improvement: 16/200
Epoch 91: Train Loss = 0.0003, Val Loss = 0.0004, LR = 0.000100, No improvement: 17/200
Epoch 92: Train Loss = 0.0003, Val Loss = 0.0005, LR = 0.000100, No improvement: 18/200
Epoch 93: Train Loss = 0.0003, Val Loss = 0.0005, LR = 0.000100, No improvement: 19/200
Epoch 94: Train Loss = 0.0003, Val Loss = 0.0004, LR = 0.000100, No improvement: 20/200
Epoch 95: Train Loss = 0.0003, Val Loss = 0.0003, LR = 0.000100, No improvement: 21/200
Epoch 96: Train Loss = 0.0003, Val Loss = 0.0003, LR = 0.000100, No improvement: 22/200
Epoch 97: Train Loss = 0.0003, Val Loss = 0.0004, LR = 0.000100, No improvement: 23/200
Epoch 98: Train Loss = 0.0003, Val Loss = 0.0003, LR = 0.000100, No improvement: 24/200
Epoch 99: Train Loss = 0.0003, Val Loss = 0.0003, LR = 0.000100, No improvement: 25/200
Epoch 100: Train Loss = 0.0003, Val Loss = 0.0006, LR = 0.000100, No improvement: 26/200
Epoch 101: Train Loss = 0.0003, Val Loss = 0.0003, LR = 0.000100, No improvement: 27/200
Epoch 102: Train Loss = 0.0004, Val Loss = 0.0004, LR = 0.000100, No improvement: 28/200
Epoch 103: Train Loss = 0.0003, Val Loss = 0.0003, LR = 0.000100, No improvement: 29/200
Epoch 104: Train Loss = 0.0003, Val Loss = 0.0003, LR = 0.000100, No improvement: 30/200
Epoch 105: Train Loss = 0.0003, Val Loss = 0.0005, LR = 0.000100, No improvement: 31/200
Epoch 106: Train Loss = 0.0003, Val Loss = 0.0005, LR = 0.000100, No improvement: 32/200
✓ New best model saved: ./models/masked_ssl/combine_unique_MetaboLights_Workbench_Water_EDTA_Suppressed_rowMinMax_v3_20260725_085527_bs32_mr0.20-0.60_ps1024_best.pth
Epoch 107: Train Loss = 0.0003, Val Loss = 0.0002, LR = 0.000100, No improvement: 0/200 ✓ IMPROVED
Epoch 108: Train Loss = 0.0003, Val Loss = 0.0003, LR = 0.000100, No improvement: 1/200
✓ New best model saved: ./models/masked_ssl/combine_unique_MetaboLights_Workbench_Water_EDTA_Suppressed_rowMinMax_v3_20260725_085527_bs32_mr0.20-0.60_ps1024_best.pth
Epoch 109: Train Loss = 0.0003, Val Loss = 0.0002, LR = 0.000100, No improvement: 0/200 ✓ IMPROVED
Epoch 110: Train Loss = 0.0003, Val Loss = 0.0002, LR = 0.000099, No improvement: 1/200
Epoch 111: Train Loss = 0.0003, Val Loss = 0.0005, LR = 0.000099, No improvement: 2/200
Epoch 112: Train Loss = 0.0003, Val Loss = 0.0003, LR = 0.000099, No improvement: 3/200
Epoch 113: Train Loss = 0.0003, Val Loss = 0.0003, LR = 0.000099, No improvement: 4/200
Epoch 114: Train Loss = 0.0003, Val Loss = 0.0003, LR = 0.000099, No improvement: 5/200
Epoch 115: Train Loss = 0.0003, Val Loss = 0.0003, LR = 0.000099, No improvement: 6/200
Epoch 116: Train Loss = 0.0003, Val Loss = 0.0003, LR = 0.000099, No improvement: 7/200
Epoch 117: Train Loss = 0.0003, Val Loss = 0.0007, LR = 0.000099, No improvement: 8/200
✓ New best model saved: ./models/masked_ssl/combine_unique_MetaboLights_Workbench_Water_EDTA_Suppressed_rowMinMax_v3_20260725_085527_bs32_mr0.20-0.60_ps1024_best.pth
Epoch 118: Train Loss = 0.0003, Val Loss = 0.0002, LR = 0.000099, No improvement: 0/200 ✓ IMPROVED
Epoch 119: Train Loss = 0.0003, Val Loss = 0.0002, LR = 0.000099, No improvement: 1/200
Epoch 120: Train Loss = 0.0003, Val Loss = 0.0002, LR = 0.000099, No improvement: 2/200
Epoch 121: Train Loss = 0.0003, Val Loss = 0.0002, LR = 0.000099, No improvement: 3/200
Epoch 122: Train Loss = 0.0003, Val Loss = 0.0002, LR = 0.000099, No improvement: 4/200
Epoch 123: Train Loss = 0.0003, Val Loss = 0.0006, LR = 0.000099, No improvement: 5/200
Epoch 124: Train Loss = 0.0003, Val Loss = 0.0004, LR = 0.000099, No improvement: 6/200
Epoch 125: Train Loss = 0.0002, Val Loss = 0.0007, LR = 0.000099, No improvement: 7/200
Epoch 126: Train Loss = 0.0003, Val Loss = 0.0003, LR = 0.000099, No improvement: 8/200
Epoch 127: Train Loss = 0.0003, Val Loss = 0.0002, LR = 0.000099, No improvement: 9/200
Epoch 128: Train Loss = 0.0003, Val Loss = 0.0004, LR = 0.000099, No improvement: 10/200
✓ New best model saved: ./models/masked_ssl/combine_unique_MetaboLights_Workbench_Water_EDTA_Suppressed_rowMinMax_v3_20260725_085527_bs32_mr0.20-0.60_ps1024_best.pth
Epoch 129: Train Loss = 0.0003, Val Loss = 0.0002, LR = 0.000099, No improvement: 0/200 ✓ IMPROVED
Epoch 130: Train Loss = 0.0002, Val Loss = 0.0002, LR = 0.000099, No improvement: 1/200
Epoch 131: Train Loss = 0.0002, Val Loss = 0.0002, LR = 0.000099, No improvement: 2/200
Epoch 132: Train Loss = 0.0005, Val Loss = 0.0007, LR = 0.000099, No improvement: 3/200
Epoch 133: Train Loss = 0.0003, Val Loss = 0.0004, LR = 0.000099, No improvement: 4/200
Epoch 134: Train Loss = 0.0003, Val Loss = 0.0002, LR = 0.000099, No improvement: 5/200
Epoch 135: Train Loss = 0.0002, Val Loss = 0.0006, LR = 0.000099, No improvement: 6/200
Epoch 136: Train Loss = 0.0002, Val Loss = 0.0002, LR = 0.000099, No improvement: 7/200
Epoch 137: Train Loss = 0.0003, Val Loss = 0.0003, LR = 0.000099, No improvement: 8/200
Epoch 138: Train Loss = 0.0002, Val Loss = 0.0003, LR = 0.000099, No improvement: 9/200
Epoch 139: Train Loss = 0.0003, Val Loss = 0.0005, LR = 0.000099, No improvement: 10/200
✓ New best model saved: ./models/masked_ssl/combine_unique_MetaboLights_Workbench_Water_EDTA_Suppressed_rowMinMax_v3_20260725_085527_bs32_mr0.20-0.60_ps1024_best.pth
Epoch 140: Train Loss = 0.0003, Val Loss = 0.0002, LR = 0.000099, No improvement: 0/200 ✓ IMPROVED
Epoch 141: Train Loss = 0.0003, Val Loss = 0.0002, LR = 0.000099, No improvement: 1/200
Epoch 142: Train Loss = 0.0002, Val Loss = 0.0002, LR = 0.000099, No improvement: 2/200
Epoch 143: Train Loss = 0.0002, Val Loss = 0.0003, LR = 0.000099, No improvement: 3/200
Epoch 144: Train Loss = 0.0003, Val Loss = 0.0002, LR = 0.000099, No improvement: 4/200
Epoch 145: Train Loss = 0.0002, Val Loss = 0.0003, LR = 0.000099, No improvement: 5/200
Epoch 146: Train Loss = 0.0002, Val Loss = 0.0002, LR = 0.000099, No improvement: 6/200
✓ New best model saved: ./models/masked_ssl/combine_unique_MetaboLights_Workbench_Water_EDTA_Suppressed_rowMinMax_v3_20260725_085527_bs32_mr0.20-0.60_ps1024_best.pth
Epoch 147: Train Loss = 0.0002, Val Loss = 0.0002, LR = 0.000099, No improvement: 0/200 ✓ IMPROVED
Epoch 148: Train Loss = 0.0002, Val Loss = 0.0003, LR = 0.000099, No improvement: 1/200
Epoch 149: Train Loss = 0.0002, Val Loss = 0.0003, LR = 0.000099, No improvement: 2/200
Epoch 150: Train Loss = 0.0002, Val Loss = 0.0002, LR = 0.000099, No improvement: 3/200
Epoch 151: Train Loss = 0.0002, Val Loss = 0.0007, LR = 0.000099, No improvement: 4/200
Epoch 152: Train Loss = 0.0002, Val Loss = 0.0002, LR = 0.000099, No improvement: 5/200
Epoch 153: Train Loss = 0.0003, Val Loss = 0.0002, LR = 0.000099, No improvement: 6/200
Epoch 154: Train Loss = 0.0003, Val Loss = 0.0002, LR = 0.000099, No improvement: 7/200
Epoch 155: Train Loss = 0.0002, Val Loss = 0.0003, LR = 0.000099, No improvement: 8/200
Epoch 156: Train Loss = 0.0003, Val Loss = 0.0003, LR = 0.000099, No improvement: 9/200
Epoch 157: Train Loss = 0.0003, Val Loss = 0.0002, LR = 0.000099, No improvement: 10/200
Epoch 158: Train Loss = 0.0002, Val Loss = 0.0004, LR = 0.000099, No improvement: 11/200
Epoch 159: Train Loss = 0.0002, Val Loss = 0.0004, LR = 0.000099, No improvement: 12/200
Epoch 160: Train Loss = 0.0002, Val Loss = 0.0005, LR = 0.000099, No improvement: 13/200
Epoch 161: Train Loss = 0.0002, Val Loss = 0.0002, LR = 0.000099, No improvement: 14/200
Epoch 162: Train Loss = 0.0002, Val Loss = 0.0002, LR = 0.000099, No improvement: 15/200
Epoch 163: Train Loss = 0.0002, Val Loss = 0.0002, LR = 0.000099, No improvement: 16/200
Epoch 164: Train Loss = 0.0002, Val Loss = 0.0002, LR = 0.000099, No improvement: 17/200
Epoch 165: Train Loss = 0.0002, Val Loss = 0.0009, LR = 0.000099, No improvement: 18/200
Epoch 166: Train Loss = 0.0002, Val Loss = 0.0002, LR = 0.000099, No improvement: 19/200
Epoch 167: Train Loss = 0.0002, Val Loss = 0.0002, LR = 0.000099, No improvement: 20/200
Epoch 168: Train Loss = 0.0004, Val Loss = 0.0008, LR = 0.000099, No improvement: 21/200
✓ New best model saved: ./models/masked_ssl/combine_unique_MetaboLights_Workbench_Water_EDTA_Suppressed_rowMinMax_v3_20260725_085527_bs32_mr0.20-0.60_ps1024_best.pth
Epoch 169: Train Loss = 0.0002, Val Loss = 0.0002, LR = 0.000099, No improvement: 0/200 ✓ IMPROVED
Epoch 170: Train Loss = 0.0002, Val Loss = 0.0002, LR = 0.000099, No improvement: 1/200
Epoch 171: Train Loss = 0.0002, Val Loss = 0.0003, LR = 0.000099, No improvement: 2/200
Epoch 172: Train Loss = 0.0002, Val Loss = 0.0003, LR = 0.000099, No improvement: 3/200
Epoch 173: Train Loss = 0.0002, Val Loss = 0.0002, LR = 0.000099, No improvement: 4/200
Epoch 174: Train Loss = 0.0002, Val Loss = 0.0003, LR = 0.000099, No improvement: 5/200
Epoch 175: Train Loss = 0.0002, Val Loss = 0.0003, LR = 0.000099, No improvement: 6/200
Epoch 176: Train Loss = 0.0002, Val Loss = 0.0003, LR = 0.000098, No improvement: 7/200
Epoch 177: Train Loss = 0.0002, Val Loss = 0.0004, LR = 0.000098, No improvement: 8/200
Epoch 178: Train Loss = 0.0004, Val Loss = 0.0003, LR = 0.000098, No improvement: 9/200
Epoch 179: Train Loss = 0.0003, Val Loss = 0.0002, LR = 0.000098, No improvement: 10/200
Epoch 180: Train Loss = 0.0003, Val Loss = 0.0003, LR = 0.000098, No improvement: 11/200
Epoch 181: Train Loss = 0.0003, Val Loss = 0.0003, LR = 0.000098, No improvement: 12/200
Epoch 182: Train Loss = 0.0002, Val Loss = 0.0003, LR = 0.000098, No improvement: 13/200
Epoch 183: Train Loss = 0.0002, Val Loss = 0.0002, LR = 0.000098, No improvement: 14/200
Epoch 184: Train Loss = 0.0002, Val Loss = 0.0002, LR = 0.000098, No improvement: 15/200
Epoch 185: Train Loss = 0.0002, Val Loss = 0.0003, LR = 0.000098, No improvement: 16/200
Epoch 186: Train Loss = 0.0002, Val Loss = 0.0002, LR = 0.000098, No improvement: 17/200
Epoch 187: Train Loss = 0.0002, Val Loss = 0.0006, LR = 0.000098, No improvement: 18/200
✓ New best model saved: ./models/masked_ssl/combine_unique_MetaboLights_Workbench_Water_EDTA_Suppressed_rowMinMax_v3_20260725_085527_bs32_mr0.20-0.60_ps1024_best.pth
Epoch 188: Train Loss = 0.0002, Val Loss = 0.0002, LR = 0.000098, No improvement: 0/200 ✓ IMPROVED
Epoch 189: Train Loss = 0.0002, Val Loss = 0.0002, LR = 0.000098, No improvement: 1/200
Epoch 190: Train Loss = 0.0005, Val Loss = 0.0003, LR = 0.000098, No improvement: 2/200
Epoch 191: Train Loss = 0.0003, Val Loss = 0.0002, LR = 0.000098, No improvement: 3/200
Epoch 192: Train Loss = 0.0002, Val Loss = 0.0002, LR = 0.000098, No improvement: 4/200
Epoch 193: Train Loss = 0.0002, Val Loss = 0.0003, LR = 0.000098, No improvement: 5/200
Epoch 194: Train Loss = 0.0002, Val Loss = 0.0002, LR = 0.000098, No improvement: 6/200
Epoch 195: Train Loss = 0.0002, Val Loss = 0.0002, LR = 0.000098, No improvement: 7/200
Epoch 196: Train Loss = 0.0002, Val Loss = 0.0002, LR = 0.000098, No improvement: 8/200
Epoch 197: Train Loss = 0.0002, Val Loss = 0.0004, LR = 0.000098, No improvement: 9/200
Epoch 198: Train Loss = 0.0002, Val Loss = 0.0004, LR = 0.000098, No improvement: 10/200
Epoch 199: Train Loss = 0.0002, Val Loss = 0.0003, LR = 0.000098, No improvement: 11/200
Epoch 200: Train Loss = 0.0002, Val Loss = 0.0002, LR = 0.000098, No improvement: 12/200
✓ New best model saved: ./models/masked_ssl/combine_unique_MetaboLights_Workbench_Water_EDTA_Suppressed_rowMinMax_v3_20260725_085527_bs32_mr0.20-0.60_ps1024_best.pth
Epoch 201: Train Loss = 0.0002, Val Loss = 0.0002, LR = 0.000098, No improvement: 0/200 ✓ IMPROVED
Epoch 202: Train Loss = 0.0002, Val Loss = 0.0002, LR = 0.000098, No improvement: 1/200
Epoch 203: Train Loss = 0.0003, Val Loss = 0.0004, LR = 0.000098, No improvement: 2/200
Epoch 204: Train Loss = 0.0002, Val Loss = 0.0006, LR = 0.000098, No improvement: 3/200
Epoch 205: Train Loss = 0.0002, Val Loss = 0.0002, LR = 0.000098, No improvement: 4/200
Epoch 206: Train Loss = 0.0002, Val Loss = 0.0002, LR = 0.000098, No improvement: 5/200
Epoch 207: Train Loss = 0.0002, Val Loss = 0.0002, LR = 0.000098, No improvement: 6/200
Epoch 208: Train Loss = 0.0002, Val Loss = 0.0002, LR = 0.000098, No improvement: 7/200
Epoch 209: Train Loss = 0.0002, Val Loss = 0.0002, LR = 0.000098, No improvement: 8/200
Epoch 210: Train Loss = 0.0002, Val Loss = 0.0002, LR = 0.000098, No improvement: 9/200
Epoch 211: Train Loss = 0.0002, Val Loss = 0.0002, LR = 0.000098, No improvement: 10/200
Epoch 212: Train Loss = 0.0002, Val Loss = 0.0002, LR = 0.000098, No improvement: 11/200
Epoch 213: Train Loss = 0.0002, Val Loss = 0.0002, LR = 0.000098, No improvement: 12/200
Epoch 214: Train Loss = 0.0002, Val Loss = 0.0007, LR = 0.000098, No improvement: 13/200
Epoch 215: Train Loss = 0.0002, Val Loss = 0.0002, LR = 0.000098, No improvement: 14/200
Epoch 216: Train Loss = 0.0002, Val Loss = 0.0003, LR = 0.000098, No improvement: 15/200
Epoch 217: Train Loss = 0.0002, Val Loss = 0.0003, LR = 0.000098, No improvement: 16/200
Epoch 218: Train Loss = 0.0002, Val Loss = 0.0007, LR = 0.000098, No improvement: 17/200
Epoch 219: Train Loss = 0.0002, Val Loss = 0.0002, LR = 0.000098, No improvement: 18/200
Epoch 220: Train Loss = 0.0002, Val Loss = 0.0002, LR = 0.000098, No improvement: 19/200
Epoch 221: Train Loss = 0.0002, Val Loss = 0.0002, LR = 0.000098, No improvement: 20/200
Epoch 222: Train Loss = 0.0003, Val Loss = 0.0004, LR = 0.000097, No improvement: 21/200
Epoch 223: Train Loss = 0.0002, Val Loss = 0.0003, LR = 0.000097, No improvement: 22/200
Epoch 224: Train Loss = 0.0002, Val Loss = 0.0002, LR = 0.000097, No improvement: 23/200
Epoch 225: Train Loss = 0.0002, Val Loss = 0.0002, LR = 0.000097, No improvement: 24/200
Epoch 226: Train Loss = 0.0002, Val Loss = 0.0003, LR = 0.000097, No improvement: 25/200
Epoch 227: Train Loss = 0.0002, Val Loss = 0.0002, LR = 0.000097, No improvement: 26/200
✓ New best model saved: ./models/masked_ssl/combine_unique_MetaboLights_Workbench_Water_EDTA_Suppressed_rowMinMax_v3_20260725_085527_bs32_mr0.20-0.60_ps1024_best.pth
Epoch 228: Train Loss = 0.0002, Val Loss = 0.0002, LR = 0.000097, No improvement: 0/200 ✓ IMPROVED
✓ New best model saved: ./models/masked_ssl/combine_unique_MetaboLights_Workbench_Water_EDTA_Suppressed_rowMinMax_v3_20260725_085527_bs32_mr0.20-0.60_ps1024_best.pth
Epoch 229: Train Loss = 0.0002, Val Loss = 0.0002, LR = 0.000097, No improvement: 0/200 ✓ IMPROVED
Epoch 230: Train Loss = 0.0002, Val Loss = 0.0002, LR = 0.000097, No improvement: 1/200
Epoch 231: Train Loss = 0.0002, Val Loss = 0.0002, LR = 0.000097, No improvement: 2/200
Epoch 232: Train Loss = 0.0002, Val Loss = 0.0003, LR = 0.000097, No improvement: 3/200
Epoch 233: Train Loss = 0.0002, Val Loss = 0.0005, LR = 0.000097, No improvement: 4/200
Epoch 234: Train Loss = 0.0002, Val Loss = 0.0002, LR = 0.000097, No improvement: 5/200
Epoch 235: Train Loss = 0.0003, Val Loss = 0.0002, LR = 0.000097, No improvement: 6/200
Epoch 236: Train Loss = 0.0002, Val Loss = 0.0003, LR = 0.000097, No improvement: 7/200
Epoch 237: Train Loss = 0.0002, Val Loss = 0.0002, LR = 0.000097, No improvement: 8/200
Epoch 238: Train Loss = 0.0002, Val Loss = 0.0002, LR = 0.000097, No improvement: 9/200
Epoch 239: Train Loss = 0.0002, Val Loss = 0.0002, LR = 0.000097, No improvement: 10/200
Epoch 240: Train Loss = 0.0002, Val Loss = 0.0005, LR = 0.000097, No improvement: 11/200
Epoch 241: Train Loss = 0.0002, Val Loss = 0.0002, LR = 0.000097, No improvement: 12/200
Epoch 242: Train Loss = 0.0002, Val Loss = 0.0002, LR = 0.000097, No improvement: 13/200
Epoch 243: Train Loss = 0.0002, Val Loss = 0.0002, LR = 0.000097, No improvement: 14/200
Epoch 244: Train Loss = 0.0002, Val Loss = 0.0003, LR = 0.000097, No improvement: 15/200
Epoch 245: Train Loss = 0.0002, Val Loss = 0.0002, LR = 0.000097, No improvement: 16/200
Epoch 246: Train Loss = 0.0002, Val Loss = 0.0006, LR = 0.000097, No improvement: 17/200
Epoch 247: Train Loss = 0.0002, Val Loss = 0.0002, LR = 0.000097, No improvement: 18/200
Epoch 248: Train Loss = 0.0002, Val Loss = 0.0002, LR = 0.000097, No improvement: 19/200
Epoch 249: Train Loss = 0.0002, Val Loss = 0.0002, LR = 0.000097, No improvement: 20/200
Epoch 250: Train Loss = 0.0002, Val Loss = 0.0002, LR = 0.000097, No improvement: 21/200
Epoch 251: Train Loss = 0.0002, Val Loss = 0.0002, LR = 0.000097, No improvement: 22/200
Epoch 252: Train Loss = 0.0002, Val Loss = 0.0004, LR = 0.000097, No improvement: 23/200
Epoch 253: Train Loss = 0.0002, Val Loss = 0.0009, LR = 0.000097, No improvement: 24/200
Epoch 254: Train Loss = 0.0002, Val Loss = 0.0002, LR = 0.000097, No improvement: 25/200
Epoch 255: Train Loss = 0.0002, Val Loss = 0.0004, LR = 0.000097, No improvement: 26/200
Epoch 256: Train Loss = 0.0002, Val Loss = 0.0007, LR = 0.000097, No improvement: 27/200
Epoch 257: Train Loss = 0.0002, Val Loss = 0.0004, LR = 0.000097, No improvement: 28/200
Epoch 258: Train Loss = 0.0002, Val Loss = 0.0003, LR = 0.000097, No improvement: 29/200
Epoch 259: Train Loss = 0.0002, Val Loss = 0.0006, LR = 0.000096, No improvement: 30/200
Epoch 260: Train Loss = 0.0002, Val Loss = 0.0003, LR = 0.000096, No improvement: 31/200
Epoch 261: Train Loss = 0.0002, Val Loss = 0.0005, LR = 0.000096, No improvement: 32/200
Epoch 262: Train Loss = 0.0002, Val Loss = 0.0002, LR = 0.000096, No improvement: 33/200
Epoch 263: Train Loss = 0.0002, Val Loss = 0.0004, LR = 0.000096, No improvement: 34/200
Epoch 264: Train Loss = 0.0002, Val Loss = 0.0004, LR = 0.000096, No improvement: 35/200
Epoch 265: Train Loss = 0.0002, Val Loss = 0.0007, LR = 0.000096, No improvement: 36/200
Epoch 266: Train Loss = 0.0002, Val Loss = 0.0007, LR = 0.000096, No improvement: 37/200
Epoch 267: Train Loss = 0.0002, Val Loss = 0.0007, LR = 0.000096, No improvement: 38/200
Epoch 268: Train Loss = 0.0002, Val Loss = 0.0002, LR = 0.000096, No improvement: 39/200
Epoch 269: Train Loss = 0.0002, Val Loss = 0.0002, LR = 0.000096, No improvement: 40/200
Epoch 270: Train Loss = 0.0002, Val Loss = 0.0003, LR = 0.000096, No improvement: 41/200
Epoch 271: Train Loss = 0.0002, Val Loss = 0.0002, LR = 0.000096, No improvement: 42/200
Epoch 272: Train Loss = 0.0002, Val Loss = 0.0002, LR = 0.000096, No improvement: 43/200
Epoch 273: Train Loss = 0.0002, Val Loss = 0.0002, LR = 0.000096, No improvement: 44/200
Epoch 274: Train Loss = 0.0002, Val Loss = 0.0002, LR = 0.000096, No improvement: 45/200
Epoch 275: Train Loss = 0.0002, Val Loss = 0.0003, LR = 0.000096, No improvement: 46/200
Epoch 276: Train Loss = 0.0002, Val Loss = 0.0003, LR = 0.000096, No improvement: 47/200
Epoch 277: Train Loss = 0.0002, Val Loss = 0.0002, LR = 0.000096, No improvement: 48/200
Epoch 278: Train Loss = 0.0002, Val Loss = 0.0004, LR = 0.000096, No improvement: 49/200
Epoch 279: Train Loss = 0.0002, Val Loss = 0.0005, LR = 0.000096, No improvement: 50/200
Epoch 280: Train Loss = 0.0002, Val Loss = 0.0002, LR = 0.000096, No improvement: 51/200
Epoch 281: Train Loss = 0.0002, Val Loss = 0.0003, LR = 0.000096, No improvement: 52/200
Epoch 282: Train Loss = 0.0002, Val Loss = 0.0002, LR = 0.000096, No improvement: 53/200
✓ New best model saved: ./models/masked_ssl/combine_unique_MetaboLights_Workbench_Water_EDTA_Suppressed_rowMinMax_v3_20260725_085527_bs32_mr0.20-0.60_ps1024_best.pth
Epoch 283: Train Loss = 0.0002, Val Loss = 0.0001, LR = 0.000096, No improvement: 0/200 ✓ IMPROVED
Epoch 284: Train Loss = 0.0004, Val Loss = 0.0004, LR = 0.000096, No improvement: 1/200
Epoch 285: Train Loss = 0.0002, Val Loss = 0.0003, LR = 0.000096, No improvement: 2/200
Epoch 286: Train Loss = 0.0002, Val Loss = 0.0002, LR = 0.000096, No improvement: 3/200
Epoch 287: Train Loss = 0.0002, Val Loss = 0.0002, LR = 0.000096, No improvement: 4/200
Epoch 288: Train Loss = 0.0002, Val Loss = 0.0002, LR = 0.000096, No improvement: 5/200
Epoch 289: Train Loss = 0.0002, Val Loss = 0.0003, LR = 0.000096, No improvement: 6/200
Epoch 290: Train Loss = 0.0002, Val Loss = 0.0002, LR = 0.000096, No improvement: 7/200
Epoch 291: Train Loss = 0.0002, Val Loss = 0.0004, LR = 0.000095, No improvement: 8/200
Epoch 292: Train Loss = 0.0002, Val Loss = 0.0002, LR = 0.000095, No improvement: 9/200
Epoch 293: Train Loss = 0.0002, Val Loss = 0.0005, LR = 0.000095, No improvement: 10/200
Epoch 294: Train Loss = 0.0002, Val Loss = 0.0002, LR = 0.000095, No improvement: 11/200
Epoch 295: Train Loss = 0.0002, Val Loss = 0.0002, LR = 0.000095, No improvement: 12/200
Epoch 296: Train Loss = 0.0002, Val Loss = 0.0003, LR = 0.000095, No improvement: 13/200
Epoch 297: Train Loss = 0.0002, Val Loss = 0.0003, LR = 0.000095, No improvement: 14/200
Epoch 298: Train Loss = 0.0002, Val Loss = 0.0004, LR = 0.000095, No improvement: 15/200
Epoch 299: Train Loss = 0.0002, Val Loss = 0.0004, LR = 0.000095, No improvement: 16/200
Epoch 300: Train Loss = 0.0002, Val Loss = 0.0003, LR = 0.000095, No improvement: 17/200
Epoch 301: Train Loss = 0.0002, Val Loss = 0.0002, LR = 0.000095, No improvement: 18/200
Epoch 302: Train Loss = 0.0002, Val Loss = 0.0003, LR = 0.000095, No improvement: 19/200
Epoch 303: Train Loss = 0.0002, Val Loss = 0.0002, LR = 0.000095, No improvement: 20/200
Epoch 304: Train Loss = 0.0002, Val Loss = 0.0001, LR = 0.000095, No improvement: 21/200
Epoch 305: Train Loss = 0.0002, Val Loss = 0.0002, LR = 0.000095, No improvement: 22/200
Epoch 306: Train Loss = 0.0002, Val Loss = 0.0002, LR = 0.000095, No improvement: 23/200
Epoch 307: Train Loss = 0.0002, Val Loss = 0.0004, LR = 0.000095, No improvement: 24/200
Epoch 308: Train Loss = 0.0002, Val Loss = 0.0003, LR = 0.000095, No improvement: 25/200
Epoch 309: Train Loss = 0.0002, Val Loss = 0.0002, LR = 0.000095, No improvement: 26/200
Epoch 310: Train Loss = 0.0002, Val Loss = 0.0002, LR = 0.000095, No improvement: 27/200
Epoch 311: Train Loss = 0.0002, Val Loss = 0.0002, LR = 0.000095, No improvement: 28/200
Epoch 312: Train Loss = 0.0002, Val Loss = 0.0002, LR = 0.000095, No improvement: 29/200
Epoch 313: Train Loss = 0.0002, Val Loss = 0.0003, LR = 0.000095, No improvement: 30/200
Epoch 314: Train Loss = 0.0002, Val Loss = 0.0001, LR = 0.000095, No improvement: 31/200
Epoch 315: Train Loss = 0.0002, Val Loss = 0.0001, LR = 0.000095, No improvement: 32/200
Epoch 316: Train Loss = 0.0002, Val Loss = 0.0002, LR = 0.000095, No improvement: 33/200
Epoch 317: Train Loss = 0.0002, Val Loss = 0.0004, LR = 0.000095, No improvement: 34/200
Epoch 318: Train Loss = 0.0002, Val Loss = 0.0002, LR = 0.000095, No improvement: 35/200
Epoch 319: Train Loss = 0.0002, Val Loss = 0.0002, LR = 0.000095, No improvement: 36/200
Epoch 320: Train Loss = 0.0002, Val Loss = 0.0002, LR = 0.000094, No improvement: 37/200
Epoch 321: Train Loss = 0.0002, Val Loss = 0.0002, LR = 0.000094, No improvement: 38/200
Epoch 322: Train Loss = 0.0002, Val Loss = 0.0005, LR = 0.000094, No improvement: 39/200
Epoch 323: Train Loss = 0.0002, Val Loss = 0.0002, LR = 0.000094, No improvement: 40/200
Epoch 324: Train Loss = 0.0002, Val Loss = 0.0003, LR = 0.000094, No improvement: 41/200
✓ New best model saved: ./models/masked_ssl/combine_unique_MetaboLights_Workbench_Water_EDTA_Suppressed_rowMinMax_v3_20260725_085527_bs32_mr0.20-0.60_ps1024_best.pth
Epoch 325: Train Loss = 0.0002, Val Loss = 0.0001, LR = 0.000094, No improvement: 0/200 ✓ IMPROVED
Epoch 326: Train Loss = 0.0002, Val Loss = 0.0003, LR = 0.000094, No improvement: 1/200
✓ New best model saved: ./models/masked_ssl/combine_unique_MetaboLights_Workbench_Water_EDTA_Suppressed_rowMinMax_v3_20260725_085527_bs32_mr0.20-0.60_ps1024_best.pth
Epoch 327: Train Loss = 0.0002, Val Loss = 0.0001, LR = 0.000094, No improvement: 0/200 ✓ IMPROVED
Epoch 328: Train Loss = 0.0002, Val Loss = 0.0002, LR = 0.000094, No improvement: 1/200
Epoch 329: Train Loss = 0.0002, Val Loss = 0.0002, LR = 0.000094, No improvement: 2/200
Epoch 330: Train Loss = 0.0002, Val Loss = 0.0002, LR = 0.000094, No improvement: 3/200
Epoch 331: Train Loss = 0.0003, Val Loss = 0.0002, LR = 0.000094, No improvement: 4/200
Epoch 332: Train Loss = 0.0002, Val Loss = 0.0002, LR = 0.000094, No improvement: 5/200
Epoch 333: Train Loss = 0.0002, Val Loss = 0.0003, LR = 0.000094, No improvement: 6/200
Epoch 334: Train Loss = 0.0002, Val Loss = 0.0002, LR = 0.000094, No improvement: 7/200
Epoch 335: Train Loss = 0.0002, Val Loss = 0.0002, LR = 0.000094, No improvement: 8/200
Epoch 336: Train Loss = 0.0002, Val Loss = 0.0004, LR = 0.000094, No improvement: 9/200
Epoch 337: Train Loss = 0.0002, Val Loss = 0.0001, LR = 0.000094, No improvement: 10/200
✓ New best model saved: ./models/masked_ssl/combine_unique_MetaboLights_Workbench_Water_EDTA_Suppressed_rowMinMax_v3_20260725_085527_bs32_mr0.20-0.60_ps1024_best.pth
Epoch 338: Train Loss = 0.0002, Val Loss = 0.0001, LR = 0.000094, No improvement: 0/200 ✓ IMPROVED
Epoch 339: Train Loss = 0.0002, Val Loss = 0.0006, LR = 0.000094, No improvement: 1/200
Epoch 340: Train Loss = 0.0002, Val Loss = 0.0005, LR = 0.000094, No improvement: 2/200
Epoch 341: Train Loss = 0.0002, Val Loss = 0.0003, LR = 0.000094, No improvement: 3/200
Epoch 342: Train Loss = 0.0002, Val Loss = 0.0007, LR = 0.000094, No improvement: 4/200
Epoch 343: Train Loss = 0.0002, Val Loss = 0.0002, LR = 0.000094, No improvement: 5/200
Epoch 344: Train Loss = 0.0002, Val Loss = 0.0001, LR = 0.000094, No improvement: 6/200
Epoch 345: Train Loss = 0.0002, Val Loss = 0.0003, LR = 0.000094, No improvement: 7/200
Epoch 346: Train Loss = 0.0002, Val Loss = 0.0001, LR = 0.000094, No improvement: 8/200
Epoch 347: Train Loss = 0.0002, Val Loss = 0.0002, LR = 0.000093, No improvement: 9/200
Epoch 348: Train Loss = 0.0002, Val Loss = 0.0004, LR = 0.000093, No improvement: 10/200
Epoch 349: Train Loss = 0.0002, Val Loss = 0.0004, LR = 0.000093, No improvement: 11/200
Epoch 350: Train Loss = 0.0002, Val Loss = 0.0002, LR = 0.000093, No improvement: 12/200
Epoch 351: Train Loss = 0.0002, Val Loss = 0.0006, LR = 0.000093, No improvement: 13/200
Epoch 352: Train Loss = 0.0002, Val Loss = 0.0002, LR = 0.000093, No improvement: 14/200
Epoch 353: Train Loss = 0.0002, Val Loss = 0.0006, LR = 0.000093, No improvement: 15/200
Epoch 354: Train Loss = 0.0002, Val Loss = 0.0005, LR = 0.000093, No improvement: 16/200
Epoch 355: Train Loss = 0.0002, Val Loss = 0.0002, LR = 0.000093, No improvement: 17/200
Epoch 356: Train Loss = 0.0002, Val Loss = 0.0002, LR = 0.000093, No improvement: 18/200
Epoch 357: Train Loss = 0.0002, Val Loss = 0.0003, LR = 0.000093, No improvement: 19/200
Epoch 358: Train Loss = 0.0002, Val Loss = 0.0004, LR = 0.000093, No improvement: 20/200
Epoch 359: Train Loss = 0.0002, Val Loss = 0.0003, LR = 0.000093, No improvement: 21/200
Epoch 360: Train Loss = 0.0002, Val Loss = 0.0002, LR = 0.000093, No improvement: 22/200
Epoch 361: Train Loss = 0.0002, Val Loss = 0.0004, LR = 0.000093, No improvement: 23/200
Epoch 362: Train Loss = 0.0002, Val Loss = 0.0007, LR = 0.000093, No improvement: 24/200
Epoch 363: Train Loss = 0.0002, Val Loss = 0.0003, LR = 0.000093, No improvement: 25/200
Epoch 364: Train Loss = 0.0002, Val Loss = 0.0002, LR = 0.000093, No improvement: 26/200
Epoch 365: Train Loss = 0.0002, Val Loss = 0.0007, LR = 0.000093, No improvement: 27/200
Epoch 366: Train Loss = 0.0002, Val Loss = 0.0002, LR = 0.000093, No improvement: 28/200
Epoch 367: Train Loss = 0.0002, Val Loss = 0.0002, LR = 0.000093, No improvement: 29/200
Epoch 368: Train Loss = 0.0002, Val Loss = 0.0008, LR = 0.000093, No improvement: 30/200
Epoch 369: Train Loss = 0.0002, Val Loss = 0.0003, LR = 0.000093, No improvement: 31/200
Epoch 370: Train Loss = 0.0002, Val Loss = 0.0002, LR = 0.000093, No improvement: 32/200
Epoch 371: Train Loss = 0.0002, Val Loss = 0.0002, LR = 0.000093, No improvement: 33/200
Epoch 372: Train Loss = 0.0002, Val Loss = 0.0001, LR = 0.000092, No improvement: 34/200
Epoch 373: Train Loss = 0.0002, Val Loss = 0.0001, LR = 0.000092, No improvement: 35/200
Epoch 374: Train Loss = 0.0003, Val Loss = 0.0006, LR = 0.000092, No improvement: 36/200
Epoch 375: Train Loss = 0.0002, Val Loss = 0.0006, LR = 0.000092, No improvement: 37/200
Epoch 376: Train Loss = 0.0002, Val Loss = 0.0002, LR = 0.000092, No improvement: 38/200
Epoch 377: Train Loss = 0.0002, Val Loss = 0.0007, LR = 0.000092, No improvement: 39/200
Epoch 378: Train Loss = 0.0002, Val Loss = 0.0006, LR = 0.000092, No improvement: 40/200
Epoch 379: Train Loss = 0.0002, Val Loss = 0.0002, LR = 0.000092, No improvement: 41/200
Epoch 380: Train Loss = 0.0002, Val Loss = 0.0002, LR = 0.000092, No improvement: 42/200
Epoch 381: Train Loss = 0.0002, Val Loss = 0.0002, LR = 0.000092, No improvement: 43/200
Epoch 382: Train Loss = 0.0002, Val Loss = 0.0002, LR = 0.000092, No improvement: 44/200
Epoch 383: Train Loss = 0.0002, Val Loss = 0.0002, LR = 0.000092, No improvement: 45/200
Epoch 384: Train Loss = 0.0002, Val Loss = 0.0007, LR = 0.000092, No improvement: 46/200
Epoch 385: Train Loss = 0.0002, Val Loss = 0.0005, LR = 0.000092, No improvement: 47/200
Epoch 386: Train Loss = 0.0002, Val Loss = 0.0002, LR = 0.000092, No improvement: 48/200
Epoch 387: Train Loss = 0.0002, Val Loss = 0.0006, LR = 0.000092, No improvement: 49/200
Epoch 388: Train Loss = 0.0002, Val Loss = 0.0007, LR = 0.000092, No improvement: 50/200
Epoch 389: Train Loss = 0.0002, Val Loss = 0.0002, LR = 0.000092, No improvement: 51/200
Epoch 390: Train Loss = 0.0002, Val Loss = 0.0002, LR = 0.000092, No improvement: 52/200
Epoch 391: Train Loss = 0.0002, Val Loss = 0.0004, LR = 0.000092, No improvement: 53/200
Epoch 392: Train Loss = 0.0002, Val Loss = 0.0002, LR = 0.000092, No improvement: 54/200
Epoch 393: Train Loss = 0.0002, Val Loss = 0.0006, LR = 0.000092, No improvement: 55/200
Epoch 394: Train Loss = 0.0002, Val Loss = 0.0004, LR = 0.000092, No improvement: 56/200
Epoch 395: Train Loss = 0.0002, Val Loss = 0.0002, LR = 0.000091, No improvement: 57/200
Epoch 396: Train Loss = 0.0002, Val Loss = 0.0001, LR = 0.000091, No improvement: 58/200
Epoch 397: Train Loss = 0.0002, Val Loss = 0.0007, LR = 0.000091, No improvement: 59/200
Epoch 398: Train Loss = 0.0002, Val Loss = 0.0001, LR = 0.000091, No improvement: 60/200
Epoch 399: Train Loss = 0.0002, Val Loss = 0.0002, LR = 0.000091, No improvement: 61/200
Epoch 400: Train Loss = 0.0002, Val Loss = 0.0002, LR = 0.000091, No improvement: 62/200
Epoch 401: Train Loss = 0.0002, Val Loss = 0.0002, LR = 0.000091, No improvement: 63/200
Epoch 402: Train Loss = 0.0002, Val Loss = 0.0002, LR = 0.000091, No improvement: 64/200
Epoch 403: Train Loss = 0.0002, Val Loss = 0.0004, LR = 0.000091, No improvement: 65/200
Epoch 404: Train Loss = 0.0002, Val Loss = 0.0002, LR = 0.000091, No improvement: 66/200
Epoch 405: Train Loss = 0.0002, Val Loss = 0.0002, LR = 0.000091, No improvement: 67/200
Epoch 406: Train Loss = 0.0002, Val Loss = 0.0003, LR = 0.000091, No improvement: 68/200
Epoch 407: Train Loss = 0.0002, Val Loss = 0.0005, LR = 0.000091, No improvement: 69/200
Epoch 408: Train Loss = 0.0002, Val Loss = 0.0007, LR = 0.000091, No improvement: 70/200
Epoch 409: Train Loss = 0.0002, Val Loss = 0.0002, LR = 0.000091, No improvement: 71/200
Epoch 410: Train Loss = 0.0002, Val Loss = 0.0005, LR = 0.000091, No improvement: 72/200
Epoch 411: Train Loss = 0.0002, Val Loss = 0.0003, LR = 0.000091, No improvement: 73/200
Epoch 412: Train Loss = 0.0002, Val Loss = 0.0003, LR = 0.000091, No improvement: 74/200
Epoch 413: Train Loss = 0.0002, Val Loss = 0.0002, LR = 0.000091, No improvement: 75/200
Epoch 414: Train Loss = 0.0002, Val Loss = 0.0002, LR = 0.000091, No improvement: 76/200
Epoch 415: Train Loss = 0.0002, Val Loss = 0.0007, LR = 0.000091, No improvement: 77/200
Epoch 416: Train Loss = 0.0002, Val Loss = 0.0002, LR = 0.000091, No improvement: 78/200
Epoch 417: Train Loss = 0.0002, Val Loss = 0.0002, LR = 0.000091, No improvement: 79/200
Epoch 418: Train Loss = 0.0002, Val Loss = 0.0002, LR = 0.000090, No improvement: 80/200
Epoch 419: Train Loss = 0.0002, Val Loss = 0.0006, LR = 0.000090, No improvement: 81/200
Epoch 420: Train Loss = 0.0002, Val Loss = 0.0003, LR = 0.000090, No improvement: 82/200
Epoch 421: Train Loss = 0.0002, Val Loss = 0.0004, LR = 0.000090, No improvement: 83/200
Epoch 422: Train Loss = 0.0002, Val Loss = 0.0007, LR = 0.000090, No improvement: 84/200
Epoch 423: Train Loss = 0.0002, Val Loss = 0.0003, LR = 0.000090, No improvement: 85/200
Epoch 424: Train Loss = 0.0002, Val Loss = 0.0008, LR = 0.000090, No improvement: 86/200
Epoch 425: Train Loss = 0.0002, Val Loss = 0.0003, LR = 0.000090, No improvement: 87/200
Epoch 426: Train Loss = 0.0002, Val Loss = 0.0003, LR = 0.000090, No improvement: 88/200
Epoch 427: Train Loss = 0.0002, Val Loss = 0.0003, LR = 0.000090, No improvement: 89/200
Epoch 428: Train Loss = 0.0002, Val Loss = 0.0002, LR = 0.000090, No improvement: 90/200
Epoch 429: Train Loss = 0.0002, Val Loss = 0.0002, LR = 0.000090, No improvement: 91/200
Epoch 430: Train Loss = 0.0002, Val Loss = 0.0002, LR = 0.000090, No improvement: 92/200
Epoch 431: Train Loss = 0.0002, Val Loss = 0.0002, LR = 0.000090, No improvement: 93/200
Epoch 432: Train Loss = 0.0002, Val Loss = 0.0003, LR = 0.000090, No improvement: 94/200
Epoch 433: Train Loss = 0.0002, Val Loss = 0.0002, LR = 0.000090, No improvement: 95/200
Epoch 434: Train Loss = 0.0002, Val Loss = 0.0002, LR = 0.000090, No improvement: 96/200
✓ New best model saved: ./models/masked_ssl/combine_unique_MetaboLights_Workbench_Water_EDTA_Suppressed_rowMinMax_v3_20260725_085527_bs32_mr0.20-0.60_ps1024_best.pth
Epoch 435: Train Loss = 0.0002, Val Loss = 0.0001, LR = 0.000090, No improvement: 0/200 ✓ IMPROVED
Epoch 436: Train Loss = 0.0002, Val Loss = 0.0002, LR = 0.000090, No improvement: 1/200
Epoch 437: Train Loss = 0.0002, Val Loss = 0.0002, LR = 0.000090, No improvement: 2/200
Epoch 438: Train Loss = 0.0002, Val Loss = 0.0003, LR = 0.000090, No improvement: 3/200
Epoch 439: Train Loss = 0.0002, Val Loss = 0.0002, LR = 0.000089, No improvement: 4/200
Epoch 440: Train Loss = 0.0002, Val Loss = 0.0001, LR = 0.000089, No improvement: 5/200
Epoch 441: Train Loss = 0.0002, Val Loss = 0.0003, LR = 0.000089, No improvement: 6/200
Epoch 442: Train Loss = 0.0002, Val Loss = 0.0003, LR = 0.000089, No improvement: 7/200
Epoch 443: Train Loss = 0.0002, Val Loss = 0.0003, LR = 0.000089, No improvement: 8/200
Epoch 444: Train Loss = 0.0002, Val Loss = 0.0003, LR = 0.000089, No improvement: 9/200
Epoch 445: Train Loss = 0.0002, Val Loss = 0.0005, LR = 0.000089, No improvement: 10/200
Epoch 446: Train Loss = 0.0002, Val Loss = 0.0002, LR = 0.000089, No improvement: 11/200
Epoch 447: Train Loss = 0.0002, Val Loss = 0.0005, LR = 0.000089, No improvement: 12/200
Epoch 448: Train Loss = 0.0002, Val Loss = 0.0006, LR = 0.000089, No improvement: 13/200
Epoch 449: Train Loss = 0.0002, Val Loss = 0.0004, LR = 0.000089, No improvement: 14/200
Epoch 450: Train Loss = 0.0002, Val Loss = 0.0002, LR = 0.000089, No improvement: 15/200
Epoch 451: Train Loss = 0.0002, Val Loss = 0.0002, LR = 0.000089, No improvement: 16/200
Epoch 452: Train Loss = 0.0002, Val Loss = 0.0003, LR = 0.000089, No improvement: 17/200
Epoch 453: Train Loss = 0.0002, Val Loss = 0.0002, LR = 0.000089, No improvement: 18/200
Epoch 454: Train Loss = 0.0002, Val Loss = 0.0002, LR = 0.000089, No improvement: 19/200
Epoch 455: Train Loss = 0.0002, Val Loss = 0.0002, LR = 0.000089, No improvement: 20/200
Epoch 456: Train Loss = 0.0002, Val Loss = 0.0002, LR = 0.000089, No improvement: 21/200
Epoch 457: Train Loss = 0.0002, Val Loss = 0.0001, LR = 0.000089, No improvement: 22/200
Epoch 458: Train Loss = 0.0002, Val Loss = 0.0002, LR = 0.000089, No improvement: 23/200
Epoch 459: Train Loss = 0.0002, Val Loss = 0.0001, LR = 0.000088, No improvement: 24/200
Epoch 460: Train Loss = 0.0002, Val Loss = 0.0005, LR = 0.000088, No improvement: 25/200
✓ New best model saved: ./models/masked_ssl/combine_unique_MetaboLights_Workbench_Water_EDTA_Suppressed_rowMinMax_v3_20260725_085527_bs32_mr0.20-0.60_ps1024_best.pth
Epoch 461: Train Loss = 0.0002, Val Loss = 0.0001, LR = 0.000088, No improvement: 0/200 ✓ IMPROVED
Epoch 462: Train Loss = 0.0002, Val Loss = 0.0002, LR = 0.000088, No improvement: 1/200
Epoch 463: Train Loss = 0.0002, Val Loss = 0.0002, LR = 0.000088, No improvement: 2/200
Epoch 464: Train Loss = 0.0002, Val Loss = 0.0002, LR = 0.000088, No improvement: 3/200
Epoch 465: Train Loss = 0.0002, Val Loss = 0.0001, LR = 0.000088, No improvement: 4/200
Epoch 466: Train Loss = 0.0002, Val Loss = 0.0002, LR = 0.000088, No improvement: 5/200
Epoch 467: Train Loss = 0.0002, Val Loss = 0.0001, LR = 0.000088, No improvement: 6/200
Epoch 468: Train Loss = 0.0002, Val Loss = 0.0004, LR = 0.000088, No improvement: 7/200
Epoch 469: Train Loss = 0.0002, Val Loss = 0.0001, LR = 0.000088, No improvement: 8/200
Epoch 470: Train Loss = 0.0002, Val Loss = 0.0001, LR = 0.000088, No improvement: 9/200
Epoch 471: Train Loss = 0.0002, Val Loss = 0.0002, LR = 0.000088, No improvement: 10/200
Epoch 472: Train Loss = 0.0002, Val Loss = 0.0001, LR = 0.000088, No improvement: 11/200
Epoch 473: Train Loss = 0.0002, Val Loss = 0.0002, LR = 0.000088, No improvement: 12/200
Epoch 474: Train Loss = 0.0001, Val Loss = 0.0001, LR = 0.000088, No improvement: 13/200
Epoch 475: Train Loss = 0.0002, Val Loss = 0.0002, LR = 0.000088, No improvement: 14/200
Epoch 476: Train Loss = 0.0002, Val Loss = 0.0002, LR = 0.000088, No improvement: 15/200
Epoch 477: Train Loss = 0.0002, Val Loss = 0.0004, LR = 0.000088, No improvement: 16/200
Epoch 478: Train Loss = 0.0002, Val Loss = 0.0004, LR = 0.000087, No improvement: 17/200
Epoch 479: Train Loss = 0.0002, Val Loss = 0.0005, LR = 0.000087, No improvement: 18/200
Epoch 480: Train Loss = 0.0002, Val Loss = 0.0001, LR = 0.000087, No improvement: 19/200
Epoch 481: Train Loss = 0.0002, Val Loss = 0.0002, LR = 0.000087, No improvement: 20/200
Epoch 482: Train Loss = 0.0002, Val Loss = 0.0002, LR = 0.000087, No improvement: 21/200
Epoch 483: Train Loss = 0.0002, Val Loss = 0.0001, LR = 0.000087, No improvement: 22/200
Epoch 484: Train Loss = 0.0002, Val Loss = 0.0003, LR = 0.000087, No improvement: 23/200
Epoch 485: Train Loss = 0.0002, Val Loss = 0.0002, LR = 0.000087, No improvement: 24/200
Epoch 486: Train Loss = 0.0002, Val Loss = 0.0002, LR = 0.000087, No improvement: 25/200
Epoch 487: Train Loss = 0.0002, Val Loss = 0.0001, LR = 0.000087, No improvement: 26/200
Epoch 488: Train Loss = 0.0001, Val Loss = 0.0002, LR = 0.000087, No improvement: 27/200
Epoch 489: Train Loss = 0.0002, Val Loss = 0.0001, LR = 0.000087, No improvement: 28/200
Epoch 490: Train Loss = 0.0002, Val Loss = 0.0002, LR = 0.000087, No improvement: 29/200
Epoch 491: Train Loss = 0.0002, Val Loss = 0.0002, LR = 0.000087, No improvement: 30/200
Epoch 492: Train Loss = 0.0002, Val Loss = 0.0005, LR = 0.000087, No improvement: 31/200
Epoch 493: Train Loss = 0.0002, Val Loss = 0.0002, LR = 0.000087, No improvement: 32/200
Epoch 494: Train Loss = 0.0002, Val Loss = 0.0006, LR = 0.000087, No improvement: 33/200
Epoch 495: Train Loss = 0.0002, Val Loss = 0.0002, LR = 0.000087, No improvement: 34/200
Epoch 496: Train Loss = 0.0002, Val Loss = 0.0006, LR = 0.000087, No improvement: 35/200
Epoch 497: Train Loss = 0.0002, Val Loss = 0.0003, LR = 0.000086, No improvement: 36/200
Epoch 498: Train Loss = 0.0001, Val Loss = 0.0002, LR = 0.000086, No improvement: 37/200
Epoch 499: Train Loss = 0.0002, Val Loss = 0.0006, LR = 0.000086, No improvement: 38/200
Epoch 500: Train Loss = 0.0002, Val Loss = 0.0002, LR = 0.000086, No improvement: 39/200
Epoch 501: Train Loss = 0.0002, Val Loss = 0.0002, LR = 0.000086, No improvement: 40/200
Epoch 502: Train Loss = 0.0002, Val Loss = 0.0002, LR = 0.000086, No improvement: 41/200
Epoch 503: Train Loss = 0.0001, Val Loss = 0.0002, LR = 0.000086, No improvement: 42/200
Epoch 504: Train Loss = 0.0002, Val Loss = 0.0002, LR = 0.000086, No improvement: 43/200
Epoch 505: Train Loss = 0.0002, Val Loss = 0.0004, LR = 0.000086, No improvement: 44/200
Epoch 506: Train Loss = 0.0002, Val Loss = 0.0002, LR = 0.000086, No improvement: 45/200
Epoch 507: Train Loss = 0.0002, Val Loss = 0.0001, LR = 0.000086, No improvement: 46/200
Epoch 508: Train Loss = 0.0002, Val Loss = 0.0003, LR = 0.000086, No improvement: 47/200
Epoch 509: Train Loss = 0.0002, Val Loss = 0.0003, LR = 0.000086, No improvement: 48/200
Epoch 510: Train Loss = 0.0002, Val Loss = 0.0002, LR = 0.000086, No improvement: 49/200
Epoch 511: Train Loss = 0.0002, Val Loss = 0.0007, LR = 0.000086, No improvement: 50/200
Epoch 512: Train Loss = 0.0002, Val Loss = 0.0002, LR = 0.000086, No improvement: 51/200
Epoch 513: Train Loss = 0.0002, Val Loss = 0.0002, LR = 0.000086, No improvement: 52/200
Epoch 514: Train Loss = 0.0001, Val Loss = 0.0002, LR = 0.000086, No improvement: 53/200
Epoch 515: Train Loss = 0.0002, Val Loss = 0.0001, LR = 0.000086, No improvement: 54/200
Epoch 516: Train Loss = 0.0002, Val Loss = 0.0002, LR = 0.000085, No improvement: 55/200
Epoch 517: Train Loss = 0.0002, Val Loss = 0.0002, LR = 0.000085, No improvement: 56/200
Epoch 518: Train Loss = 0.0002, Val Loss = 0.0002, LR = 0.000085, No improvement: 57/200
Epoch 519: Train Loss = 0.0001, Val Loss = 0.0006, LR = 0.000085, No improvement: 58/200
Epoch 520: Train Loss = 0.0002, Val Loss = 0.0001, LR = 0.000085, No improvement: 59/200
Epoch 521: Train Loss = 0.0001, Val Loss = 0.0006, LR = 0.000085, No improvement: 60/200
Epoch 522: Train Loss = 0.0002, Val Loss = 0.0002, LR = 0.000085, No improvement: 61/200
Epoch 523: Train Loss = 0.0002, Val Loss = 0.0002, LR = 0.000085, No improvement: 62/200
Epoch 524: Train Loss = 0.0002, Val Loss = 0.0002, LR = 0.000085, No improvement: 63/200
Epoch 525: Train Loss = 0.0001, Val Loss = 0.0004, LR = 0.000085, No improvement: 64/200
Epoch 526: Train Loss = 0.0001, Val Loss = 0.0001, LR = 0.000085, No improvement: 65/200
Epoch 527: Train Loss = 0.0001, Val Loss = 0.0001, LR = 0.000085, No improvement: 66/200
Epoch 528: Train Loss = 0.0002, Val Loss = 0.0003, LR = 0.000085, No improvement: 67/200
Epoch 529: Train Loss = 0.0002, Val Loss = 0.0003, LR = 0.000085, No improvement: 68/200
Epoch 530: Train Loss = 0.0001, Val Loss = 0.0001, LR = 0.000085, No improvement: 69/200
